     VMA      LMA     Size Align Out     In      Symbol
       0        0 80200000     1 . = 0x80200000
80200000 80200000      3b8     4 .text
80200000 80200000       10     4         /Users/sasamoto-ryoki/ghq/github.com/Sas-ry/SasaOS/target/riscv32i-unknown-none-elf/debug/deps/SasaOS-34c841ed3cb70076.5j4qxlvfeikpuygizaka2381q.rcgu.o:(.text.boot)
80200000 80200000        0     1                 
80200000 80200000        0     1                 
80200000 80200000        0     1                 .Lpcrel_hi0
80200000 80200000        0     1                 $x.1
80200000 80200000        0     1                 
80200000 80200000       10     1                 boot
80200010 80200010        0     1                 
80200010 80200010       4c     4         /Users/sasamoto-ryoki/ghq/github.com/Sas-ry/SasaOS/target/riscv32i-unknown-none-elf/debug/deps/SasaOS-34c841ed3cb70076.11ceccbw6rlg5d9msb59tu06p.rcgu.o:(.text._ZN47_$LT$u32$u20$as$u20$core..iter..range..Step$GT$17forward_unchecked17hd818bb7653524cdbE)
80200010 80200010        0     1                 
80200010 80200010        0     1                 
80200010 80200010        0     1                 $x.0
80200010 80200010        0     1                 
80200010 80200010       4c     1                 _$LT$u32$u20$as$u20$core..iter..range..Step$GT$::forward_unchecked::hd818bb7653524cdb
80200028 80200028        0     1                 
8020002c 8020002c        0     1                 
8020002c 8020002c        0     1                 
80200030 80200030        0     1                 
80200038 80200038        0     1                 
80200044 80200044        0     1                 
8020004c 8020004c        0     1                 
80200054 80200054        0     1                 
8020005c 8020005c        0     1                 
8020005c 8020005c       4c     4         /Users/sasamoto-ryoki/ghq/github.com/Sas-ry/SasaOS/target/riscv32i-unknown-none-elf/debug/deps/SasaOS-34c841ed3cb70076.1r2v4dbhx0x7ocimrbj4ss8oh.rcgu.o:(.text._ZN4core3num21_$LT$impl$u20$u32$GT$13unchecked_add18precondition_check17h4589c97ce44c14a5E)
8020005c 8020005c        0     1                 
8020005c 8020005c        0     1                 
8020005c 8020005c        0     1                 $x.0
8020005c 8020005c        0     1                 
8020005c 8020005c       4c     1                 core::num::_$LT$impl$u20$u32$GT$::unchecked_add::precondition_check::h4589c97ce44c14a5
80200074 80200074        0     1                 
80200074 80200074        0     1                 
8020007c 8020007c        0     1                 
80200080 80200080        0     1                 
80200084 80200084        0     1                 
8020008c 8020008c        0     1                 
80200094 80200094        0     1                 
802000a8 802000a8        0     1                 
802000a8 802000a8        0     1                 
802000a8 802000a8        0     1                 
802000a8 802000a8       a0     4         /Users/sasamoto-ryoki/ghq/github.com/Sas-ry/SasaOS/target/riscv32i-unknown-none-elf/debug/deps/SasaOS-34c841ed3cb70076.5j4qxlvfeikpuygizaka2381q.rcgu.o:(.text.memset)
802000a8 802000a8        0     1                 
802000a8 802000a8        0     1                 
802000a8 802000a8        0     1                 $x.0
802000a8 802000a8        0     1                 
802000a8 802000a8       a0     1                 memset
802000d4 802000d4        0     1                 
802000dc 802000dc        0     1                 
802000dc 802000dc        0     1                 
802000ec 802000ec        0     1                 
802000ec 802000ec        0     1                 
802000f0 802000f0        0     1                 
802000f4 802000f4        0     1                 
80200110 80200110        0     1                 
80200110 80200110        0     1                 
80200118 80200118        0     1                 
80200120 80200120        0     1                 
80200124 80200124        0     1                 
80200124 80200124        0     1                 
8020012c 8020012c        0     1                 
8020013c 8020013c        0     1                 
8020013c 8020013c        0     1                 
80200140 80200140        0     1                 
80200144 80200144        0     1                 
80200148 80200148        0     1                 
80200148 80200148        0     1                 
80200148 80200148        0     1                 
80200148 80200148        0     1                 
80200148 80200148       58     4         /Users/sasamoto-ryoki/ghq/github.com/Sas-ry/SasaOS/target/riscv32i-unknown-none-elf/debug/deps/SasaOS-34c841ed3cb70076.5j4qxlvfeikpuygizaka2381q.rcgu.o:(.text.kernel_main)
80200148 80200148        0     1                 
80200148 80200148        0     1                 
80200148 80200148        0     1                 $x.2
80200148 80200148        0     1                 
80200148 80200148       58     1                 kernel_main
80200150 80200150        0     1                 
80200168 80200168        0     1                 
8020018c 8020018c        0     1                 
8020019c 8020019c        0     1                 
802001a0 802001a0        0     1                 
802001a0 802001a0        0     1                 
802001a0 802001a0        0     1                 
802001a0 802001a0       10     4         /Users/sasamoto-ryoki/ghq/github.com/Sas-ry/SasaOS/target/riscv32i-unknown-none-elf/debug/deps/SasaOS-34c841ed3cb70076.5j4qxlvfeikpuygizaka2381q.rcgu.o:(.text.rust_begin_unwind)
802001a0 802001a0        0     1                 
802001a0 802001a0        0     1                 
802001a0 802001a0        0     1                 $x.3
802001a0 802001a0        0     1                 
802001a0 802001a0       10     1                 rust_begin_unwind
802001a8 802001a8        0     1                 
802001b0 802001b0        0     1                 
802001b0 802001b0       20     4         /Users/sasamoto-ryoki/ghq/github.com/Sas-ry/SasaOS/target/riscv32i-unknown-none-elf/debug/deps/SasaOS-34c841ed3cb70076.68034wd2t9me5q1hidc0q1ofw.rcgu.o:(.text._ZN4core4iter5range101_$LT$impl$u20$core..iter..traits..iterator..Iterator$u20$for$u20$core..ops..range..Range$LT$A$GT$$GT$4next17h7d4a8476d866f761E)
802001b0 802001b0        0     1                 
802001b0 802001b0        0     1                 
802001b0 802001b0        0     1                 $x.0
802001b0 802001b0        0     1                 
802001b0 802001b0       20     1                 core::iter::range::_$LT$impl$u20$core..iter..traits..iterator..Iterator$u20$for$u20$core..ops..range..Range$LT$A$GT$$GT$::next::h7d4a8476d866f761
802001bc 802001bc        0     1                 
802001c8 802001c8        0     1                 
802001d0 802001d0        0     1                 
802001d0 802001d0       14     4         /Users/sasamoto-ryoki/ghq/github.com/Sas-ry/SasaOS/target/riscv32i-unknown-none-elf/debug/deps/SasaOS-34c841ed3cb70076.68034wd2t9me5q1hidc0q1ofw.rcgu.o:(.text._ZN63_$LT$I$u20$as$u20$core..iter..traits..collect..IntoIterator$GT$9into_iter17h1a34a02a49e7ab21E)
802001d0 802001d0        0     1                 
802001d0 802001d0        0     1                 
802001d0 802001d0        0     1                 $x.1
802001d0 802001d0        0     1                 
802001d0 802001d0       14     1                 _$LT$I$u20$as$u20$core..iter..traits..collect..IntoIterator$GT$::into_iter::h1a34a02a49e7ab21
802001dc 802001dc        0     1                 
802001e4 802001e4        0     1                 
802001e4 802001e4       90     4         /Users/sasamoto-ryoki/ghq/github.com/Sas-ry/SasaOS/target/riscv32i-unknown-none-elf/debug/deps/SasaOS-34c841ed3cb70076.68034wd2t9me5q1hidc0q1ofw.rcgu.o:(.text._ZN89_$LT$core..ops..range..Range$LT$T$GT$$u20$as$u20$core..iter..range..RangeIteratorImpl$GT$9spec_next17hd245a89e5f91b849E)
802001e4 802001e4       90     1                 _$LT$core..ops..range..Range$LT$T$GT$$u20$as$u20$core..iter..range..RangeIteratorImpl$GT$::spec_next::hd245a89e5f91b849
802001e4 802001e4        0     1                 
802001e4 802001e4        0     1                 
802001e4 802001e4        0     1                 $x.2
802001e4 802001e4        0     1                 
802001f8 802001f8        0     1                 
80200204 80200204        0     1                 
80200204 80200204        0     1                 
80200208 80200208        0     1                 
8020020c 8020020c        0     1                 
80200214 80200214        0     1                 
80200218 80200218        0     1                 
8020021c 8020021c        0     1                 
80200220 80200220        0     1                 
80200224 80200224        0     1                 
80200238 80200238        0     1                 
80200238 80200238        0     1                 
80200250 80200250        0     1                 
80200254 80200254        0     1                 
8020025c 8020025c        0     1                 
80200260 80200260        0     1                 
8020026c 8020026c        0     1                 
80200274 80200274        0     1                 
80200274 80200274        0     1                 
80200274 80200274        0     1                 
80200274 80200274       58     4         /Users/sasamoto-ryoki/.rustup/toolchains/nightly-aarch64-apple-darwin/lib/rustlib/riscv32i-unknown-none-elf/lib/libcore-b0319b1b7638df89.rlib(core-b0319b1b7638df89.core.88d4898e818435ef-cgu.0.rcgu.o):(.text.unlikely._ZN4core9panicking9panic_fmt17h542062ef8a4063c2E)
80200274 80200274        0     1                 
80200274 80200274        0     1                 
80200274 80200274        0     1                 $x.137
80200274 80200274        0     1                 
80200274 80200274       58     1                 core::panicking::panic_fmt::h542062ef8a4063c2
80200284 80200284        0     1                 
80200284 80200284        0     1                 
802002c0 802002c0        0     1                 
802002cc 802002cc        0     1                 
802002cc 802002cc       58     4         /Users/sasamoto-ryoki/.rustup/toolchains/nightly-aarch64-apple-darwin/lib/rustlib/riscv32i-unknown-none-elf/lib/libcore-b0319b1b7638df89.rlib(core-b0319b1b7638df89.core.88d4898e818435ef-cgu.0.rcgu.o):(.text.unlikely._ZN4core9panicking18panic_nounwind_fmt17h974abb096235b6c3E)
802002cc 802002cc        0     1                 
802002cc 802002cc        0     1                 
802002cc 802002cc        0     1                 $x.138
802002cc 802002cc        0     1                 
802002cc 802002cc       58     1                 core::panicking::panic_nounwind_fmt::h974abb096235b6c3
802002dc 802002dc        0     1                 
802002dc 802002dc        0     1                 
80200318 80200318        0     1                 
80200324 80200324        0     1                 
80200324 80200324       50     4         /Users/sasamoto-ryoki/.rustup/toolchains/nightly-aarch64-apple-darwin/lib/rustlib/riscv32i-unknown-none-elf/lib/libcore-b0319b1b7638df89.rlib(core-b0319b1b7638df89.core.88d4898e818435ef-cgu.0.rcgu.o):(.text.unlikely._ZN4core9panicking14panic_nounwind17h7679dbf80587a53eE)
80200324 80200324        0     1                 
80200324 80200324        0     1                 
80200324 80200324        0     1                 $x.140
80200324 80200324        0     1                 
80200324 80200324       50     1                 core::panicking::panic_nounwind::h7679dbf80587a53e
80200334 80200334        0     1                 
80200340 80200340        0     1                 
80200340 80200340        0     1                 
8020035c 8020035c        0     1                 
80200374 80200374        0     1                 
80200374 80200374       44     4         /Users/sasamoto-ryoki/.rustup/toolchains/nightly-aarch64-apple-darwin/lib/rustlib/riscv32i-unknown-none-elf/lib/libcore-b0319b1b7638df89.rlib(core-b0319b1b7638df89.core.88d4898e818435ef-cgu.0.rcgu.o):(.text.unlikely._ZN4core9panicking11panic_const24panic_const_sub_overflow17hf56024c781dd488dE)
80200374 80200374        0     1                 
80200374 80200374        0     1                 
80200374 80200374        0     1                 $x.371
80200374 80200374        0     1                 
80200374 80200374       44     1                 core::panicking::panic_const::panic_const_sub_overflow::hf56024c781dd488d
80200388 80200388        0     1                 
80200388 80200388        0     1                 
802003ac 802003ac        0     1                 
802003b8 802003b8        0     1                 
802003b8 802003b8       bc     4 .rodata
802003b8 802003b8       43     1         /Users/sasamoto-ryoki/ghq/github.com/Sas-ry/SasaOS/target/riscv32i-unknown-none-elf/debug/deps/SasaOS-34c841ed3cb70076.1r2v4dbhx0x7ocimrbj4ss8oh.rcgu.o:(.rodata..L__unnamed_1)
802003b8 802003b8       43     1                 .L__unnamed_1
802003b8 802003b8        0     1                 $d.1
802003fb 802003fb        b     1         /Users/sasamoto-ryoki/ghq/github.com/Sas-ry/SasaOS/target/riscv32i-unknown-none-elf/debug/deps/SasaOS-34c841ed3cb70076.5j4qxlvfeikpuygizaka2381q.rcgu.o:(.rodata..L__unnamed_2)
802003fb 802003fb        b     1                 .L__unnamed_2
802003fb 802003fb        0     1                 $d.4
80200408 80200408       10     4         /Users/sasamoto-ryoki/ghq/github.com/Sas-ry/SasaOS/target/riscv32i-unknown-none-elf/debug/deps/SasaOS-34c841ed3cb70076.5j4qxlvfeikpuygizaka2381q.rcgu.o:(.rodata..L__unnamed_1)
80200408 80200408       10     1                 .L__unnamed_1
80200408 80200408        0     1                 $d.5
80200418 80200418       21     1         /Users/sasamoto-ryoki/.rustup/toolchains/nightly-aarch64-apple-darwin/lib/rustlib/riscv32i-unknown-none-elf/lib/libcore-b0319b1b7638df89.rlib(core-b0319b1b7638df89.core.88d4898e818435ef-cgu.0.rcgu.o):(.rodata..Lanon.9273c53533951ee827fedcc02bff5ea7.148)
80200418 80200418       21     1                 .Lanon.9273c53533951ee827fedcc02bff5ea7.148
80200418 80200418        0     1                 $d.638
8020043c 8020043c        8     4         /Users/sasamoto-ryoki/.rustup/toolchains/nightly-aarch64-apple-darwin/lib/rustlib/riscv32i-unknown-none-elf/lib/libcore-b0319b1b7638df89.rlib(core-b0319b1b7638df89.core.88d4898e818435ef-cgu.0.rcgu.o):(.rodata..Lanon.9273c53533951ee827fedcc02bff5ea7.149)
8020043c 8020043c        8     1                 .Lanon.9273c53533951ee827fedcc02bff5ea7.149
8020043c 8020043c        0     1                 $d.639
80200444 80200444       1d     1         /Users/sasamoto-ryoki/.rustup/toolchains/nightly-aarch64-apple-darwin/lib/rustlib/riscv32i-unknown-none-elf/lib/libcore-b0319b1b7638df89.rlib(core-b0319b1b7638df89.core.88d4898e818435ef-cgu.0.rcgu.o):(.rodata..Lanon.9273c53533951ee827fedcc02bff5ea7.256)
80200444 80200444       1d     1                 .Lanon.9273c53533951ee827fedcc02bff5ea7.256
80200444 80200444        0     1                 $d.743
80200464 80200464       10     4         /Users/sasamoto-ryoki/.rustup/toolchains/nightly-aarch64-apple-darwin/lib/rustlib/riscv32i-unknown-none-elf/lib/libcore-b0319b1b7638df89.rlib(core-b0319b1b7638df89.core.88d4898e818435ef-cgu.0.rcgu.o):(.rodata..Lanon.9273c53533951ee827fedcc02bff5ea7.257)
80200464 80200464       10     1                 .Lanon.9273c53533951ee827fedcc02bff5ea7.257
80200464 80200464        0     1                 $d.744
80200474 80200474       98     4 .eh_frame
80200474 80200474       14     1         /Users/sasamoto-ryoki/.rustup/toolchains/nightly-aarch64-apple-darwin/lib/rustlib/riscv32i-unknown-none-elf/lib/libcore-b0319b1b7638df89.rlib(core-b0319b1b7638df89.core.88d4898e818435ef-cgu.0.rcgu.o):(.eh_frame+0x0)
80200488 80200488       40     1         /Users/sasamoto-ryoki/.rustup/toolchains/nightly-aarch64-apple-darwin/lib/rustlib/riscv32i-unknown-none-elf/lib/libcore-b0319b1b7638df89.rlib(core-b0319b1b7638df89.core.88d4898e818435ef-cgu.0.rcgu.o):(.eh_frame+0x12b4)
802004c8 802004c8       20     1         /Users/sasamoto-ryoki/.rustup/toolchains/nightly-aarch64-apple-darwin/lib/rustlib/riscv32i-unknown-none-elf/lib/libcore-b0319b1b7638df89.rlib(core-b0319b1b7638df89.core.88d4898e818435ef-cgu.0.rcgu.o):(.eh_frame+0x1314)
802004e8 802004e8       20     1         /Users/sasamoto-ryoki/.rustup/toolchains/nightly-aarch64-apple-darwin/lib/rustlib/riscv32i-unknown-none-elf/lib/libcore-b0319b1b7638df89.rlib(core-b0319b1b7638df89.core.88d4898e818435ef-cgu.0.rcgu.o):(.eh_frame+0x3554)
8020050c 8020050c        0     4 .bss
8020050c 8020050c        0     1         __bss = .
8020050c 8020050c        0     1         __bss_end = .
8020050c 8020050c        0     1 . = ALIGN ( 4 )
8020050c 8020050c    20000     1 . += 128 * 1024
8022050c 8022050c        0     1 __stack_top = .
       0        0     16a6     1 .debug_abbrev
       0        0       90     1         /Users/sasamoto-ryoki/ghq/github.com/Sas-ry/SasaOS/target/riscv32i-unknown-none-elf/debug/deps/SasaOS-34c841ed3cb70076.11ceccbw6rlg5d9msb59tu06p.rcgu.o:(.debug_abbrev)
       0        0        0     1                 $d.1
      90       90       b5     1         /Users/sasamoto-ryoki/ghq/github.com/Sas-ry/SasaOS/target/riscv32i-unknown-none-elf/debug/deps/SasaOS-34c841ed3cb70076.1r2v4dbhx0x7ocimrbj4ss8oh.rcgu.o:(.debug_abbrev)
      90       90        0     1                 $d.2
     145      145      1ab     1         /Users/sasamoto-ryoki/ghq/github.com/Sas-ry/SasaOS/target/riscv32i-unknown-none-elf/debug/deps/SasaOS-34c841ed3cb70076.5j4qxlvfeikpuygizaka2381q.rcgu.o:(.debug_abbrev)
     145      145        0     1                 $d.6
     2f0      2f0       f6     1         /Users/sasamoto-ryoki/ghq/github.com/Sas-ry/SasaOS/target/riscv32i-unknown-none-elf/debug/deps/SasaOS-34c841ed3cb70076.68034wd2t9me5q1hidc0q1ofw.rcgu.o:(.debug_abbrev)
     2f0      2f0        0     1                 $d.3
     3e6      3e6      278     1         /Users/sasamoto-ryoki/.rustup/toolchains/nightly-aarch64-apple-darwin/lib/rustlib/riscv32i-unknown-none-elf/lib/libcore-b0319b1b7638df89.rlib(core-b0319b1b7638df89.core.88d4898e818435ef-cgu.0.rcgu.o):(.debug_abbrev)
     3e6      3e6        0     1                 $d.989
     65e      65e       4e     1         /Users/sasamoto-ryoki/.rustup/toolchains/nightly-aarch64-apple-darwin/lib/rustlib/riscv32i-unknown-none-elf/lib/libcompiler_builtins-719b0b9267b94cfc.rlib(compiler_builtins-719b0b9267b94cfc.compiler_builtins.62963b759c900435-cgu.080.rcgu.o):(.debug_abbrev)
     65e      65e        0     1                 $d.3
     6ac      6ac       4e     1         /Users/sasamoto-ryoki/.rustup/toolchains/nightly-aarch64-apple-darwin/lib/rustlib/riscv32i-unknown-none-elf/lib/libcompiler_builtins-719b0b9267b94cfc.rlib(compiler_builtins-719b0b9267b94cfc.compiler_builtins.62963b759c900435-cgu.081.rcgu.o):(.debug_abbrev)
     6ac      6ac        0     1                 $d.3
     6fa      6fa       5f     1         /Users/sasamoto-ryoki/.rustup/toolchains/nightly-aarch64-apple-darwin/lib/rustlib/riscv32i-unknown-none-elf/lib/libcompiler_builtins-719b0b9267b94cfc.rlib(compiler_builtins-719b0b9267b94cfc.compiler_builtins.62963b759c900435-cgu.108.rcgu.o):(.debug_abbrev)
     6fa      6fa        0     1                 $d.3
     759      759       ae     1         /Users/sasamoto-ryoki/.rustup/toolchains/nightly-aarch64-apple-darwin/lib/rustlib/riscv32i-unknown-none-elf/lib/libcompiler_builtins-719b0b9267b94cfc.rlib(compiler_builtins-719b0b9267b94cfc.compiler_builtins.62963b759c900435-cgu.001.rcgu.o):(.debug_abbrev)
     759      759        0     1                 $d.5
     807      807       aa     1         /Users/sasamoto-ryoki/.rustup/toolchains/nightly-aarch64-apple-darwin/lib/rustlib/riscv32i-unknown-none-elf/lib/libcompiler_builtins-719b0b9267b94cfc.rlib(compiler_builtins-719b0b9267b94cfc.compiler_builtins.62963b759c900435-cgu.117.rcgu.o):(.debug_abbrev)
     807      807        0     1                 $d.3
     8b1      8b1       5f     1         /Users/sasamoto-ryoki/.rustup/toolchains/nightly-aarch64-apple-darwin/lib/rustlib/riscv32i-unknown-none-elf/lib/libcompiler_builtins-719b0b9267b94cfc.rlib(compiler_builtins-719b0b9267b94cfc.compiler_builtins.62963b759c900435-cgu.125.rcgu.o):(.debug_abbrev)
     8b1      8b1        0     1                 $d.3
     910      910       2e     1         /Users/sasamoto-ryoki/.rustup/toolchains/nightly-aarch64-apple-darwin/lib/rustlib/riscv32i-unknown-none-elf/lib/libcompiler_builtins-719b0b9267b94cfc.rlib(compiler_builtins-719b0b9267b94cfc.compiler_builtins.62963b759c900435-cgu.136.rcgu.o):(.debug_abbrev)
     910      910        0     1                 $d.3
     93e      93e       ff     1         /Users/sasamoto-ryoki/.rustup/toolchains/nightly-aarch64-apple-darwin/lib/rustlib/riscv32i-unknown-none-elf/lib/libcompiler_builtins-719b0b9267b94cfc.rlib(compiler_builtins-719b0b9267b94cfc.compiler_builtins.62963b759c900435-cgu.006.rcgu.o):(.debug_abbrev)
     93e      93e        0     1                 $d.4
     a3d      a3d       aa     1         /Users/sasamoto-ryoki/.rustup/toolchains/nightly-aarch64-apple-darwin/lib/rustlib/riscv32i-unknown-none-elf/lib/libcompiler_builtins-719b0b9267b94cfc.rlib(compiler_builtins-719b0b9267b94cfc.compiler_builtins.62963b759c900435-cgu.138.rcgu.o):(.debug_abbrev)
     a3d      a3d        0     1                 $d.3
     ae7      ae7       aa     1         /Users/sasamoto-ryoki/.rustup/toolchains/nightly-aarch64-apple-darwin/lib/rustlib/riscv32i-unknown-none-elf/lib/libcompiler_builtins-719b0b9267b94cfc.rlib(compiler_builtins-719b0b9267b94cfc.compiler_builtins.62963b759c900435-cgu.139.rcgu.o):(.debug_abbrev)
     ae7      ae7        0     1                 $d.3
     b91      b91       9f     1         /Users/sasamoto-ryoki/.rustup/toolchains/nightly-aarch64-apple-darwin/lib/rustlib/riscv32i-unknown-none-elf/lib/libcompiler_builtins-719b0b9267b94cfc.rlib(compiler_builtins-719b0b9267b94cfc.compiler_builtins.62963b759c900435-cgu.141.rcgu.o):(.debug_abbrev)
     b91      b91        0     1                 $d.3
     c30      c30       9b     1         /Users/sasamoto-ryoki/.rustup/toolchains/nightly-aarch64-apple-darwin/lib/rustlib/riscv32i-unknown-none-elf/lib/libcompiler_builtins-719b0b9267b94cfc.rlib(compiler_builtins-719b0b9267b94cfc.compiler_builtins.62963b759c900435-cgu.164.rcgu.o):(.debug_abbrev)
     c30      c30        0     1                 $d.3
     ccb      ccb       2e     1         /Users/sasamoto-ryoki/.rustup/toolchains/nightly-aarch64-apple-darwin/lib/rustlib/riscv32i-unknown-none-elf/lib/libcompiler_builtins-719b0b9267b94cfc.rlib(compiler_builtins-719b0b9267b94cfc.compiler_builtins.62963b759c900435-cgu.165.rcgu.o):(.debug_abbrev)
     ccb      ccb        0     1                 $d.3
     cf9      cf9      14c     1         /Users/sasamoto-ryoki/.rustup/toolchains/nightly-aarch64-apple-darwin/lib/rustlib/riscv32i-unknown-none-elf/lib/libcompiler_builtins-719b0b9267b94cfc.rlib(compiler_builtins-719b0b9267b94cfc.compiler_builtins.62963b759c900435-cgu.002.rcgu.o):(.debug_abbrev)
     cf9      cf9        0     1                 $d.4
     e45      e45       2e     1         /Users/sasamoto-ryoki/.rustup/toolchains/nightly-aarch64-apple-darwin/lib/rustlib/riscv32i-unknown-none-elf/lib/libcompiler_builtins-719b0b9267b94cfc.rlib(compiler_builtins-719b0b9267b94cfc.compiler_builtins.62963b759c900435-cgu.168.rcgu.o):(.debug_abbrev)
     e45      e45        0     1                 $d.3
     e73      e73       d4     1         /Users/sasamoto-ryoki/.rustup/toolchains/nightly-aarch64-apple-darwin/lib/rustlib/riscv32i-unknown-none-elf/lib/libcompiler_builtins-719b0b9267b94cfc.rlib(compiler_builtins-719b0b9267b94cfc.compiler_builtins.62963b759c900435-cgu.008.rcgu.o):(.debug_abbrev)
     e73      e73        0     1                 $d.17
     f47      f47       aa     1         /Users/sasamoto-ryoki/.rustup/toolchains/nightly-aarch64-apple-darwin/lib/rustlib/riscv32i-unknown-none-elf/lib/libcompiler_builtins-719b0b9267b94cfc.rlib(compiler_builtins-719b0b9267b94cfc.compiler_builtins.62963b759c900435-cgu.171.rcgu.o):(.debug_abbrev)
     f47      f47        0     1                 $d.3
     ff1      ff1       5f     1         /Users/sasamoto-ryoki/.rustup/toolchains/nightly-aarch64-apple-darwin/lib/rustlib/riscv32i-unknown-none-elf/lib/libcompiler_builtins-719b0b9267b94cfc.rlib(compiler_builtins-719b0b9267b94cfc.compiler_builtins.62963b759c900435-cgu.177.rcgu.o):(.debug_abbrev)
     ff1      ff1        0     1                 $d.3
    1050     1050       ae     1         /Users/sasamoto-ryoki/.rustup/toolchains/nightly-aarch64-apple-darwin/lib/rustlib/riscv32i-unknown-none-elf/lib/libcompiler_builtins-719b0b9267b94cfc.rlib(compiler_builtins-719b0b9267b94cfc.compiler_builtins.62963b759c900435-cgu.182.rcgu.o):(.debug_abbrev)
    1050     1050        0     1                 $d.3
    10fe     10fe       5f     1         /Users/sasamoto-ryoki/.rustup/toolchains/nightly-aarch64-apple-darwin/lib/rustlib/riscv32i-unknown-none-elf/lib/libcompiler_builtins-719b0b9267b94cfc.rlib(compiler_builtins-719b0b9267b94cfc.compiler_builtins.62963b759c900435-cgu.189.rcgu.o):(.debug_abbrev)
    10fe     10fe        0     1                 $d.3
    115d     115d       70     1         /Users/sasamoto-ryoki/.rustup/toolchains/nightly-aarch64-apple-darwin/lib/rustlib/riscv32i-unknown-none-elf/lib/libcompiler_builtins-719b0b9267b94cfc.rlib(compiler_builtins-719b0b9267b94cfc.compiler_builtins.62963b759c900435-cgu.199.rcgu.o):(.debug_abbrev)
    115d     115d        0     1                 $d.3
    11cd     11cd       bd     1         /Users/sasamoto-ryoki/.rustup/toolchains/nightly-aarch64-apple-darwin/lib/rustlib/riscv32i-unknown-none-elf/lib/libcompiler_builtins-719b0b9267b94cfc.rlib(compiler_builtins-719b0b9267b94cfc.compiler_builtins.62963b759c900435-cgu.203.rcgu.o):(.debug_abbrev)
    11cd     11cd        0     1                 $d.3
    128a     128a       2e     1         /Users/sasamoto-ryoki/.rustup/toolchains/nightly-aarch64-apple-darwin/lib/rustlib/riscv32i-unknown-none-elf/lib/libcompiler_builtins-719b0b9267b94cfc.rlib(compiler_builtins-719b0b9267b94cfc.compiler_builtins.62963b759c900435-cgu.205.rcgu.o):(.debug_abbrev)
    128a     128a        0     1                 $d.3
    12b8     12b8       5f     1         /Users/sasamoto-ryoki/.rustup/toolchains/nightly-aarch64-apple-darwin/lib/rustlib/riscv32i-unknown-none-elf/lib/libcompiler_builtins-719b0b9267b94cfc.rlib(compiler_builtins-719b0b9267b94cfc.compiler_builtins.62963b759c900435-cgu.206.rcgu.o):(.debug_abbrev)
    12b8     12b8        0     1                 $d.3
    1317     1317       e8     1         /Users/sasamoto-ryoki/.rustup/toolchains/nightly-aarch64-apple-darwin/lib/rustlib/riscv32i-unknown-none-elf/lib/libcompiler_builtins-719b0b9267b94cfc.rlib(compiler_builtins-719b0b9267b94cfc.compiler_builtins.62963b759c900435-cgu.209.rcgu.o):(.debug_abbrev)
    1317     1317        0     1                 $d.3
    13ff     13ff       ae     1         /Users/sasamoto-ryoki/.rustup/toolchains/nightly-aarch64-apple-darwin/lib/rustlib/riscv32i-unknown-none-elf/lib/libcompiler_builtins-719b0b9267b94cfc.rlib(compiler_builtins-719b0b9267b94cfc.compiler_builtins.62963b759c900435-cgu.214.rcgu.o):(.debug_abbrev)
    13ff     13ff        0     1                 $d.3
    14ad     14ad       90     1         /Users/sasamoto-ryoki/.rustup/toolchains/nightly-aarch64-apple-darwin/lib/rustlib/riscv32i-unknown-none-elf/lib/libcompiler_builtins-719b0b9267b94cfc.rlib(compiler_builtins-719b0b9267b94cfc.compiler_builtins.62963b759c900435-cgu.231.rcgu.o):(.debug_abbrev)
    14ad     14ad        0     1                 $d.3
    153d     153d       2e     1         /Users/sasamoto-ryoki/.rustup/toolchains/nightly-aarch64-apple-darwin/lib/rustlib/riscv32i-unknown-none-elf/lib/libcompiler_builtins-719b0b9267b94cfc.rlib(compiler_builtins-719b0b9267b94cfc.compiler_builtins.62963b759c900435-cgu.240.rcgu.o):(.debug_abbrev)
    153d     153d        0     1                 $d.3
    156b     156b       ae     1         /Users/sasamoto-ryoki/.rustup/toolchains/nightly-aarch64-apple-darwin/lib/rustlib/riscv32i-unknown-none-elf/lib/libcompiler_builtins-719b0b9267b94cfc.rlib(compiler_builtins-719b0b9267b94cfc.compiler_builtins.62963b759c900435-cgu.242.rcgu.o):(.debug_abbrev)
    156b     156b        0     1                 $d.3
    1619     1619       5f     1         /Users/sasamoto-ryoki/.rustup/toolchains/nightly-aarch64-apple-darwin/lib/rustlib/riscv32i-unknown-none-elf/lib/libcompiler_builtins-719b0b9267b94cfc.rlib(compiler_builtins-719b0b9267b94cfc.compiler_builtins.62963b759c900435-cgu.246.rcgu.o):(.debug_abbrev)
    1619     1619        0     1                 $d.3
    1678     1678       2e     1         /Users/sasamoto-ryoki/.rustup/toolchains/nightly-aarch64-apple-darwin/lib/rustlib/riscv32i-unknown-none-elf/lib/libcompiler_builtins-719b0b9267b94cfc.rlib(compiler_builtins-719b0b9267b94cfc.compiler_builtins.62963b759c900435-cgu.258.rcgu.o):(.debug_abbrev)
    1678     1678        0     1                 $d.3
       0        0    24729     1 .debug_info
       0        0       e6     1         /Users/sasamoto-ryoki/ghq/github.com/Sas-ry/SasaOS/target/riscv32i-unknown-none-elf/debug/deps/SasaOS-34c841ed3cb70076.11ceccbw6rlg5d9msb59tu06p.rcgu.o:(.debug_info)
       0        0        0     1                 
       0        0        0     1                 $d.2
      e6       e6      10f     1         /Users/sasamoto-ryoki/ghq/github.com/Sas-ry/SasaOS/target/riscv32i-unknown-none-elf/debug/deps/SasaOS-34c841ed3cb70076.1r2v4dbhx0x7ocimrbj4ss8oh.rcgu.o:(.debug_info)
      e6       e6        0     1                 
      e6       e6        0     1                 $d.3
     1f5      1f5      701     1         /Users/sasamoto-ryoki/ghq/github.com/Sas-ry/SasaOS/target/riscv32i-unknown-none-elf/debug/deps/SasaOS-34c841ed3cb70076.5j4qxlvfeikpuygizaka2381q.rcgu.o:(.debug_info)
     1f5      1f5        0     1                 
     1f5      1f5        0     1                 $d.7
     8f6      8f6      22d     1         /Users/sasamoto-ryoki/ghq/github.com/Sas-ry/SasaOS/target/riscv32i-unknown-none-elf/debug/deps/SasaOS-34c841ed3cb70076.68034wd2t9me5q1hidc0q1ofw.rcgu.o:(.debug_info)
     8f6      8f6        0     1                 
     8f6      8f6        0     1                 $d.4
     b23      b23    1fce3     1         /Users/sasamoto-ryoki/.rustup/toolchains/nightly-aarch64-apple-darwin/lib/rustlib/riscv32i-unknown-none-elf/lib/libcore-b0319b1b7638df89.rlib(core-b0319b1b7638df89.core.88d4898e818435ef-cgu.0.rcgu.o):(.debug_info)
     b23      b23        0     1                 
     b23      b23        0     1                 $d.990
   20806    20806       6a     1         /Users/sasamoto-ryoki/.rustup/toolchains/nightly-aarch64-apple-darwin/lib/rustlib/riscv32i-unknown-none-elf/lib/libcompiler_builtins-719b0b9267b94cfc.rlib(compiler_builtins-719b0b9267b94cfc.compiler_builtins.62963b759c900435-cgu.080.rcgu.o):(.debug_info)
   20806    20806        0     1                 
   20806    20806        0     1                 $d.4
   20870    20870       6a     1         /Users/sasamoto-ryoki/.rustup/toolchains/nightly-aarch64-apple-darwin/lib/rustlib/riscv32i-unknown-none-elf/lib/libcompiler_builtins-719b0b9267b94cfc.rlib(compiler_builtins-719b0b9267b94cfc.compiler_builtins.62963b759c900435-cgu.081.rcgu.o):(.debug_info)
   20870    20870        0     1                 
   20870    20870        0     1                 $d.4
   208da    208da       a1     1         /Users/sasamoto-ryoki/.rustup/toolchains/nightly-aarch64-apple-darwin/lib/rustlib/riscv32i-unknown-none-elf/lib/libcompiler_builtins-719b0b9267b94cfc.rlib(compiler_builtins-719b0b9267b94cfc.compiler_builtins.62963b759c900435-cgu.108.rcgu.o):(.debug_info)
   208da    208da        0     1                 
   208da    208da        0     1                 $d.4
   2097b    2097b      419     1         /Users/sasamoto-ryoki/.rustup/toolchains/nightly-aarch64-apple-darwin/lib/rustlib/riscv32i-unknown-none-elf/lib/libcompiler_builtins-719b0b9267b94cfc.rlib(compiler_builtins-719b0b9267b94cfc.compiler_builtins.62963b759c900435-cgu.001.rcgu.o):(.debug_info)
   2097b    2097b        0     1                 
   2097b    2097b        0     1                 $d.6
   20d94    20d94      15e     1         /Users/sasamoto-ryoki/.rustup/toolchains/nightly-aarch64-apple-darwin/lib/rustlib/riscv32i-unknown-none-elf/lib/libcompiler_builtins-719b0b9267b94cfc.rlib(compiler_builtins-719b0b9267b94cfc.compiler_builtins.62963b759c900435-cgu.117.rcgu.o):(.debug_info)
   20d94    20d94        0     1                 
   20d94    20d94        0     1                 $d.4
   20ef2    20ef2       a1     1         /Users/sasamoto-ryoki/.rustup/toolchains/nightly-aarch64-apple-darwin/lib/rustlib/riscv32i-unknown-none-elf/lib/libcompiler_builtins-719b0b9267b94cfc.rlib(compiler_builtins-719b0b9267b94cfc.compiler_builtins.62963b759c900435-cgu.125.rcgu.o):(.debug_info)
   20ef2    20ef2        0     1                 
   20ef2    20ef2        0     1                 $d.4
   20f93    20f93       51     1         /Users/sasamoto-ryoki/.rustup/toolchains/nightly-aarch64-apple-darwin/lib/rustlib/riscv32i-unknown-none-elf/lib/libcompiler_builtins-719b0b9267b94cfc.rlib(compiler_builtins-719b0b9267b94cfc.compiler_builtins.62963b759c900435-cgu.136.rcgu.o):(.debug_info)
   20f93    20f93        0     1                 
   20f93    20f93        0     1                 $d.4
   20fe4    20fe4      9d6     1         /Users/sasamoto-ryoki/.rustup/toolchains/nightly-aarch64-apple-darwin/lib/rustlib/riscv32i-unknown-none-elf/lib/libcompiler_builtins-719b0b9267b94cfc.rlib(compiler_builtins-719b0b9267b94cfc.compiler_builtins.62963b759c900435-cgu.006.rcgu.o):(.debug_info)
   20fe4    20fe4        0     1                 
   20fe4    20fe4        0     1                 $d.5
   219ba    219ba      1e4     1         /Users/sasamoto-ryoki/.rustup/toolchains/nightly-aarch64-apple-darwin/lib/rustlib/riscv32i-unknown-none-elf/lib/libcompiler_builtins-719b0b9267b94cfc.rlib(compiler_builtins-719b0b9267b94cfc.compiler_builtins.62963b759c900435-cgu.138.rcgu.o):(.debug_info)
   219ba    219ba        0     1                 
   219ba    219ba        0     1                 $d.4
   21b9e    21b9e      1e4     1         /Users/sasamoto-ryoki/.rustup/toolchains/nightly-aarch64-apple-darwin/lib/rustlib/riscv32i-unknown-none-elf/lib/libcompiler_builtins-719b0b9267b94cfc.rlib(compiler_builtins-719b0b9267b94cfc.compiler_builtins.62963b759c900435-cgu.139.rcgu.o):(.debug_info)
   21b9e    21b9e        0     1                 
   21b9e    21b9e        0     1                 $d.4
   21d82    21d82      122     1         /Users/sasamoto-ryoki/.rustup/toolchains/nightly-aarch64-apple-darwin/lib/rustlib/riscv32i-unknown-none-elf/lib/libcompiler_builtins-719b0b9267b94cfc.rlib(compiler_builtins-719b0b9267b94cfc.compiler_builtins.62963b759c900435-cgu.141.rcgu.o):(.debug_info)
   21d82    21d82        0     1                 
   21d82    21d82        0     1                 $d.4
   21ea4    21ea4      13a     1         /Users/sasamoto-ryoki/.rustup/toolchains/nightly-aarch64-apple-darwin/lib/rustlib/riscv32i-unknown-none-elf/lib/libcompiler_builtins-719b0b9267b94cfc.rlib(compiler_builtins-719b0b9267b94cfc.compiler_builtins.62963b759c900435-cgu.164.rcgu.o):(.debug_info)
   21ea4    21ea4        0     1                 
   21ea4    21ea4        0     1                 $d.4
   21fde    21fde       51     1         /Users/sasamoto-ryoki/.rustup/toolchains/nightly-aarch64-apple-darwin/lib/rustlib/riscv32i-unknown-none-elf/lib/libcompiler_builtins-719b0b9267b94cfc.rlib(compiler_builtins-719b0b9267b94cfc.compiler_builtins.62963b759c900435-cgu.165.rcgu.o):(.debug_info)
   21fde    21fde        0     1                 
   21fde    21fde        0     1                 $d.4
   2202f    2202f      dde     1         /Users/sasamoto-ryoki/.rustup/toolchains/nightly-aarch64-apple-darwin/lib/rustlib/riscv32i-unknown-none-elf/lib/libcompiler_builtins-719b0b9267b94cfc.rlib(compiler_builtins-719b0b9267b94cfc.compiler_builtins.62963b759c900435-cgu.002.rcgu.o):(.debug_info)
   2202f    2202f        0     1                 
   2202f    2202f        0     1                 $d.5
   22e0d    22e0d       4b     1         /Users/sasamoto-ryoki/.rustup/toolchains/nightly-aarch64-apple-darwin/lib/rustlib/riscv32i-unknown-none-elf/lib/libcompiler_builtins-719b0b9267b94cfc.rlib(compiler_builtins-719b0b9267b94cfc.compiler_builtins.62963b759c900435-cgu.168.rcgu.o):(.debug_info)
   22e0d    22e0d        0     1                 
   22e0d    22e0d        0     1                 $d.4
   22e58    22e58      942     1         /Users/sasamoto-ryoki/.rustup/toolchains/nightly-aarch64-apple-darwin/lib/rustlib/riscv32i-unknown-none-elf/lib/libcompiler_builtins-719b0b9267b94cfc.rlib(compiler_builtins-719b0b9267b94cfc.compiler_builtins.62963b759c900435-cgu.008.rcgu.o):(.debug_info)
   22e58    22e58        0     1                 
   22e58    22e58        0     1                 $d.18
   2379a    2379a      1e4     1         /Users/sasamoto-ryoki/.rustup/toolchains/nightly-aarch64-apple-darwin/lib/rustlib/riscv32i-unknown-none-elf/lib/libcompiler_builtins-719b0b9267b94cfc.rlib(compiler_builtins-719b0b9267b94cfc.compiler_builtins.62963b759c900435-cgu.171.rcgu.o):(.debug_info)
   2379a    2379a        0     1                 
   2379a    2379a        0     1                 $d.4
   2397e    2397e       a1     1         /Users/sasamoto-ryoki/.rustup/toolchains/nightly-aarch64-apple-darwin/lib/rustlib/riscv32i-unknown-none-elf/lib/libcompiler_builtins-719b0b9267b94cfc.rlib(compiler_builtins-719b0b9267b94cfc.compiler_builtins.62963b759c900435-cgu.177.rcgu.o):(.debug_info)
   2397e    2397e        0     1                 
   2397e    2397e        0     1                 $d.4
   23a1f    23a1f      166     1         /Users/sasamoto-ryoki/.rustup/toolchains/nightly-aarch64-apple-darwin/lib/rustlib/riscv32i-unknown-none-elf/lib/libcompiler_builtins-719b0b9267b94cfc.rlib(compiler_builtins-719b0b9267b94cfc.compiler_builtins.62963b759c900435-cgu.182.rcgu.o):(.debug_info)
   23a1f    23a1f        0     1                 
   23a1f    23a1f        0     1                 $d.4
   23b85    23b85       a1     1         /Users/sasamoto-ryoki/.rustup/toolchains/nightly-aarch64-apple-darwin/lib/rustlib/riscv32i-unknown-none-elf/lib/libcompiler_builtins-719b0b9267b94cfc.rlib(compiler_builtins-719b0b9267b94cfc.compiler_builtins.62963b759c900435-cgu.189.rcgu.o):(.debug_info)
   23b85    23b85        0     1                 
   23b85    23b85        0     1                 $d.4
   23c26    23c26       f0     1         /Users/sasamoto-ryoki/.rustup/toolchains/nightly-aarch64-apple-darwin/lib/rustlib/riscv32i-unknown-none-elf/lib/libcompiler_builtins-719b0b9267b94cfc.rlib(compiler_builtins-719b0b9267b94cfc.compiler_builtins.62963b759c900435-cgu.199.rcgu.o):(.debug_info)
   23c26    23c26        0     1                 
   23c26    23c26        0     1                 $d.4
   23d16    23d16      158     1         /Users/sasamoto-ryoki/.rustup/toolchains/nightly-aarch64-apple-darwin/lib/rustlib/riscv32i-unknown-none-elf/lib/libcompiler_builtins-719b0b9267b94cfc.rlib(compiler_builtins-719b0b9267b94cfc.compiler_builtins.62963b759c900435-cgu.203.rcgu.o):(.debug_info)
   23d16    23d16        0     1                 
   23d16    23d16        0     1                 $d.4
   23e6e    23e6e       4b     1         /Users/sasamoto-ryoki/.rustup/toolchains/nightly-aarch64-apple-darwin/lib/rustlib/riscv32i-unknown-none-elf/lib/libcompiler_builtins-719b0b9267b94cfc.rlib(compiler_builtins-719b0b9267b94cfc.compiler_builtins.62963b759c900435-cgu.205.rcgu.o):(.debug_info)
   23e6e    23e6e        0     1                 
   23e6e    23e6e        0     1                 $d.4
   23eb9    23eb9       a1     1         /Users/sasamoto-ryoki/.rustup/toolchains/nightly-aarch64-apple-darwin/lib/rustlib/riscv32i-unknown-none-elf/lib/libcompiler_builtins-719b0b9267b94cfc.rlib(compiler_builtins-719b0b9267b94cfc.compiler_builtins.62963b759c900435-cgu.206.rcgu.o):(.debug_info)
   23eb9    23eb9        0     1                 
   23eb9    23eb9        0     1                 $d.4
   23f5a    23f5a      29c     1         /Users/sasamoto-ryoki/.rustup/toolchains/nightly-aarch64-apple-darwin/lib/rustlib/riscv32i-unknown-none-elf/lib/libcompiler_builtins-719b0b9267b94cfc.rlib(compiler_builtins-719b0b9267b94cfc.compiler_builtins.62963b759c900435-cgu.209.rcgu.o):(.debug_info)
   23f5a    23f5a        0     1                 
   23f5a    23f5a        0     1                 $d.4
   241f6    241f6      166     1         /Users/sasamoto-ryoki/.rustup/toolchains/nightly-aarch64-apple-darwin/lib/rustlib/riscv32i-unknown-none-elf/lib/libcompiler_builtins-719b0b9267b94cfc.rlib(compiler_builtins-719b0b9267b94cfc.compiler_builtins.62963b759c900435-cgu.214.rcgu.o):(.debug_info)
   241f6    241f6        0     1                 
   241f6    241f6        0     1                 $d.4
   2435c    2435c      124     1         /Users/sasamoto-ryoki/.rustup/toolchains/nightly-aarch64-apple-darwin/lib/rustlib/riscv32i-unknown-none-elf/lib/libcompiler_builtins-719b0b9267b94cfc.rlib(compiler_builtins-719b0b9267b94cfc.compiler_builtins.62963b759c900435-cgu.231.rcgu.o):(.debug_info)
   2435c    2435c        0     1                 
   2435c    2435c        0     1                 $d.4
   24480    24480       51     1         /Users/sasamoto-ryoki/.rustup/toolchains/nightly-aarch64-apple-darwin/lib/rustlib/riscv32i-unknown-none-elf/lib/libcompiler_builtins-719b0b9267b94cfc.rlib(compiler_builtins-719b0b9267b94cfc.compiler_builtins.62963b759c900435-cgu.240.rcgu.o):(.debug_info)
   24480    24480        0     1                 
   24480    24480        0     1                 $d.4
   244d1    244d1      166     1         /Users/sasamoto-ryoki/.rustup/toolchains/nightly-aarch64-apple-darwin/lib/rustlib/riscv32i-unknown-none-elf/lib/libcompiler_builtins-719b0b9267b94cfc.rlib(compiler_builtins-719b0b9267b94cfc.compiler_builtins.62963b759c900435-cgu.242.rcgu.o):(.debug_info)
   244d1    244d1        0     1                 
   244d1    244d1        0     1                 $d.4
   24637    24637       a1     1         /Users/sasamoto-ryoki/.rustup/toolchains/nightly-aarch64-apple-darwin/lib/rustlib/riscv32i-unknown-none-elf/lib/libcompiler_builtins-719b0b9267b94cfc.rlib(compiler_builtins-719b0b9267b94cfc.compiler_builtins.62963b759c900435-cgu.246.rcgu.o):(.debug_info)
   24637    24637        0     1                 
   24637    24637        0     1                 $d.4
   246d8    246d8       51     1         /Users/sasamoto-ryoki/.rustup/toolchains/nightly-aarch64-apple-darwin/lib/rustlib/riscv32i-unknown-none-elf/lib/libcompiler_builtins-719b0b9267b94cfc.rlib(compiler_builtins-719b0b9267b94cfc.compiler_builtins.62963b759c900435-cgu.258.rcgu.o):(.debug_info)
   246d8    246d8        0     1                 
   246d8    246d8        0     1                 $d.4
       0        0     1400     1 .debug_aranges
       0        0       20     1         /Users/sasamoto-ryoki/ghq/github.com/Sas-ry/SasaOS/target/riscv32i-unknown-none-elf/debug/deps/SasaOS-34c841ed3cb70076.11ceccbw6rlg5d9msb59tu06p.rcgu.o:(.debug_aranges)
       0        0        0     1                 $d.3
      20       20       20     1         /Users/sasamoto-ryoki/ghq/github.com/Sas-ry/SasaOS/target/riscv32i-unknown-none-elf/debug/deps/SasaOS-34c841ed3cb70076.1r2v4dbhx0x7ocimrbj4ss8oh.rcgu.o:(.debug_aranges)
      20       20        0     1                 $d.4
      40       40       38     1         /Users/sasamoto-ryoki/ghq/github.com/Sas-ry/SasaOS/target/riscv32i-unknown-none-elf/debug/deps/SasaOS-34c841ed3cb70076.5j4qxlvfeikpuygizaka2381q.rcgu.o:(.debug_aranges)
      40       40        0     1                 $d.8
      78       78       30     1         /Users/sasamoto-ryoki/ghq/github.com/Sas-ry/SasaOS/target/riscv32i-unknown-none-elf/debug/deps/SasaOS-34c841ed3cb70076.68034wd2t9me5q1hidc0q1ofw.rcgu.o:(.debug_aranges)
      78       78        0     1                 $d.5
      a8       a8      ee8     1         /Users/sasamoto-ryoki/.rustup/toolchains/nightly-aarch64-apple-darwin/lib/rustlib/riscv32i-unknown-none-elf/lib/libcore-b0319b1b7638df89.rlib(core-b0319b1b7638df89.core.88d4898e818435ef-cgu.0.rcgu.o):(.debug_aranges)
      a8       a8        0     1                 $d.991
     f90      f90       20     1         /Users/sasamoto-ryoki/.rustup/toolchains/nightly-aarch64-apple-darwin/lib/rustlib/riscv32i-unknown-none-elf/lib/libcompiler_builtins-719b0b9267b94cfc.rlib(compiler_builtins-719b0b9267b94cfc.compiler_builtins.62963b759c900435-cgu.080.rcgu.o):(.debug_aranges)
     f90      f90        0     1                 $d.5
     fb0      fb0       20     1         /Users/sasamoto-ryoki/.rustup/toolchains/nightly-aarch64-apple-darwin/lib/rustlib/riscv32i-unknown-none-elf/lib/libcompiler_builtins-719b0b9267b94cfc.rlib(compiler_builtins-719b0b9267b94cfc.compiler_builtins.62963b759c900435-cgu.081.rcgu.o):(.debug_aranges)
     fb0      fb0        0     1                 $d.5
     fd0      fd0       20     1         /Users/sasamoto-ryoki/.rustup/toolchains/nightly-aarch64-apple-darwin/lib/rustlib/riscv32i-unknown-none-elf/lib/libcompiler_builtins-719b0b9267b94cfc.rlib(compiler_builtins-719b0b9267b94cfc.compiler_builtins.62963b759c900435-cgu.108.rcgu.o):(.debug_aranges)
     fd0      fd0        0     1                 $d.5
     ff0      ff0       30     1         /Users/sasamoto-ryoki/.rustup/toolchains/nightly-aarch64-apple-darwin/lib/rustlib/riscv32i-unknown-none-elf/lib/libcompiler_builtins-719b0b9267b94cfc.rlib(compiler_builtins-719b0b9267b94cfc.compiler_builtins.62963b759c900435-cgu.001.rcgu.o):(.debug_aranges)
     ff0      ff0        0     1                 $d.7
    1020     1020       20     1         /Users/sasamoto-ryoki/.rustup/toolchains/nightly-aarch64-apple-darwin/lib/rustlib/riscv32i-unknown-none-elf/lib/libcompiler_builtins-719b0b9267b94cfc.rlib(compiler_builtins-719b0b9267b94cfc.compiler_builtins.62963b759c900435-cgu.117.rcgu.o):(.debug_aranges)
    1020     1020        0     1                 $d.5
    1040     1040       20     1         /Users/sasamoto-ryoki/.rustup/toolchains/nightly-aarch64-apple-darwin/lib/rustlib/riscv32i-unknown-none-elf/lib/libcompiler_builtins-719b0b9267b94cfc.rlib(compiler_builtins-719b0b9267b94cfc.compiler_builtins.62963b759c900435-cgu.125.rcgu.o):(.debug_aranges)
    1040     1040        0     1                 $d.5
    1060     1060       20     1         /Users/sasamoto-ryoki/.rustup/toolchains/nightly-aarch64-apple-darwin/lib/rustlib/riscv32i-unknown-none-elf/lib/libcompiler_builtins-719b0b9267b94cfc.rlib(compiler_builtins-719b0b9267b94cfc.compiler_builtins.62963b759c900435-cgu.136.rcgu.o):(.debug_aranges)
    1060     1060        0     1                 $d.5
    1080     1080       28     1         /Users/sasamoto-ryoki/.rustup/toolchains/nightly-aarch64-apple-darwin/lib/rustlib/riscv32i-unknown-none-elf/lib/libcompiler_builtins-719b0b9267b94cfc.rlib(compiler_builtins-719b0b9267b94cfc.compiler_builtins.62963b759c900435-cgu.006.rcgu.o):(.debug_aranges)
    1080     1080        0     1                 $d.6
    10a8     10a8       20     1         /Users/sasamoto-ryoki/.rustup/toolchains/nightly-aarch64-apple-darwin/lib/rustlib/riscv32i-unknown-none-elf/lib/libcompiler_builtins-719b0b9267b94cfc.rlib(compiler_builtins-719b0b9267b94cfc.compiler_builtins.62963b759c900435-cgu.138.rcgu.o):(.debug_aranges)
    10a8     10a8        0     1                 $d.5
    10c8     10c8       20     1         /Users/sasamoto-ryoki/.rustup/toolchains/nightly-aarch64-apple-darwin/lib/rustlib/riscv32i-unknown-none-elf/lib/libcompiler_builtins-719b0b9267b94cfc.rlib(compiler_builtins-719b0b9267b94cfc.compiler_builtins.62963b759c900435-cgu.139.rcgu.o):(.debug_aranges)
    10c8     10c8        0     1                 $d.5
    10e8     10e8       20     1         /Users/sasamoto-ryoki/.rustup/toolchains/nightly-aarch64-apple-darwin/lib/rustlib/riscv32i-unknown-none-elf/lib/libcompiler_builtins-719b0b9267b94cfc.rlib(compiler_builtins-719b0b9267b94cfc.compiler_builtins.62963b759c900435-cgu.141.rcgu.o):(.debug_aranges)
    10e8     10e8        0     1                 $d.5
    1108     1108       20     1         /Users/sasamoto-ryoki/.rustup/toolchains/nightly-aarch64-apple-darwin/lib/rustlib/riscv32i-unknown-none-elf/lib/libcompiler_builtins-719b0b9267b94cfc.rlib(compiler_builtins-719b0b9267b94cfc.compiler_builtins.62963b759c900435-cgu.164.rcgu.o):(.debug_aranges)
    1108     1108        0     1                 $d.5
    1128     1128       20     1         /Users/sasamoto-ryoki/.rustup/toolchains/nightly-aarch64-apple-darwin/lib/rustlib/riscv32i-unknown-none-elf/lib/libcompiler_builtins-719b0b9267b94cfc.rlib(compiler_builtins-719b0b9267b94cfc.compiler_builtins.62963b759c900435-cgu.165.rcgu.o):(.debug_aranges)
    1128     1128        0     1                 $d.5
    1148     1148       28     1         /Users/sasamoto-ryoki/.rustup/toolchains/nightly-aarch64-apple-darwin/lib/rustlib/riscv32i-unknown-none-elf/lib/libcompiler_builtins-719b0b9267b94cfc.rlib(compiler_builtins-719b0b9267b94cfc.compiler_builtins.62963b759c900435-cgu.002.rcgu.o):(.debug_aranges)
    1148     1148        0     1                 $d.6
    1170     1170       20     1         /Users/sasamoto-ryoki/.rustup/toolchains/nightly-aarch64-apple-darwin/lib/rustlib/riscv32i-unknown-none-elf/lib/libcompiler_builtins-719b0b9267b94cfc.rlib(compiler_builtins-719b0b9267b94cfc.compiler_builtins.62963b759c900435-cgu.168.rcgu.o):(.debug_aranges)
    1170     1170        0     1                 $d.5
    1190     1190       90     1         /Users/sasamoto-ryoki/.rustup/toolchains/nightly-aarch64-apple-darwin/lib/rustlib/riscv32i-unknown-none-elf/lib/libcompiler_builtins-719b0b9267b94cfc.rlib(compiler_builtins-719b0b9267b94cfc.compiler_builtins.62963b759c900435-cgu.008.rcgu.o):(.debug_aranges)
    1190     1190        0     1                 $d.19
    1220     1220       20     1         /Users/sasamoto-ryoki/.rustup/toolchains/nightly-aarch64-apple-darwin/lib/rustlib/riscv32i-unknown-none-elf/lib/libcompiler_builtins-719b0b9267b94cfc.rlib(compiler_builtins-719b0b9267b94cfc.compiler_builtins.62963b759c900435-cgu.171.rcgu.o):(.debug_aranges)
    1220     1220        0     1                 $d.5
    1240     1240       20     1         /Users/sasamoto-ryoki/.rustup/toolchains/nightly-aarch64-apple-darwin/lib/rustlib/riscv32i-unknown-none-elf/lib/libcompiler_builtins-719b0b9267b94cfc.rlib(compiler_builtins-719b0b9267b94cfc.compiler_builtins.62963b759c900435-cgu.177.rcgu.o):(.debug_aranges)
    1240     1240        0     1                 $d.5
    1260     1260       20     1         /Users/sasamoto-ryoki/.rustup/toolchains/nightly-aarch64-apple-darwin/lib/rustlib/riscv32i-unknown-none-elf/lib/libcompiler_builtins-719b0b9267b94cfc.rlib(compiler_builtins-719b0b9267b94cfc.compiler_builtins.62963b759c900435-cgu.182.rcgu.o):(.debug_aranges)
    1260     1260        0     1                 $d.5
    1280     1280       20     1         /Users/sasamoto-ryoki/.rustup/toolchains/nightly-aarch64-apple-darwin/lib/rustlib/riscv32i-unknown-none-elf/lib/libcompiler_builtins-719b0b9267b94cfc.rlib(compiler_builtins-719b0b9267b94cfc.compiler_builtins.62963b759c900435-cgu.189.rcgu.o):(.debug_aranges)
    1280     1280        0     1                 $d.5
    12a0     12a0       20     1         /Users/sasamoto-ryoki/.rustup/toolchains/nightly-aarch64-apple-darwin/lib/rustlib/riscv32i-unknown-none-elf/lib/libcompiler_builtins-719b0b9267b94cfc.rlib(compiler_builtins-719b0b9267b94cfc.compiler_builtins.62963b759c900435-cgu.199.rcgu.o):(.debug_aranges)
    12a0     12a0        0     1                 $d.5
    12c0     12c0       20     1         /Users/sasamoto-ryoki/.rustup/toolchains/nightly-aarch64-apple-darwin/lib/rustlib/riscv32i-unknown-none-elf/lib/libcompiler_builtins-719b0b9267b94cfc.rlib(compiler_builtins-719b0b9267b94cfc.compiler_builtins.62963b759c900435-cgu.203.rcgu.o):(.debug_aranges)
    12c0     12c0        0     1                 $d.5
    12e0     12e0       20     1         /Users/sasamoto-ryoki/.rustup/toolchains/nightly-aarch64-apple-darwin/lib/rustlib/riscv32i-unknown-none-elf/lib/libcompiler_builtins-719b0b9267b94cfc.rlib(compiler_builtins-719b0b9267b94cfc.compiler_builtins.62963b759c900435-cgu.205.rcgu.o):(.debug_aranges)
    12e0     12e0        0     1                 $d.5
    1300     1300       20     1         /Users/sasamoto-ryoki/.rustup/toolchains/nightly-aarch64-apple-darwin/lib/rustlib/riscv32i-unknown-none-elf/lib/libcompiler_builtins-719b0b9267b94cfc.rlib(compiler_builtins-719b0b9267b94cfc.compiler_builtins.62963b759c900435-cgu.206.rcgu.o):(.debug_aranges)
    1300     1300        0     1                 $d.5
    1320     1320       20     1         /Users/sasamoto-ryoki/.rustup/toolchains/nightly-aarch64-apple-darwin/lib/rustlib/riscv32i-unknown-none-elf/lib/libcompiler_builtins-719b0b9267b94cfc.rlib(compiler_builtins-719b0b9267b94cfc.compiler_builtins.62963b759c900435-cgu.209.rcgu.o):(.debug_aranges)
    1320     1320        0     1                 $d.5
    1340     1340       20     1         /Users/sasamoto-ryoki/.rustup/toolchains/nightly-aarch64-apple-darwin/lib/rustlib/riscv32i-unknown-none-elf/lib/libcompiler_builtins-719b0b9267b94cfc.rlib(compiler_builtins-719b0b9267b94cfc.compiler_builtins.62963b759c900435-cgu.214.rcgu.o):(.debug_aranges)
    1340     1340        0     1                 $d.5
    1360     1360       20     1         /Users/sasamoto-ryoki/.rustup/toolchains/nightly-aarch64-apple-darwin/lib/rustlib/riscv32i-unknown-none-elf/lib/libcompiler_builtins-719b0b9267b94cfc.rlib(compiler_builtins-719b0b9267b94cfc.compiler_builtins.62963b759c900435-cgu.231.rcgu.o):(.debug_aranges)
    1360     1360        0     1                 $d.5
    1380     1380       20     1         /Users/sasamoto-ryoki/.rustup/toolchains/nightly-aarch64-apple-darwin/lib/rustlib/riscv32i-unknown-none-elf/lib/libcompiler_builtins-719b0b9267b94cfc.rlib(compiler_builtins-719b0b9267b94cfc.compiler_builtins.62963b759c900435-cgu.240.rcgu.o):(.debug_aranges)
    1380     1380        0     1                 $d.5
    13a0     13a0       20     1         /Users/sasamoto-ryoki/.rustup/toolchains/nightly-aarch64-apple-darwin/lib/rustlib/riscv32i-unknown-none-elf/lib/libcompiler_builtins-719b0b9267b94cfc.rlib(compiler_builtins-719b0b9267b94cfc.compiler_builtins.62963b759c900435-cgu.242.rcgu.o):(.debug_aranges)
    13a0     13a0        0     1                 $d.5
    13c0     13c0       20     1         /Users/sasamoto-ryoki/.rustup/toolchains/nightly-aarch64-apple-darwin/lib/rustlib/riscv32i-unknown-none-elf/lib/libcompiler_builtins-719b0b9267b94cfc.rlib(compiler_builtins-719b0b9267b94cfc.compiler_builtins.62963b759c900435-cgu.246.rcgu.o):(.debug_aranges)
    13c0     13c0        0     1                 $d.5
    13e0     13e0       20     1         /Users/sasamoto-ryoki/.rustup/toolchains/nightly-aarch64-apple-darwin/lib/rustlib/riscv32i-unknown-none-elf/lib/libcompiler_builtins-719b0b9267b94cfc.rlib(compiler_builtins-719b0b9267b94cfc.compiler_builtins.62963b759c900435-cgu.258.rcgu.o):(.debug_aranges)
    13e0     13e0        0     1                 $d.5
       0        0    3c53c     1 .debug_str
       0        0    3c53c     1         <internal>:(.debug_str)
       0        0       48     1 .comment
       0        0       48     1         <internal>:(.comment)
       0        0       1c     1 .riscv.attributes
       0        0       1c     1         <internal>:(.riscv.attributes)
       0        0      114     4 .debug_frame
       0        0       2c     4         /Users/sasamoto-ryoki/ghq/github.com/Sas-ry/SasaOS/target/riscv32i-unknown-none-elf/debug/deps/SasaOS-34c841ed3cb70076.11ceccbw6rlg5d9msb59tu06p.rcgu.o:(.debug_frame)
       0        0        0     1                 
       0        0        0     1                 $d.7
      2c       2c       28     4         /Users/sasamoto-ryoki/ghq/github.com/Sas-ry/SasaOS/target/riscv32i-unknown-none-elf/debug/deps/SasaOS-34c841ed3cb70076.1r2v4dbhx0x7ocimrbj4ss8oh.rcgu.o:(.debug_frame)
      2c       2c        0     1                 
      2c       2c        0     1                 $d.8
      54       54       68     4         /Users/sasamoto-ryoki/ghq/github.com/Sas-ry/SasaOS/target/riscv32i-unknown-none-elf/debug/deps/SasaOS-34c841ed3cb70076.5j4qxlvfeikpuygizaka2381q.rcgu.o:(.debug_frame)
      54       54        0     1                 
      54       54        0     1                 $d.13
      bc       bc       58     4         /Users/sasamoto-ryoki/ghq/github.com/Sas-ry/SasaOS/target/riscv32i-unknown-none-elf/debug/deps/SasaOS-34c841ed3cb70076.68034wd2t9me5q1hidc0q1ofw.rcgu.o:(.debug_frame)
      bc       bc        0     1                 
      bc       bc        0     1                 $d.10
       0        0    24e47     1 .debug_line
       0        0      16d     1         /Users/sasamoto-ryoki/ghq/github.com/Sas-ry/SasaOS/target/riscv32i-unknown-none-elf/debug/deps/SasaOS-34c841ed3cb70076.11ceccbw6rlg5d9msb59tu06p.rcgu.o:(.debug_line)
       0        0        0     1                 .Lline_table_start0
       0        0        0     1                 $d.8
     16d      16d      112     1         /Users/sasamoto-ryoki/ghq/github.com/Sas-ry/SasaOS/target/riscv32i-unknown-none-elf/debug/deps/SasaOS-34c841ed3cb70076.1r2v4dbhx0x7ocimrbj4ss8oh.rcgu.o:(.debug_line)
     16d      16d        0     1                 .Lline_table_start0
     16d      16d        0     1                 $d.9
     27f      27f      15d     1         /Users/sasamoto-ryoki/ghq/github.com/Sas-ry/SasaOS/target/riscv32i-unknown-none-elf/debug/deps/SasaOS-34c841ed3cb70076.5j4qxlvfeikpuygizaka2381q.rcgu.o:(.debug_line)
     27f      27f        0     1                 .Lline_table_start0
     27f      27f        0     1                 $d.14
     3dc      3dc      1ec     1         /Users/sasamoto-ryoki/ghq/github.com/Sas-ry/SasaOS/target/riscv32i-unknown-none-elf/debug/deps/SasaOS-34c841ed3cb70076.68034wd2t9me5q1hidc0q1ofw.rcgu.o:(.debug_line)
     3dc      3dc        0     1                 .Lline_table_start0
     3dc      3dc        0     1                 $d.11
     5c8      5c8    1f80c     1         /Users/sasamoto-ryoki/.rustup/toolchains/nightly-aarch64-apple-darwin/lib/rustlib/riscv32i-unknown-none-elf/lib/libcore-b0319b1b7638df89.rlib(core-b0319b1b7638df89.core.88d4898e818435ef-cgu.0.rcgu.o):(.debug_line)
     5c8      5c8        0     1                 .Lline_table_start0
     5c8      5c8        0     1                 $d.997
   1fdd4    1fdd4       a9     1         /Users/sasamoto-ryoki/.rustup/toolchains/nightly-aarch64-apple-darwin/lib/rustlib/riscv32i-unknown-none-elf/lib/libcompiler_builtins-719b0b9267b94cfc.rlib(compiler_builtins-719b0b9267b94cfc.compiler_builtins.62963b759c900435-cgu.080.rcgu.o):(.debug_line)
   1fdd4    1fdd4        0     1                 .Lline_table_start0
   1fdd4    1fdd4        0     1                 $d.10
   1fe7d    1fe7d       89     1         /Users/sasamoto-ryoki/.rustup/toolchains/nightly-aarch64-apple-darwin/lib/rustlib/riscv32i-unknown-none-elf/lib/libcompiler_builtins-719b0b9267b94cfc.rlib(compiler_builtins-719b0b9267b94cfc.compiler_builtins.62963b759c900435-cgu.081.rcgu.o):(.debug_line)
   1fe7d    1fe7d        0     1                 .Lline_table_start0
   1fe7d    1fe7d        0     1                 $d.10
   1ff06    1ff06       a1     1         /Users/sasamoto-ryoki/.rustup/toolchains/nightly-aarch64-apple-darwin/lib/rustlib/riscv32i-unknown-none-elf/lib/libcompiler_builtins-719b0b9267b94cfc.rlib(compiler_builtins-719b0b9267b94cfc.compiler_builtins.62963b759c900435-cgu.108.rcgu.o):(.debug_line)
   1ff06    1ff06        0     1                 .Lline_table_start0
   1ff06    1ff06        0     1                 $d.10
   1ff78    1ff78        0     1                 .Lline_table_start1
   1ffa7    1ffa7      b5b     1         /Users/sasamoto-ryoki/.rustup/toolchains/nightly-aarch64-apple-darwin/lib/rustlib/riscv32i-unknown-none-elf/lib/libcompiler_builtins-719b0b9267b94cfc.rlib(compiler_builtins-719b0b9267b94cfc.compiler_builtins.62963b759c900435-cgu.001.rcgu.o):(.debug_line)
   1ffa7    1ffa7        0     1                 .Lline_table_start0
   1ffa7    1ffa7        0     1                 $d.13
   20b02    20b02      270     1         /Users/sasamoto-ryoki/.rustup/toolchains/nightly-aarch64-apple-darwin/lib/rustlib/riscv32i-unknown-none-elf/lib/libcompiler_builtins-719b0b9267b94cfc.rlib(compiler_builtins-719b0b9267b94cfc.compiler_builtins.62963b759c900435-cgu.117.rcgu.o):(.debug_line)
   20b02    20b02        0     1                 .Lline_table_start0
   20b02    20b02        0     1                 $d.11
   20c95    20c95        0     1                 .Lline_table_start1
   20d72    20d72       9a     1         /Users/sasamoto-ryoki/.rustup/toolchains/nightly-aarch64-apple-darwin/lib/rustlib/riscv32i-unknown-none-elf/lib/libcompiler_builtins-719b0b9267b94cfc.rlib(compiler_builtins-719b0b9267b94cfc.compiler_builtins.62963b759c900435-cgu.125.rcgu.o):(.debug_line)
   20d72    20d72        0     1                 .Lline_table_start0
   20d72    20d72        0     1                 $d.10
   20ddd    20ddd        0     1                 .Lline_table_start1
   20e0c    20e0c       4a     1         /Users/sasamoto-ryoki/.rustup/toolchains/nightly-aarch64-apple-darwin/lib/rustlib/riscv32i-unknown-none-elf/lib/libcompiler_builtins-719b0b9267b94cfc.rlib(compiler_builtins-719b0b9267b94cfc.compiler_builtins.62963b759c900435-cgu.136.rcgu.o):(.debug_line)
   20e0c    20e0c        0     1                 .Lline_table_start0
   20e0c    20e0c        0     1                 $d.10
   20e56    20e56      919     1         /Users/sasamoto-ryoki/.rustup/toolchains/nightly-aarch64-apple-darwin/lib/rustlib/riscv32i-unknown-none-elf/lib/libcompiler_builtins-719b0b9267b94cfc.rlib(compiler_builtins-719b0b9267b94cfc.compiler_builtins.62963b759c900435-cgu.006.rcgu.o):(.debug_line)
   20e56    20e56        0     1                 .Lline_table_start0
   20e56    20e56        0     1                 $d.12
   216d5    216d5        0     1                 .Lline_table_start1
   2176f    2176f      2a3     1         /Users/sasamoto-ryoki/.rustup/toolchains/nightly-aarch64-apple-darwin/lib/rustlib/riscv32i-unknown-none-elf/lib/libcompiler_builtins-719b0b9267b94cfc.rlib(compiler_builtins-719b0b9267b94cfc.compiler_builtins.62963b759c900435-cgu.138.rcgu.o):(.debug_line)
   2176f    2176f        0     1                 .Lline_table_start0
   2176f    2176f        0     1                 $d.11
   21935    21935        0     1                 .Lline_table_start1
   21a12    21a12      2a3     1         /Users/sasamoto-ryoki/.rustup/toolchains/nightly-aarch64-apple-darwin/lib/rustlib/riscv32i-unknown-none-elf/lib/libcompiler_builtins-719b0b9267b94cfc.rlib(compiler_builtins-719b0b9267b94cfc.compiler_builtins.62963b759c900435-cgu.139.rcgu.o):(.debug_line)
   21a12    21a12        0     1                 .Lline_table_start0
   21a12    21a12        0     1                 $d.11
   21bd8    21bd8        0     1                 .Lline_table_start1
   21cb5    21cb5      1f9     1         /Users/sasamoto-ryoki/.rustup/toolchains/nightly-aarch64-apple-darwin/lib/rustlib/riscv32i-unknown-none-elf/lib/libcompiler_builtins-719b0b9267b94cfc.rlib(compiler_builtins-719b0b9267b94cfc.compiler_builtins.62963b759c900435-cgu.141.rcgu.o):(.debug_line)
   21cb5    21cb5        0     1                 .Lline_table_start0
   21cb5    21cb5        0     1                 $d.10
   21dd1    21dd1        0     1                 .Lline_table_start1
   21eae    21eae      25a     1         /Users/sasamoto-ryoki/.rustup/toolchains/nightly-aarch64-apple-darwin/lib/rustlib/riscv32i-unknown-none-elf/lib/libcompiler_builtins-719b0b9267b94cfc.rlib(compiler_builtins-719b0b9267b94cfc.compiler_builtins.62963b759c900435-cgu.164.rcgu.o):(.debug_line)
   21eae    21eae        0     1                 .Lline_table_start0
   21eae    21eae        0     1                 $d.11
   2202b    2202b        0     1                 .Lline_table_start1
   22108    22108       4a     1         /Users/sasamoto-ryoki/.rustup/toolchains/nightly-aarch64-apple-darwin/lib/rustlib/riscv32i-unknown-none-elf/lib/libcompiler_builtins-719b0b9267b94cfc.rlib(compiler_builtins-719b0b9267b94cfc.compiler_builtins.62963b759c900435-cgu.165.rcgu.o):(.debug_line)
   22108    22108        0     1                 .Lline_table_start0
   22108    22108        0     1                 $d.10
   22152    22152      b8a     1         /Users/sasamoto-ryoki/.rustup/toolchains/nightly-aarch64-apple-darwin/lib/rustlib/riscv32i-unknown-none-elf/lib/libcompiler_builtins-719b0b9267b94cfc.rlib(compiler_builtins-719b0b9267b94cfc.compiler_builtins.62963b759c900435-cgu.002.rcgu.o):(.debug_line)
   22152    22152        0     1                 .Lline_table_start0
   22152    22152        0     1                 $d.12
   22c42    22c42        0     1                 .Lline_table_start1
   22cdc    22cdc       4a     1         /Users/sasamoto-ryoki/.rustup/toolchains/nightly-aarch64-apple-darwin/lib/rustlib/riscv32i-unknown-none-elf/lib/libcompiler_builtins-719b0b9267b94cfc.rlib(compiler_builtins-719b0b9267b94cfc.compiler_builtins.62963b759c900435-cgu.168.rcgu.o):(.debug_line)
   22cdc    22cdc        0     1                 .Lline_table_start0
   22cdc    22cdc        0     1                 $d.10
   22d26    22d26      be2     1         /Users/sasamoto-ryoki/.rustup/toolchains/nightly-aarch64-apple-darwin/lib/rustlib/riscv32i-unknown-none-elf/lib/libcompiler_builtins-719b0b9267b94cfc.rlib(compiler_builtins-719b0b9267b94cfc.compiler_builtins.62963b759c900435-cgu.008.rcgu.o):(.debug_line)
   22d26    22d26        0     1                 .Lline_table_start0
   22d26    22d26        0     1                 $d.25
   23908    23908      2fb     1         /Users/sasamoto-ryoki/.rustup/toolchains/nightly-aarch64-apple-darwin/lib/rustlib/riscv32i-unknown-none-elf/lib/libcompiler_builtins-719b0b9267b94cfc.rlib(compiler_builtins-719b0b9267b94cfc.compiler_builtins.62963b759c900435-cgu.171.rcgu.o):(.debug_line)
   23908    23908        0     1                 .Lline_table_start0
   23908    23908        0     1                 $d.11
   23b26    23b26        0     1                 .Lline_table_start1
   23c03    23c03       a1     1         /Users/sasamoto-ryoki/.rustup/toolchains/nightly-aarch64-apple-darwin/lib/rustlib/riscv32i-unknown-none-elf/lib/libcompiler_builtins-719b0b9267b94cfc.rlib(compiler_builtins-719b0b9267b94cfc.compiler_builtins.62963b759c900435-cgu.177.rcgu.o):(.debug_line)
   23c03    23c03        0     1                 .Lline_table_start0
   23c03    23c03        0     1                 $d.10
   23c75    23c75        0     1                 .Lline_table_start1
   23ca4    23ca4      261     1         /Users/sasamoto-ryoki/.rustup/toolchains/nightly-aarch64-apple-darwin/lib/rustlib/riscv32i-unknown-none-elf/lib/libcompiler_builtins-719b0b9267b94cfc.rlib(compiler_builtins-719b0b9267b94cfc.compiler_builtins.62963b759c900435-cgu.182.rcgu.o):(.debug_line)
   23ca4    23ca4        0     1                 .Lline_table_start0
   23ca4    23ca4        0     1                 $d.10
   23e28    23e28        0     1                 .Lline_table_start1
   23f05    23f05       8f     1         /Users/sasamoto-ryoki/.rustup/toolchains/nightly-aarch64-apple-darwin/lib/rustlib/riscv32i-unknown-none-elf/lib/libcompiler_builtins-719b0b9267b94cfc.rlib(compiler_builtins-719b0b9267b94cfc.compiler_builtins.62963b759c900435-cgu.189.rcgu.o):(.debug_line)
   23f05    23f05        0     1                 .Lline_table_start0
   23f05    23f05        0     1                 $d.10
   23f65    23f65        0     1                 .Lline_table_start1
   23f94    23f94       f9     1         /Users/sasamoto-ryoki/.rustup/toolchains/nightly-aarch64-apple-darwin/lib/rustlib/riscv32i-unknown-none-elf/lib/libcompiler_builtins-719b0b9267b94cfc.rlib(compiler_builtins-719b0b9267b94cfc.compiler_builtins.62963b759c900435-cgu.199.rcgu.o):(.debug_line)
   23f94    23f94        0     1                 .Lline_table_start0
   23f94    23f94        0     1                 $d.10
   2402f    2402f        0     1                 .Lline_table_start1
   2405e    2405e        0     1                 .Lline_table_start2
   2408d    2408d      21e     1         /Users/sasamoto-ryoki/.rustup/toolchains/nightly-aarch64-apple-darwin/lib/rustlib/riscv32i-unknown-none-elf/lib/libcompiler_builtins-719b0b9267b94cfc.rlib(compiler_builtins-719b0b9267b94cfc.compiler_builtins.62963b759c900435-cgu.203.rcgu.o):(.debug_line)
   2408d    2408d        0     1                 .Lline_table_start0
   2408d    2408d        0     1                 $d.11
   241f2    241f2        0     1                 .Lline_table_start1
   2427c    2427c        0     1                 .Lline_table_start2
   242ab    242ab       4a     1         /Users/sasamoto-ryoki/.rustup/toolchains/nightly-aarch64-apple-darwin/lib/rustlib/riscv32i-unknown-none-elf/lib/libcompiler_builtins-719b0b9267b94cfc.rlib(compiler_builtins-719b0b9267b94cfc.compiler_builtins.62963b759c900435-cgu.205.rcgu.o):(.debug_line)
   242ab    242ab        0     1                 .Lline_table_start0
   242ab    242ab        0     1                 $d.10
   242f5    242f5       9a     1         /Users/sasamoto-ryoki/.rustup/toolchains/nightly-aarch64-apple-darwin/lib/rustlib/riscv32i-unknown-none-elf/lib/libcompiler_builtins-719b0b9267b94cfc.rlib(compiler_builtins-719b0b9267b94cfc.compiler_builtins.62963b759c900435-cgu.206.rcgu.o):(.debug_line)
   242f5    242f5        0     1                 .Lline_table_start0
   242f5    242f5        0     1                 $d.10
   24360    24360        0     1                 .Lline_table_start1
   2438f    2438f      2cb     1         /Users/sasamoto-ryoki/.rustup/toolchains/nightly-aarch64-apple-darwin/lib/rustlib/riscv32i-unknown-none-elf/lib/libcompiler_builtins-719b0b9267b94cfc.rlib(compiler_builtins-719b0b9267b94cfc.compiler_builtins.62963b759c900435-cgu.209.rcgu.o):(.debug_line)
   2438f    2438f        0     1                 .Lline_table_start0
   2438f    2438f        0     1                 $d.11
   245b8    245b8        0     1                 .Lline_table_start1
   2465a    2465a      261     1         /Users/sasamoto-ryoki/.rustup/toolchains/nightly-aarch64-apple-darwin/lib/rustlib/riscv32i-unknown-none-elf/lib/libcompiler_builtins-719b0b9267b94cfc.rlib(compiler_builtins-719b0b9267b94cfc.compiler_builtins.62963b759c900435-cgu.214.rcgu.o):(.debug_line)
   2465a    2465a        0     1                 .Lline_table_start0
   2465a    2465a        0     1                 $d.10
   247de    247de        0     1                 .Lline_table_start1
   248bb    248bb      1fd     1         /Users/sasamoto-ryoki/.rustup/toolchains/nightly-aarch64-apple-darwin/lib/rustlib/riscv32i-unknown-none-elf/lib/libcompiler_builtins-719b0b9267b94cfc.rlib(compiler_builtins-719b0b9267b94cfc.compiler_builtins.62963b759c900435-cgu.231.rcgu.o):(.debug_line)
   248bb    248bb        0     1                 .Lline_table_start0
   248bb    248bb        0     1                 $d.10
   249ff    249ff        0     1                 .Lline_table_start1
   24a89    24a89        0     1                 .Lline_table_start2
   24ab8    24ab8       4a     1         /Users/sasamoto-ryoki/.rustup/toolchains/nightly-aarch64-apple-darwin/lib/rustlib/riscv32i-unknown-none-elf/lib/libcompiler_builtins-719b0b9267b94cfc.rlib(compiler_builtins-719b0b9267b94cfc.compiler_builtins.62963b759c900435-cgu.240.rcgu.o):(.debug_line)
   24ab8    24ab8        0     1                 .Lline_table_start0
   24ab8    24ab8        0     1                 $d.10
   24b02    24b02      261     1         /Users/sasamoto-ryoki/.rustup/toolchains/nightly-aarch64-apple-darwin/lib/rustlib/riscv32i-unknown-none-elf/lib/libcompiler_builtins-719b0b9267b94cfc.rlib(compiler_builtins-719b0b9267b94cfc.compiler_builtins.62963b759c900435-cgu.242.rcgu.o):(.debug_line)
   24b02    24b02        0     1                 .Lline_table_start0
   24b02    24b02        0     1                 $d.10
   24c86    24c86        0     1                 .Lline_table_start1
   24d63    24d63       9a     1         /Users/sasamoto-ryoki/.rustup/toolchains/nightly-aarch64-apple-darwin/lib/rustlib/riscv32i-unknown-none-elf/lib/libcompiler_builtins-719b0b9267b94cfc.rlib(compiler_builtins-719b0b9267b94cfc.compiler_builtins.62963b759c900435-cgu.246.rcgu.o):(.debug_line)
   24d63    24d63        0     1                 .Lline_table_start0
   24d63    24d63        0     1                 $d.10
   24dce    24dce        0     1                 .Lline_table_start1
   24dfd    24dfd       4a     1         /Users/sasamoto-ryoki/.rustup/toolchains/nightly-aarch64-apple-darwin/lib/rustlib/riscv32i-unknown-none-elf/lib/libcompiler_builtins-719b0b9267b94cfc.rlib(compiler_builtins-719b0b9267b94cfc.compiler_builtins.62963b759c900435-cgu.258.rcgu.o):(.debug_line)
   24dfd    24dfd        0     1                 .Lline_table_start0
   24dfd    24dfd        0     1                 $d.10
       0        0     de48     1 .debug_ranges
       0        0       58     1         /Users/sasamoto-ryoki/ghq/github.com/Sas-ry/SasaOS/target/riscv32i-unknown-none-elf/debug/deps/SasaOS-34c841ed3cb70076.5j4qxlvfeikpuygizaka2381q.rcgu.o:(.debug_ranges)
       0        0        0     1                 
       0        0        0     1                 $d.9
      18       18        0     1                 
      30       30        0     1                 
      58       58       20     1         /Users/sasamoto-ryoki/ghq/github.com/Sas-ry/SasaOS/target/riscv32i-unknown-none-elf/debug/deps/SasaOS-34c841ed3cb70076.68034wd2t9me5q1hidc0q1ofw.rcgu.o:(.debug_ranges)
      58       58        0     1                 
      58       58        0     1                 $d.6
      78       78     d7f8     1         /Users/sasamoto-ryoki/.rustup/toolchains/nightly-aarch64-apple-darwin/lib/rustlib/riscv32i-unknown-none-elf/lib/libcore-b0319b1b7638df89.rlib(core-b0319b1b7638df89.core.88d4898e818435ef-cgu.0.rcgu.o):(.debug_ranges)
      78       78        0     1                 
      78       78        0     1                 $d.992
      90       90        0     1                 
      a8       a8        0     1                 
      c0       c0        0     1                 
      d8       d8        0     1                 
      f0       f0        0     1                 
     108      108        0     1                 
     120      120        0     1                 
     138      138        0     1                 
     150      150        0     1                 
     168      168        0     1                 
     180      180        0     1                 
     198      198        0     1                 
     1b0      1b0        0     1                 
     1c8      1c8        0     1                 
     1e0      1e0        0     1                 
     1f8      1f8        0     1                 
     210      210        0     1                 
     228      228        0     1                 
     240      240        0     1                 
     258      258        0     1                 
     270      270        0     1                 
     288      288        0     1                 
     2a0      2a0        0     1                 
     2b8      2b8        0     1                 
     2d0      2d0        0     1                 
     2e8      2e8        0     1                 
     300      300        0     1                 
     318      318        0     1                 
     330      330        0     1                 
     348      348        0     1                 
     360      360        0     1                 
     378      378        0     1                 
     390      390        0     1                 
     3b8      3b8        0     1                 
     3d0      3d0        0     1                 
     3e8      3e8        0     1                 
     400      400        0     1                 
     420      420        0     1                 
     438      438        0     1                 
     460      460        0     1                 
     488      488        0     1                 
     4a8      4a8        0     1                 
     4c8      4c8        0     1                 
     4e8      4e8        0     1                 
     500      500        0     1                 
     520      520        0     1                 
     540      540        0     1                 
     560      560        0     1                 
     578      578        0     1                 
     5a0      5a0        0     1                 
     5b8      5b8        0     1                 
     5d8      5d8        0     1                 
     5f8      5f8        0     1                 
     610      610        0     1                 
     628      628        0     1                 
     640      640        0     1                 
     660      660        0     1                 
     680      680        0     1                 
     698      698        0     1                 
     6b0      6b0        0     1                 
     6d0      6d0        0     1                 
     6f0      6f0        0     1                 
     710      710        0     1                 
     728      728        0     1                 
     740      740        0     1                 
     770      770        0     1                 
     790      790        0     1                 
     7b0      7b0        0     1                 
     7c8      7c8        0     1                 
     7e0      7e0        0     1                 
     838      838        0     1                 
     850      850        0     1                 
     868      868        0     1                 
     880      880        0     1                 
     898      898        0     1                 
     8c8      8c8        0     1                 
     8f0      8f0        0     1                 
     908      908        0     1                 
     928      928        0     1                 
     940      940        0     1                 
     958      958        0     1                 
     978      978        0     1                 
     990      990        0     1                 
     9a8      9a8        0     1                 
     9c0      9c0        0     1                 
     9d8      9d8        0     1                 
     a00      a00        0     1                 
     a28      a28        0     1                 
     a40      a40        0     1                 
     a58      a58        0     1                 
     a70      a70        0     1                 
     a88      a88        0     1                 
     ab0      ab0        0     1                 
     ac8      ac8        0     1                 
     af8      af8        0     1                 
     b18      b18        0     1                 
     b38      b38        0     1                 
     b58      b58        0     1                 
     b78      b78        0     1                 
     b90      b90        0     1                 
     ba8      ba8        0     1                 
     bc0      bc0        0     1                 
     bd8      bd8        0     1                 
     bf0      bf0        0     1                 
[...]
    ad00     ad00        0     1                 
    ad18     ad18        0     1                 
    ad30     ad30        0     1                 
    ad48     ad48        0     1                 
    ad60     ad60        0     1                 
    ad78     ad78        0     1                 
    ad90     ad90        0     1                 
    ada8     ada8        0     1                 
    adc0     adc0        0     1                 
    add8     add8        0     1                 
    adf0     adf0        0     1                 
    ae08     ae08        0     1                 
    ae20     ae20        0     1                 
    ae38     ae38        0     1                 
    ae50     ae50        0     1                 
    ae70     ae70        0     1                 
    ae88     ae88        0     1                 
    aea8     aea8        0     1                 
    aec0     aec0        0     1                 
    aed8     aed8        0     1                 
    aef0     aef0        0     1                 
    af08     af08        0     1                 
    af28     af28        0     1                 
    af48     af48        0     1                 
    af68     af68        0     1                 
    af80     af80        0     1                 
    af98     af98        0     1                 
    afb8     afb8        0     1                 
    afd8     afd8        0     1                 
    aff0     aff0        0     1                 
    b008     b008        0     1                 
    b020     b020        0     1                 
    b038     b038        0     1                 
    b050     b050        0     1                 
    b068     b068        0     1                 
    b080     b080        0     1                 
    b098     b098        0     1                 
    b0d8     b0d8        0     1                 
    b118     b118        0     1                 
    b158     b158        0     1                 
    b198     b198        0     1                 
    b1b8     b1b8        0     1                 
    b200     b200        0     1                 
    b240     b240        0     1                 
    b278     b278        0     1                 
    b2b0     b2b0        0     1                 
    b2d8     b2d8        0     1                 
    b300     b300        0     1                 
    b328     b328        0     1                 
    b350     b350        0     1                 
    b368     b368        0     1                 
    b388     b388        0     1                 
    b3a0     b3a0        0     1                 
    b3b8     b3b8        0     1                 
    b3d0     b3d0        0     1                 
    b3e8     b3e8        0     1                 
    b400     b400        0     1                 
    b418     b418        0     1                 
    b440     b440        0     1                 
    b460     b460        0     1                 
    b480     b480        0     1                 
    b4a0     b4a0        0     1                 
    b4c0     b4c0        0     1                 
    b4d8     b4d8        0     1                 
    b4f0     b4f0        0     1                 
    b508     b508        0     1                 
    b520     b520        0     1                 
    b538     b538        0     1                 
    b550     b550        0     1                 
    b568     b568        0     1                 
    b590     b590        0     1                 
    b5a8     b5a8        0     1                 
    b5c0     b5c0        0     1                 
    b5d8     b5d8        0     1                 
    b5f0     b5f0        0     1                 
    b618     b618        0     1                 
    b630     b630        0     1                 
    b648     b648        0     1                 
    b660     b660        0     1                 
    b678     b678        0     1                 
    b6a0     b6a0        0     1                 
    b6c0     b6c0        0     1                 
    b6d8     b6d8        0     1                 
    b6f0     b6f0        0     1                 
    b708     b708        0     1                 
    b720     b720        0     1                 
    b758     b758        0     1                 
    b770     b770        0     1                 
    b788     b788        0     1                 
    b7a0     b7a0        0     1                 
    b7b8     b7b8        0     1                 
    b7d0     b7d0        0     1                 
    b7e8     b7e8        0     1                 
    b800     b800        0     1                 
    b820     b820        0     1                 
    b840     b840        0     1                 
    b860     b860        0     1                 
    b880     b880        0     1                 
    b898     b898        0     1                 
    b8b0     b8b0        0     1                 
    b8c8     b8c8        0     1                 
    b8e0     b8e0        0     1                 
    b8f8     b8f8        0     1                 
    b910     b910        0     1                 
    b928     b928        0     1                 
    b940     b940        0     1                 
    b958     b958        0     1                 
    b970     b970        0     1                 
    b988     b988        0     1                 
    b9a0     b9a0        0     1                 
    b9b8     b9b8        0     1                 
    b9d0     b9d0        0     1                 
    b9e8     b9e8        0     1                 
    ba00     ba00        0     1                 
    ba18     ba18        0     1                 
    ba30     ba30        0     1                 
    ba48     ba48        0     1                 
    ba60     ba60        0     1                 
    ba78     ba78        0     1                 
    ba90     ba90        0     1                 
    baa8     baa8        0     1                 
    bac0     bac0        0     1                 
    bae0     bae0        0     1                 
    baf8     baf8        0     1                 
    bb10     bb10        0     1                 
    bb28     bb28        0     1                 
    bb40     bb40        0     1                 
    bb58     bb58        0     1                 
    bb70     bb70        0     1                 
    bb88     bb88        0     1                 
    bba0     bba0        0     1                 
    bbc0     bbc0        0     1                 
    bbe0     bbe0        0     1                 
    bc00     bc00        0     1                 
    bc20     bc20        0     1                 
    bc40     bc40        0     1                 
    bc58     bc58        0     1                 
    bc70     bc70        0     1                 
    bc90     bc90        0     1                 
    bca8     bca8        0     1                 
    bcc0     bcc0        0     1                 
    bcd8     bcd8        0     1                 
    bcf0     bcf0        0     1                 
    bd08     bd08        0     1                 
    bd20     bd20        0     1                 
    bd38     bd38        0     1                 
    bd50     bd50        0     1                 
    bd68     bd68        0     1                 
    bd80     bd80        0     1                 
    bd98     bd98        0     1                 
    bdb0     bdb0        0     1                 
    bdc8     bdc8        0     1                 
    bde8     bde8        0     1                 
    be08     be08        0     1                 
    be28     be28        0     1                 
    be40     be40        0     1                 
    be58     be58        0     1                 
    be78     be78        0     1                 
    be90     be90        0     1                 
    bea8     bea8        0     1                 
    bec0     bec0        0     1                 
    bed8     bed8        0     1                 
    bef0     bef0        0     1                 
    bf08     bf08        0     1                 
    bf20     bf20        0     1                 
    bf38     bf38        0     1                 
    bf50     bf50        0     1                 
    bf68     bf68        0     1                 
    bf80     bf80        0     1                 
    bf98     bf98        0     1                 
    bfb0     bfb0        0     1                 
    bfc8     bfc8        0     1                 
    bfe0     bfe0        0     1                 
    c000     c000        0     1                 
    c018     c018        0     1                 
    c030     c030        0     1                 
    c048     c048        0     1                 
    c060     c060        0     1                 
    c078     c078        0     1                 
    c090     c090        0     1                 
    c0a8     c0a8        0     1                 
    c0c0     c0c0        0     1                 
    c0e0     c0e0        0     1                 
    c100     c100        0     1                 
    c120     c120        0     1                 
    c140     c140        0     1                 
    c158     c158        0     1                 
    c170     c170        0     1                 
    c198     c198        0     1                 
    c1b8     c1b8        0     1                 
    c1e0     c1e0        0     1                 
    c208     c208        0     1                 
    c220     c220        0     1                 
    c238     c238        0     1                 
    c250     c250        0     1                 
    c268     c268        0     1                 
    c280     c280        0     1                 
    c298     c298        0     1                 
    c2b8     c2b8        0     1                 
    c2d8     c2d8        0     1                 
    c2f8     c2f8        0     1                 
    c318     c318        0     1                 
    c338     c338        0     1                 
    c358     c358        0     1                 
    c370     c370        0     1                 
    c388     c388        0     1                 
    c3a0     c3a0        0     1                 
    c3b8     c3b8        0     1                 
    c3d0     c3d0        0     1                 
    c3f0     c3f0        0     1                 
    c410     c410        0     1                 
    c428     c428        0     1                 
    c440     c440        0     1                 
    c458     c458        0     1                 
    c470     c470        0     1                 
    c488     c488        0     1                 
    c4a0     c4a0        0     1                 
    c4b8     c4b8        0     1                 
    c4d0     c4d0        0     1                 
    c4e8     c4e8        0     1                 
    c500     c500        0     1                 
    c518     c518        0     1                 
    c538     c538        0     1                 
    c558     c558        0     1                 
    c570     c570        0     1                 
    c588     c588        0     1                 
    c5a0     c5a0        0     1                 
    c5b8     c5b8        0     1                 
    c5d0     c5d0        0     1                 
    c5e8     c5e8        0     1                 
    c600     c600        0     1                 
    c620     c620        0     1                 
    c640     c640        0     1                 
    c658     c658        0     1                 
    c670     c670        0     1                 
    c688     c688        0     1                 
    c6a0     c6a0        0     1                 
    c6b8     c6b8        0     1                 
    c6d0     c6d0        0     1                 
    c6e8     c6e8        0     1                 
    c700     c700        0     1                 
    c720     c720        0     1                 
    c740     c740        0     1                 
    c758     c758        0     1                 
    c770     c770        0     1                 
    c788     c788        0     1                 
    c7a8     c7a8        0     1                 
    c7c8     c7c8        0     1                 
    c7e0     c7e0        0     1                 
    c800     c800        0     1                 
    c820     c820        0     1                 
    c838     c838        0     1                 
    c858     c858        0     1                 
    c878     c878        0     1                 
    c890     c890        0     1                 
    c8a8     c8a8        0     1                 
    c8c8     c8c8        0     1                 
    c8e8     c8e8        0     1                 
    c908     c908        0     1                 
    c920     c920        0     1                 
    c940     c940        0     1                 
    c960     c960        0     1                 
    c980     c980        0     1                 
    c998     c998        0     1                 
    d870     d870       58     1         /Users/sasamoto-ryoki/.rustup/toolchains/nightly-aarch64-apple-darwin/lib/rustlib/riscv32i-unknown-none-elf/lib/libcompiler_builtins-719b0b9267b94cfc.rlib(compiler_builtins-719b0b9267b94cfc.compiler_builtins.62963b759c900435-cgu.001.rcgu.o):(.debug_ranges)
    d870     d870        0     1                 
    d870     d870        0     1                 $d.8
    d888     d888        0     1                 
    d8a8     d8a8        0     1                 
    d8c8     d8c8       30     1         /Users/sasamoto-ryoki/.rustup/toolchains/nightly-aarch64-apple-darwin/lib/rustlib/riscv32i-unknown-none-elf/lib/libcompiler_builtins-719b0b9267b94cfc.rlib(compiler_builtins-719b0b9267b94cfc.compiler_builtins.62963b759c900435-cgu.117.rcgu.o):(.debug_ranges)
    d8c8     d8c8        0     1                 
    d8c8     d8c8        0     1                 $d.6
    d8e0     d8e0        0     1                 
    d8f8     d8f8       d8     1         /Users/sasamoto-ryoki/.rustup/toolchains/nightly-aarch64-apple-darwin/lib/rustlib/riscv32i-unknown-none-elf/lib/libcompiler_builtins-719b0b9267b94cfc.rlib(compiler_builtins-719b0b9267b94cfc.compiler_builtins.62963b759c900435-cgu.006.rcgu.o):(.debug_ranges)
    d8f8     d8f8        0     1                 
    d8f8     d8f8        0     1                 $d.7
    d910     d910        0     1                 
    d928     d928        0     1                 
    d940     d940        0     1                 
    d958     d958        0     1                 
    d970     d970        0     1                 
    d988     d988        0     1                 
    d9a0     d9a0        0     1                 
    d9b8     d9b8        0     1                 
    d9d0     d9d0       30     1         /Users/sasamoto-ryoki/.rustup/toolchains/nightly-aarch64-apple-darwin/lib/rustlib/riscv32i-unknown-none-elf/lib/libcompiler_builtins-719b0b9267b94cfc.rlib(compiler_builtins-719b0b9267b94cfc.compiler_builtins.62963b759c900435-cgu.138.rcgu.o):(.debug_ranges)
    d9d0     d9d0        0     1                 
    d9d0     d9d0        0     1                 $d.6
    d9e8     d9e8        0     1                 
    da00     da00       30     1         /Users/sasamoto-ryoki/.rustup/toolchains/nightly-aarch64-apple-darwin/lib/rustlib/riscv32i-unknown-none-elf/lib/libcompiler_builtins-719b0b9267b94cfc.rlib(compiler_builtins-719b0b9267b94cfc.compiler_builtins.62963b759c900435-cgu.139.rcgu.o):(.debug_ranges)
    da00     da00        0     1                 
    da00     da00        0     1                 $d.6
    da18     da18        0     1                 
    da30     da30       30     1         /Users/sasamoto-ryoki/.rustup/toolchains/nightly-aarch64-apple-darwin/lib/rustlib/riscv32i-unknown-none-elf/lib/libcompiler_builtins-719b0b9267b94cfc.rlib(compiler_builtins-719b0b9267b94cfc.compiler_builtins.62963b759c900435-cgu.164.rcgu.o):(.debug_ranges)
    da30     da30        0     1                 
    da30     da30        0     1                 $d.6
    da48     da48        0     1                 
    da60     da60      188     1         /Users/sasamoto-ryoki/.rustup/toolchains/nightly-aarch64-apple-darwin/lib/rustlib/riscv32i-unknown-none-elf/lib/libcompiler_builtins-719b0b9267b94cfc.rlib(compiler_builtins-719b0b9267b94cfc.compiler_builtins.62963b759c900435-cgu.002.rcgu.o):(.debug_ranges)
    da60     da60        0     1                 
    da60     da60        0     1                 $d.7
    da78     da78        0     1                 
    da90     da90        0     1                 
    daa8     daa8        0     1                 
    dac8     dac8        0     1                 
    dae8     dae8        0     1                 
    db08     db08        0     1                 
    db28     db28        0     1                 
    db48     db48        0     1                 
    db60     db60        0     1                 
    db78     db78        0     1                 
    db90     db90        0     1                 
    dbb8     dbb8        0     1                 
    dbd0     dbd0        0     1                 
    dbe8     dbe8       f8     1         /Users/sasamoto-ryoki/.rustup/toolchains/nightly-aarch64-apple-darwin/lib/rustlib/riscv32i-unknown-none-elf/lib/libcompiler_builtins-719b0b9267b94cfc.rlib(compiler_builtins-719b0b9267b94cfc.compiler_builtins.62963b759c900435-cgu.008.rcgu.o):(.debug_ranges)
    dbe8     dbe8        0     1                 
    dbe8     dbe8        0     1                 $d.20
    dc00     dc00        0     1                 
    dc18     dc18        0     1                 
    dc30     dc30        0     1                 
    dc48     dc48        0     1                 
    dc60     dc60        0     1                 
    dce0     dce0       40     1         /Users/sasamoto-ryoki/.rustup/toolchains/nightly-aarch64-apple-darwin/lib/rustlib/riscv32i-unknown-none-elf/lib/libcompiler_builtins-719b0b9267b94cfc.rlib(compiler_builtins-719b0b9267b94cfc.compiler_builtins.62963b759c900435-cgu.171.rcgu.o):(.debug_ranges)
    dce0     dce0        0     1                 
    dce0     dce0        0     1                 $d.6
    dd00     dd00        0     1                 
    dd20     dd20       30     1         /Users/sasamoto-ryoki/.rustup/toolchains/nightly-aarch64-apple-darwin/lib/rustlib/riscv32i-unknown-none-elf/lib/libcompiler_builtins-719b0b9267b94cfc.rlib(compiler_builtins-719b0b9267b94cfc.compiler_builtins.62963b759c900435-cgu.203.rcgu.o):(.debug_ranges)
    dd20     dd20        0     1                 
    dd20     dd20        0     1                 $d.6
    dd38     dd38        0     1                 
    dd50     dd50       f8     1         /Users/sasamoto-ryoki/.rustup/toolchains/nightly-aarch64-apple-darwin/lib/rustlib/riscv32i-unknown-none-elf/lib/libcompiler_builtins-719b0b9267b94cfc.rlib(compiler_builtins-719b0b9267b94cfc.compiler_builtins.62963b759c900435-cgu.209.rcgu.o):(.debug_ranges)
    dd50     dd50        0     1                 
    dd50     dd50        0     1                 $d.6
    dd68     dd68        0     1                 
    dd80     dd80        0     1                 
    ddb0     ddb0        0     1                 
    ddc8     ddc8        0     1                 
    ddf0     ddf0        0     1                 
    de18     de18        0     1                 
    de30     de30        0     1                 
       0        0    19ff0     4 .symtab
       0        0    19ff0     4         <internal>:(.symtab)
       0        0       ae     1 .shstrtab
       0        0       ae     1         <internal>:(.shstrtab)
       0        0     155b     1 .strtab
       0        0     155b     1         <internal>:(.strtab)
