     VMA      LMA     Size Align Out     In      Symbol
       0        0 80200000     1 . = 0x80200000
80200000 80200000       18     4 .eh_frame
80200000 80200000       14     1         /Users/sasamoto-ryoki/.rustup/toolchains/nightly-aarch64-apple-darwin/lib/rustlib/riscv32i-unknown-none-elf/lib/libcore-b0319b1b7638df89.rlib(core-b0319b1b7638df89.core.88d4898e818435ef-cgu.0.rcgu.o):(.eh_frame+0x0)
80200018 80200018        0     4 .bss
80200018 80200018        0     1         __bss = .
80200018 80200018        0     1         __bss_end = .
80200018 80200018        0     1 . = ALIGN ( 4 )
80200018 80200018    20000     1 . += 128 * 1024
80220018 80220018        0     1 __stack_top = .
       0        0     16c2     1 .debug_abbrev
       0        0       90     1         /Users/sasamoto-ryoki/ghq/github.com/Sas-ry/SasaOS/target/riscv32i-unknown-none-elf/debug/deps/SasaOS-34c841ed3cb70076.11ceccbw6rlg5d9msb59tu06p.rcgu.o:(.debug_abbrev)
       0        0        0     1                 $d.1
      90       90       b5     1         /Users/sasamoto-ryoki/ghq/github.com/Sas-ry/SasaOS/target/riscv32i-unknown-none-elf/debug/deps/SasaOS-34c841ed3cb70076.1r2v4dbhx0x7ocimrbj4ss8oh.rcgu.o:(.debug_abbrev)
      90       90        0     1                 $d.2
     145      145      1c7     1         /Users/sasamoto-ryoki/ghq/github.com/Sas-ry/SasaOS/target/riscv32i-unknown-none-elf/debug/deps/SasaOS-34c841ed3cb70076.5j4qxlvfeikpuygizaka2381q.rcgu.o:(.debug_abbrev)
     145      145        0     1                 $d.6
     30c      30c       f6     1         /Users/sasamoto-ryoki/ghq/github.com/Sas-ry/SasaOS/target/riscv32i-unknown-none-elf/debug/deps/SasaOS-34c841ed3cb70076.68034wd2t9me5q1hidc0q1ofw.rcgu.o:(.debug_abbrev)
     30c      30c        0     1                 $d.3
     402      402      278     1         /Users/sasamoto-ryoki/.rustup/toolchains/nightly-aarch64-apple-darwin/lib/rustlib/riscv32i-unknown-none-elf/lib/libcore-b0319b1b7638df89.rlib(core-b0319b1b7638df89.core.88d4898e818435ef-cgu.0.rcgu.o):(.debug_abbrev)
     402      402        0     1                 $d.989
     67a      67a       4e     1         /Users/sasamoto-ryoki/.rustup/toolchains/nightly-aarch64-apple-darwin/lib/rustlib/riscv32i-unknown-none-elf/lib/libcompiler_builtins-719b0b9267b94cfc.rlib(compiler_builtins-719b0b9267b94cfc.compiler_builtins.62963b759c900435-cgu.080.rcgu.o):(.debug_abbrev)
     67a      67a        0     1                 $d.3
     6c8      6c8       4e     1         /Users/sasamoto-ryoki/.rustup/toolchains/nightly-aarch64-apple-darwin/lib/rustlib/riscv32i-unknown-none-elf/lib/libcompiler_builtins-719b0b9267b94cfc.rlib(compiler_builtins-719b0b9267b94cfc.compiler_builtins.62963b759c900435-cgu.081.rcgu.o):(.debug_abbrev)
     6c8      6c8        0     1                 $d.3
     716      716       5f     1         /Users/sasamoto-ryoki/.rustup/toolchains/nightly-aarch64-apple-darwin/lib/rustlib/riscv32i-unknown-none-elf/lib/libcompiler_builtins-719b0b9267b94cfc.rlib(compiler_builtins-719b0b9267b94cfc.compiler_builtins.62963b759c900435-cgu.108.rcgu.o):(.debug_abbrev)
     716      716        0     1                 $d.3
     775      775       ae     1         /Users/sasamoto-ryoki/.rustup/toolchains/nightly-aarch64-apple-darwin/lib/rustlib/riscv32i-unknown-none-elf/lib/libcompiler_builtins-719b0b9267b94cfc.rlib(compiler_builtins-719b0b9267b94cfc.compiler_builtins.62963b759c900435-cgu.001.rcgu.o):(.debug_abbrev)
     775      775        0     1                 $d.5
     823      823       aa     1         /Users/sasamoto-ryoki/.rustup/toolchains/nightly-aarch64-apple-darwin/lib/rustlib/riscv32i-unknown-none-elf/lib/libcompiler_builtins-719b0b9267b94cfc.rlib(compiler_builtins-719b0b9267b94cfc.compiler_builtins.62963b759c900435-cgu.117.rcgu.o):(.debug_abbrev)
     823      823        0     1                 $d.3
     8cd      8cd       5f     1         /Users/sasamoto-ryoki/.rustup/toolchains/nightly-aarch64-apple-darwin/lib/rustlib/riscv32i-unknown-none-elf/lib/libcompiler_builtins-719b0b9267b94cfc.rlib(compiler_builtins-719b0b9267b94cfc.compiler_builtins.62963b759c900435-cgu.125.rcgu.o):(.debug_abbrev)
     8cd      8cd        0     1                 $d.3
     92c      92c       2e     1         /Users/sasamoto-ryoki/.rustup/toolchains/nightly-aarch64-apple-darwin/lib/rustlib/riscv32i-unknown-none-elf/lib/libcompiler_builtins-719b0b9267b94cfc.rlib(compiler_builtins-719b0b9267b94cfc.compiler_builtins.62963b759c900435-cgu.136.rcgu.o):(.debug_abbrev)
     92c      92c        0     1                 $d.3
     95a      95a       ff     1         /Users/sasamoto-ryoki/.rustup/toolchains/nightly-aarch64-apple-darwin/lib/rustlib/riscv32i-unknown-none-elf/lib/libcompiler_builtins-719b0b9267b94cfc.rlib(compiler_builtins-719b0b9267b94cfc.compiler_builtins.62963b759c900435-cgu.006.rcgu.o):(.debug_abbrev)
     95a      95a        0     1                 $d.4
     a59      a59       aa     1         /Users/sasamoto-ryoki/.rustup/toolchains/nightly-aarch64-apple-darwin/lib/rustlib/riscv32i-unknown-none-elf/lib/libcompiler_builtins-719b0b9267b94cfc.rlib(compiler_builtins-719b0b9267b94cfc.compiler_builtins.62963b759c900435-cgu.138.rcgu.o):(.debug_abbrev)
     a59      a59        0     1                 $d.3
     b03      b03       aa     1         /Users/sasamoto-ryoki/.rustup/toolchains/nightly-aarch64-apple-darwin/lib/rustlib/riscv32i-unknown-none-elf/lib/libcompiler_builtins-719b0b9267b94cfc.rlib(compiler_builtins-719b0b9267b94cfc.compiler_builtins.62963b759c900435-cgu.139.rcgu.o):(.debug_abbrev)
     b03      b03        0     1                 $d.3
     bad      bad       9f     1         /Users/sasamoto-ryoki/.rustup/toolchains/nightly-aarch64-apple-darwin/lib/rustlib/riscv32i-unknown-none-elf/lib/libcompiler_builtins-719b0b9267b94cfc.rlib(compiler_builtins-719b0b9267b94cfc.compiler_builtins.62963b759c900435-cgu.141.rcgu.o):(.debug_abbrev)
     bad      bad        0     1                 $d.3
     c4c      c4c       9b     1         /Users/sasamoto-ryoki/.rustup/toolchains/nightly-aarch64-apple-darwin/lib/rustlib/riscv32i-unknown-none-elf/lib/libcompiler_builtins-719b0b9267b94cfc.rlib(compiler_builtins-719b0b9267b94cfc.compiler_builtins.62963b759c900435-cgu.164.rcgu.o):(.debug_abbrev)
     c4c      c4c        0     1                 $d.3
     ce7      ce7       2e     1         /Users/sasamoto-ryoki/.rustup/toolchains/nightly-aarch64-apple-darwin/lib/rustlib/riscv32i-unknown-none-elf/lib/libcompiler_builtins-719b0b9267b94cfc.rlib(compiler_builtins-719b0b9267b94cfc.compiler_builtins.62963b759c900435-cgu.165.rcgu.o):(.debug_abbrev)
     ce7      ce7        0     1                 $d.3
     d15      d15      14c     1         /Users/sasamoto-ryoki/.rustup/toolchains/nightly-aarch64-apple-darwin/lib/rustlib/riscv32i-unknown-none-elf/lib/libcompiler_builtins-719b0b9267b94cfc.rlib(compiler_builtins-719b0b9267b94cfc.compiler_builtins.62963b759c900435-cgu.002.rcgu.o):(.debug_abbrev)
     d15      d15        0     1                 $d.4
     e61      e61       2e     1         /Users/sasamoto-ryoki/.rustup/toolchains/nightly-aarch64-apple-darwin/lib/rustlib/riscv32i-unknown-none-elf/lib/libcompiler_builtins-719b0b9267b94cfc.rlib(compiler_builtins-719b0b9267b94cfc.compiler_builtins.62963b759c900435-cgu.168.rcgu.o):(.debug_abbrev)
     e61      e61        0     1                 $d.3
     e8f      e8f       d4     1         /Users/sasamoto-ryoki/.rustup/toolchains/nightly-aarch64-apple-darwin/lib/rustlib/riscv32i-unknown-none-elf/lib/libcompiler_builtins-719b0b9267b94cfc.rlib(compiler_builtins-719b0b9267b94cfc.compiler_builtins.62963b759c900435-cgu.008.rcgu.o):(.debug_abbrev)
     e8f      e8f        0     1                 $d.17
     f63      f63       aa     1         /Users/sasamoto-ryoki/.rustup/toolchains/nightly-aarch64-apple-darwin/lib/rustlib/riscv32i-unknown-none-elf/lib/libcompiler_builtins-719b0b9267b94cfc.rlib(compiler_builtins-719b0b9267b94cfc.compiler_builtins.62963b759c900435-cgu.171.rcgu.o):(.debug_abbrev)
     f63      f63        0     1                 $d.3
    100d     100d       5f     1         /Users/sasamoto-ryoki/.rustup/toolchains/nightly-aarch64-apple-darwin/lib/rustlib/riscv32i-unknown-none-elf/lib/libcompiler_builtins-719b0b9267b94cfc.rlib(compiler_builtins-719b0b9267b94cfc.compiler_builtins.62963b759c900435-cgu.177.rcgu.o):(.debug_abbrev)
    100d     100d        0     1                 $d.3
    106c     106c       ae     1         /Users/sasamoto-ryoki/.rustup/toolchains/nightly-aarch64-apple-darwin/lib/rustlib/riscv32i-unknown-none-elf/lib/libcompiler_builtins-719b0b9267b94cfc.rlib(compiler_builtins-719b0b9267b94cfc.compiler_builtins.62963b759c900435-cgu.182.rcgu.o):(.debug_abbrev)
    106c     106c        0     1                 $d.3
    111a     111a       5f     1         /Users/sasamoto-ryoki/.rustup/toolchains/nightly-aarch64-apple-darwin/lib/rustlib/riscv32i-unknown-none-elf/lib/libcompiler_builtins-719b0b9267b94cfc.rlib(compiler_builtins-719b0b9267b94cfc.compiler_builtins.62963b759c900435-cgu.189.rcgu.o):(.debug_abbrev)
    111a     111a        0     1                 $d.3
    1179     1179       70     1         /Users/sasamoto-ryoki/.rustup/toolchains/nightly-aarch64-apple-darwin/lib/rustlib/riscv32i-unknown-none-elf/lib/libcompiler_builtins-719b0b9267b94cfc.rlib(compiler_builtins-719b0b9267b94cfc.compiler_builtins.62963b759c900435-cgu.199.rcgu.o):(.debug_abbrev)
    1179     1179        0     1                 $d.3
    11e9     11e9       bd     1         /Users/sasamoto-ryoki/.rustup/toolchains/nightly-aarch64-apple-darwin/lib/rustlib/riscv32i-unknown-none-elf/lib/libcompiler_builtins-719b0b9267b94cfc.rlib(compiler_builtins-719b0b9267b94cfc.compiler_builtins.62963b759c900435-cgu.203.rcgu.o):(.debug_abbrev)
    11e9     11e9        0     1                 $d.3
    12a6     12a6       2e     1         /Users/sasamoto-ryoki/.rustup/toolchains/nightly-aarch64-apple-darwin/lib/rustlib/riscv32i-unknown-none-elf/lib/libcompiler_builtins-719b0b9267b94cfc.rlib(compiler_builtins-719b0b9267b94cfc.compiler_builtins.62963b759c900435-cgu.205.rcgu.o):(.debug_abbrev)
    12a6     12a6        0     1                 $d.3
    12d4     12d4       5f     1         /Users/sasamoto-ryoki/.rustup/toolchains/nightly-aarch64-apple-darwin/lib/rustlib/riscv32i-unknown-none-elf/lib/libcompiler_builtins-719b0b9267b94cfc.rlib(compiler_builtins-719b0b9267b94cfc.compiler_builtins.62963b759c900435-cgu.206.rcgu.o):(.debug_abbrev)
    12d4     12d4        0     1                 $d.3
    1333     1333       e8     1         /Users/sasamoto-ryoki/.rustup/toolchains/nightly-aarch64-apple-darwin/lib/rustlib/riscv32i-unknown-none-elf/lib/libcompiler_builtins-719b0b9267b94cfc.rlib(compiler_builtins-719b0b9267b94cfc.compiler_builtins.62963b759c900435-cgu.209.rcgu.o):(.debug_abbrev)
    1333     1333        0     1                 $d.3
    141b     141b       ae     1         /Users/sasamoto-ryoki/.rustup/toolchains/nightly-aarch64-apple-darwin/lib/rustlib/riscv32i-unknown-none-elf/lib/libcompiler_builtins-719b0b9267b94cfc.rlib(compiler_builtins-719b0b9267b94cfc.compiler_builtins.62963b759c900435-cgu.214.rcgu.o):(.debug_abbrev)
    141b     141b        0     1                 $d.3
    14c9     14c9       90     1         /Users/sasamoto-ryoki/.rustup/toolchains/nightly-aarch64-apple-darwin/lib/rustlib/riscv32i-unknown-none-elf/lib/libcompiler_builtins-719b0b9267b94cfc.rlib(compiler_builtins-719b0b9267b94cfc.compiler_builtins.62963b759c900435-cgu.231.rcgu.o):(.debug_abbrev)
    14c9     14c9        0     1                 $d.3
    1559     1559       2e     1         /Users/sasamoto-ryoki/.rustup/toolchains/nightly-aarch64-apple-darwin/lib/rustlib/riscv32i-unknown-none-elf/lib/libcompiler_builtins-719b0b9267b94cfc.rlib(compiler_builtins-719b0b9267b94cfc.compiler_builtins.62963b759c900435-cgu.240.rcgu.o):(.debug_abbrev)
    1559     1559        0     1                 $d.3
    1587     1587       ae     1         /Users/sasamoto-ryoki/.rustup/toolchains/nightly-aarch64-apple-darwin/lib/rustlib/riscv32i-unknown-none-elf/lib/libcompiler_builtins-719b0b9267b94cfc.rlib(compiler_builtins-719b0b9267b94cfc.compiler_builtins.62963b759c900435-cgu.242.rcgu.o):(.debug_abbrev)
    1587     1587        0     1                 $d.3
    1635     1635       5f     1         /Users/sasamoto-ryoki/.rustup/toolchains/nightly-aarch64-apple-darwin/lib/rustlib/riscv32i-unknown-none-elf/lib/libcompiler_builtins-719b0b9267b94cfc.rlib(compiler_builtins-719b0b9267b94cfc.compiler_builtins.62963b759c900435-cgu.246.rcgu.o):(.debug_abbrev)
    1635     1635        0     1                 $d.3
    1694     1694       2e     1         /Users/sasamoto-ryoki/.rustup/toolchains/nightly-aarch64-apple-darwin/lib/rustlib/riscv32i-unknown-none-elf/lib/libcompiler_builtins-719b0b9267b94cfc.rlib(compiler_builtins-719b0b9267b94cfc.compiler_builtins.62963b759c900435-cgu.258.rcgu.o):(.debug_abbrev)
    1694     1694        0     1                 $d.3
       0        0    24820     1 .debug_info
       0        0       e6     1         /Users/sasamoto-ryoki/ghq/github.com/Sas-ry/SasaOS/target/riscv32i-unknown-none-elf/debug/deps/SasaOS-34c841ed3cb70076.11ceccbw6rlg5d9msb59tu06p.rcgu.o:(.debug_info)
       0        0        0     1                 
       0        0        0     1                 $d.2
      e6       e6      10f     1         /Users/sasamoto-ryoki/ghq/github.com/Sas-ry/SasaOS/target/riscv32i-unknown-none-elf/debug/deps/SasaOS-34c841ed3cb70076.1r2v4dbhx0x7ocimrbj4ss8oh.rcgu.o:(.debug_info)
      e6       e6        0     1                 
      e6       e6        0     1                 $d.3
     1f5      1f5      7f8     1         /Users/sasamoto-ryoki/ghq/github.com/Sas-ry/SasaOS/target/riscv32i-unknown-none-elf/debug/deps/SasaOS-34c841ed3cb70076.5j4qxlvfeikpuygizaka2381q.rcgu.o:(.debug_info)
     1f5      1f5        0     1                 
     1f5      1f5        0     1                 $d.7
     9ed      9ed      22d     1         /Users/sasamoto-ryoki/ghq/github.com/Sas-ry/SasaOS/target/riscv32i-unknown-none-elf/debug/deps/SasaOS-34c841ed3cb70076.68034wd2t9me5q1hidc0q1ofw.rcgu.o:(.debug_info)
     9ed      9ed        0     1                 
     9ed      9ed        0     1                 $d.4
     c1a      c1a    1fce3     1         /Users/sasamoto-ryoki/.rustup/toolchains/nightly-aarch64-apple-darwin/lib/rustlib/riscv32i-unknown-none-elf/lib/libcore-b0319b1b7638df89.rlib(core-b0319b1b7638df89.core.88d4898e818435ef-cgu.0.rcgu.o):(.debug_info)
     c1a      c1a        0     1                 
     c1a      c1a        0     1                 $d.990
   208fd    208fd       6a     1         /Users/sasamoto-ryoki/.rustup/toolchains/nightly-aarch64-apple-darwin/lib/rustlib/riscv32i-unknown-none-elf/lib/libcompiler_builtins-719b0b9267b94cfc.rlib(compiler_builtins-719b0b9267b94cfc.compiler_builtins.62963b759c900435-cgu.080.rcgu.o):(.debug_info)
   208fd    208fd        0     1                 
   208fd    208fd        0     1                 $d.4
   20967    20967       6a     1         /Users/sasamoto-ryoki/.rustup/toolchains/nightly-aarch64-apple-darwin/lib/rustlib/riscv32i-unknown-none-elf/lib/libcompiler_builtins-719b0b9267b94cfc.rlib(compiler_builtins-719b0b9267b94cfc.compiler_builtins.62963b759c900435-cgu.081.rcgu.o):(.debug_info)
   20967    20967        0     1                 
   20967    20967        0     1                 $d.4
   209d1    209d1       a1     1         /Users/sasamoto-ryoki/.rustup/toolchains/nightly-aarch64-apple-darwin/lib/rustlib/riscv32i-unknown-none-elf/lib/libcompiler_builtins-719b0b9267b94cfc.rlib(compiler_builtins-719b0b9267b94cfc.compiler_builtins.62963b759c900435-cgu.108.rcgu.o):(.debug_info)
   209d1    209d1        0     1                 
   209d1    209d1        0     1                 $d.4
   20a72    20a72      419     1         /Users/sasamoto-ryoki/.rustup/toolchains/nightly-aarch64-apple-darwin/lib/rustlib/riscv32i-unknown-none-elf/lib/libcompiler_builtins-719b0b9267b94cfc.rlib(compiler_builtins-719b0b9267b94cfc.compiler_builtins.62963b759c900435-cgu.001.rcgu.o):(.debug_info)
   20a72    20a72        0     1                 
   20a72    20a72        0     1                 $d.6
   20e8b    20e8b      15e     1         /Users/sasamoto-ryoki/.rustup/toolchains/nightly-aarch64-apple-darwin/lib/rustlib/riscv32i-unknown-none-elf/lib/libcompiler_builtins-719b0b9267b94cfc.rlib(compiler_builtins-719b0b9267b94cfc.compiler_builtins.62963b759c900435-cgu.117.rcgu.o):(.debug_info)
   20e8b    20e8b        0     1                 
   20e8b    20e8b        0     1                 $d.4
   20fe9    20fe9       a1     1         /Users/sasamoto-ryoki/.rustup/toolchains/nightly-aarch64-apple-darwin/lib/rustlib/riscv32i-unknown-none-elf/lib/libcompiler_builtins-719b0b9267b94cfc.rlib(compiler_builtins-719b0b9267b94cfc.compiler_builtins.62963b759c900435-cgu.125.rcgu.o):(.debug_info)
   20fe9    20fe9        0     1                 
   20fe9    20fe9        0     1                 $d.4
   2108a    2108a       51     1         /Users/sasamoto-ryoki/.rustup/toolchains/nightly-aarch64-apple-darwin/lib/rustlib/riscv32i-unknown-none-elf/lib/libcompiler_builtins-719b0b9267b94cfc.rlib(compiler_builtins-719b0b9267b94cfc.compiler_builtins.62963b759c900435-cgu.136.rcgu.o):(.debug_info)
   2108a    2108a        0     1                 
   2108a    2108a        0     1                 $d.4
   210db    210db      9d6     1         /Users/sasamoto-ryoki/.rustup/toolchains/nightly-aarch64-apple-darwin/lib/rustlib/riscv32i-unknown-none-elf/lib/libcompiler_builtins-719b0b9267b94cfc.rlib(compiler_builtins-719b0b9267b94cfc.compiler_builtins.62963b759c900435-cgu.006.rcgu.o):(.debug_info)
   210db    210db        0     1                 
   210db    210db        0     1                 $d.5
   21ab1    21ab1      1e4     1         /Users/sasamoto-ryoki/.rustup/toolchains/nightly-aarch64-apple-darwin/lib/rustlib/riscv32i-unknown-none-elf/lib/libcompiler_builtins-719b0b9267b94cfc.rlib(compiler_builtins-719b0b9267b94cfc.compiler_builtins.62963b759c900435-cgu.138.rcgu.o):(.debug_info)
   21ab1    21ab1        0     1                 
   21ab1    21ab1        0     1                 $d.4
   21c95    21c95      1e4     1         /Users/sasamoto-ryoki/.rustup/toolchains/nightly-aarch64-apple-darwin/lib/rustlib/riscv32i-unknown-none-elf/lib/libcompiler_builtins-719b0b9267b94cfc.rlib(compiler_builtins-719b0b9267b94cfc.compiler_builtins.62963b759c900435-cgu.139.rcgu.o):(.debug_info)
   21c95    21c95        0     1                 
   21c95    21c95        0     1                 $d.4
   21e79    21e79      122     1         /Users/sasamoto-ryoki/.rustup/toolchains/nightly-aarch64-apple-darwin/lib/rustlib/riscv32i-unknown-none-elf/lib/libcompiler_builtins-719b0b9267b94cfc.rlib(compiler_builtins-719b0b9267b94cfc.compiler_builtins.62963b759c900435-cgu.141.rcgu.o):(.debug_info)
   21e79    21e79        0     1                 
   21e79    21e79        0     1                 $d.4
   21f9b    21f9b      13a     1         /Users/sasamoto-ryoki/.rustup/toolchains/nightly-aarch64-apple-darwin/lib/rustlib/riscv32i-unknown-none-elf/lib/libcompiler_builtins-719b0b9267b94cfc.rlib(compiler_builtins-719b0b9267b94cfc.compiler_builtins.62963b759c900435-cgu.164.rcgu.o):(.debug_info)
   21f9b    21f9b        0     1                 
   21f9b    21f9b        0     1                 $d.4
   220d5    220d5       51     1         /Users/sasamoto-ryoki/.rustup/toolchains/nightly-aarch64-apple-darwin/lib/rustlib/riscv32i-unknown-none-elf/lib/libcompiler_builtins-719b0b9267b94cfc.rlib(compiler_builtins-719b0b9267b94cfc.compiler_builtins.62963b759c900435-cgu.165.rcgu.o):(.debug_info)
   220d5    220d5        0     1                 
   220d5    220d5        0     1                 $d.4
   22126    22126      dde     1         /Users/sasamoto-ryoki/.rustup/toolchains/nightly-aarch64-apple-darwin/lib/rustlib/riscv32i-unknown-none-elf/lib/libcompiler_builtins-719b0b9267b94cfc.rlib(compiler_builtins-719b0b9267b94cfc.compiler_builtins.62963b759c900435-cgu.002.rcgu.o):(.debug_info)
   22126    22126        0     1                 
   22126    22126        0     1                 $d.5
   22f04    22f04       4b     1         /Users/sasamoto-ryoki/.rustup/toolchains/nightly-aarch64-apple-darwin/lib/rustlib/riscv32i-unknown-none-elf/lib/libcompiler_builtins-719b0b9267b94cfc.rlib(compiler_builtins-719b0b9267b94cfc.compiler_builtins.62963b759c900435-cgu.168.rcgu.o):(.debug_info)
   22f04    22f04        0     1                 
   22f04    22f04        0     1                 $d.4
   22f4f    22f4f      942     1         /Users/sasamoto-ryoki/.rustup/toolchains/nightly-aarch64-apple-darwin/lib/rustlib/riscv32i-unknown-none-elf/lib/libcompiler_builtins-719b0b9267b94cfc.rlib(compiler_builtins-719b0b9267b94cfc.compiler_builtins.62963b759c900435-cgu.008.rcgu.o):(.debug_info)
   22f4f    22f4f        0     1                 
   22f4f    22f4f        0     1                 $d.18
   23891    23891      1e4     1         /Users/sasamoto-ryoki/.rustup/toolchains/nightly-aarch64-apple-darwin/lib/rustlib/riscv32i-unknown-none-elf/lib/libcompiler_builtins-719b0b9267b94cfc.rlib(compiler_builtins-719b0b9267b94cfc.compiler_builtins.62963b759c900435-cgu.171.rcgu.o):(.debug_info)
   23891    23891        0     1                 
   23891    23891        0     1                 $d.4
   23a75    23a75       a1     1         /Users/sasamoto-ryoki/.rustup/toolchains/nightly-aarch64-apple-darwin/lib/rustlib/riscv32i-unknown-none-elf/lib/libcompiler_builtins-719b0b9267b94cfc.rlib(compiler_builtins-719b0b9267b94cfc.compiler_builtins.62963b759c900435-cgu.177.rcgu.o):(.debug_info)
   23a75    23a75        0     1                 
   23a75    23a75        0     1                 $d.4
   23b16    23b16      166     1         /Users/sasamoto-ryoki/.rustup/toolchains/nightly-aarch64-apple-darwin/lib/rustlib/riscv32i-unknown-none-elf/lib/libcompiler_builtins-719b0b9267b94cfc.rlib(compiler_builtins-719b0b9267b94cfc.compiler_builtins.62963b759c900435-cgu.182.rcgu.o):(.debug_info)
   23b16    23b16        0     1                 
   23b16    23b16        0     1                 $d.4
   23c7c    23c7c       a1     1         /Users/sasamoto-ryoki/.rustup/toolchains/nightly-aarch64-apple-darwin/lib/rustlib/riscv32i-unknown-none-elf/lib/libcompiler_builtins-719b0b9267b94cfc.rlib(compiler_builtins-719b0b9267b94cfc.compiler_builtins.62963b759c900435-cgu.189.rcgu.o):(.debug_info)
   23c7c    23c7c        0     1                 
   23c7c    23c7c        0     1                 $d.4
   23d1d    23d1d       f0     1         /Users/sasamoto-ryoki/.rustup/toolchains/nightly-aarch64-apple-darwin/lib/rustlib/riscv32i-unknown-none-elf/lib/libcompiler_builtins-719b0b9267b94cfc.rlib(compiler_builtins-719b0b9267b94cfc.compiler_builtins.62963b759c900435-cgu.199.rcgu.o):(.debug_info)
   23d1d    23d1d        0     1                 
   23d1d    23d1d        0     1                 $d.4
   23e0d    23e0d      158     1         /Users/sasamoto-ryoki/.rustup/toolchains/nightly-aarch64-apple-darwin/lib/rustlib/riscv32i-unknown-none-elf/lib/libcompiler_builtins-719b0b9267b94cfc.rlib(compiler_builtins-719b0b9267b94cfc.compiler_builtins.62963b759c900435-cgu.203.rcgu.o):(.debug_info)
   23e0d    23e0d        0     1                 
   23e0d    23e0d        0     1                 $d.4
   23f65    23f65       4b     1         /Users/sasamoto-ryoki/.rustup/toolchains/nightly-aarch64-apple-darwin/lib/rustlib/riscv32i-unknown-none-elf/lib/libcompiler_builtins-719b0b9267b94cfc.rlib(compiler_builtins-719b0b9267b94cfc.compiler_builtins.62963b759c900435-cgu.205.rcgu.o):(.debug_info)
   23f65    23f65        0     1                 
   23f65    23f65        0     1                 $d.4
   23fb0    23fb0       a1     1         /Users/sasamoto-ryoki/.rustup/toolchains/nightly-aarch64-apple-darwin/lib/rustlib/riscv32i-unknown-none-elf/lib/libcompiler_builtins-719b0b9267b94cfc.rlib(compiler_builtins-719b0b9267b94cfc.compiler_builtins.62963b759c900435-cgu.206.rcgu.o):(.debug_info)
   23fb0    23fb0        0     1                 
   23fb0    23fb0        0     1                 $d.4
   24051    24051      29c     1         /Users/sasamoto-ryoki/.rustup/toolchains/nightly-aarch64-apple-darwin/lib/rustlib/riscv32i-unknown-none-elf/lib/libcompiler_builtins-719b0b9267b94cfc.rlib(compiler_builtins-719b0b9267b94cfc.compiler_builtins.62963b759c900435-cgu.209.rcgu.o):(.debug_info)
   24051    24051        0     1                 
   24051    24051        0     1                 $d.4
   242ed    242ed      166     1         /Users/sasamoto-ryoki/.rustup/toolchains/nightly-aarch64-apple-darwin/lib/rustlib/riscv32i-unknown-none-elf/lib/libcompiler_builtins-719b0b9267b94cfc.rlib(compiler_builtins-719b0b9267b94cfc.compiler_builtins.62963b759c900435-cgu.214.rcgu.o):(.debug_info)
   242ed    242ed        0     1                 
   242ed    242ed        0     1                 $d.4
   24453    24453      124     1         /Users/sasamoto-ryoki/.rustup/toolchains/nightly-aarch64-apple-darwin/lib/rustlib/riscv32i-unknown-none-elf/lib/libcompiler_builtins-719b0b9267b94cfc.rlib(compiler_builtins-719b0b9267b94cfc.compiler_builtins.62963b759c900435-cgu.231.rcgu.o):(.debug_info)
   24453    24453        0     1                 
   24453    24453        0     1                 $d.4
   24577    24577       51     1         /Users/sasamoto-ryoki/.rustup/toolchains/nightly-aarch64-apple-darwin/lib/rustlib/riscv32i-unknown-none-elf/lib/libcompiler_builtins-719b0b9267b94cfc.rlib(compiler_builtins-719b0b9267b94cfc.compiler_builtins.62963b759c900435-cgu.240.rcgu.o):(.debug_info)
   24577    24577        0     1                 
   24577    24577        0     1                 $d.4
   245c8    245c8      166     1         /Users/sasamoto-ryoki/.rustup/toolchains/nightly-aarch64-apple-darwin/lib/rustlib/riscv32i-unknown-none-elf/lib/libcompiler_builtins-719b0b9267b94cfc.rlib(compiler_builtins-719b0b9267b94cfc.compiler_builtins.62963b759c900435-cgu.242.rcgu.o):(.debug_info)
   245c8    245c8        0     1                 
   245c8    245c8        0     1                 $d.4
   2472e    2472e       a1     1         /Users/sasamoto-ryoki/.rustup/toolchains/nightly-aarch64-apple-darwin/lib/rustlib/riscv32i-unknown-none-elf/lib/libcompiler_builtins-719b0b9267b94cfc.rlib(compiler_builtins-719b0b9267b94cfc.compiler_builtins.62963b759c900435-cgu.246.rcgu.o):(.debug_info)
   2472e    2472e        0     1                 
   2472e    2472e        0     1                 $d.4
   247cf    247cf       51     1         /Users/sasamoto-ryoki/.rustup/toolchains/nightly-aarch64-apple-darwin/lib/rustlib/riscv32i-unknown-none-elf/lib/libcompiler_builtins-719b0b9267b94cfc.rlib(compiler_builtins-719b0b9267b94cfc.compiler_builtins.62963b759c900435-cgu.258.rcgu.o):(.debug_info)
   247cf    247cf        0     1                 
   247cf    247cf        0     1                 $d.4
       0        0     1410     1 .debug_aranges
       0        0       20     1         /Users/sasamoto-ryoki/ghq/github.com/Sas-ry/SasaOS/target/riscv32i-unknown-none-elf/debug/deps/SasaOS-34c841ed3cb70076.11ceccbw6rlg5d9msb59tu06p.rcgu.o:(.debug_aranges)
       0        0        0     1                 $d.3
      20       20       20     1         /Users/sasamoto-ryoki/ghq/github.com/Sas-ry/SasaOS/target/riscv32i-unknown-none-elf/debug/deps/SasaOS-34c841ed3cb70076.1r2v4dbhx0x7ocimrbj4ss8oh.rcgu.o:(.debug_aranges)
      20       20        0     1                 $d.4
      40       40       48     1         /Users/sasamoto-ryoki/ghq/github.com/Sas-ry/SasaOS/target/riscv32i-unknown-none-elf/debug/deps/SasaOS-34c841ed3cb70076.5j4qxlvfeikpuygizaka2381q.rcgu.o:(.debug_aranges)
      40       40        0     1                 $d.8
      88       88       30     1         /Users/sasamoto-ryoki/ghq/github.com/Sas-ry/SasaOS/target/riscv32i-unknown-none-elf/debug/deps/SasaOS-34c841ed3cb70076.68034wd2t9me5q1hidc0q1ofw.rcgu.o:(.debug_aranges)
      88       88        0     1                 $d.5
      b8       b8      ee8     1         /Users/sasamoto-ryoki/.rustup/toolchains/nightly-aarch64-apple-darwin/lib/rustlib/riscv32i-unknown-none-elf/lib/libcore-b0319b1b7638df89.rlib(core-b0319b1b7638df89.core.88d4898e818435ef-cgu.0.rcgu.o):(.debug_aranges)
      b8       b8        0     1                 $d.991
     fa0      fa0       20     1         /Users/sasamoto-ryoki/.rustup/toolchains/nightly-aarch64-apple-darwin/lib/rustlib/riscv32i-unknown-none-elf/lib/libcompiler_builtins-719b0b9267b94cfc.rlib(compiler_builtins-719b0b9267b94cfc.compiler_builtins.62963b759c900435-cgu.080.rcgu.o):(.debug_aranges)
     fa0      fa0        0     1                 $d.5
     fc0      fc0       20     1         /Users/sasamoto-ryoki/.rustup/toolchains/nightly-aarch64-apple-darwin/lib/rustlib/riscv32i-unknown-none-elf/lib/libcompiler_builtins-719b0b9267b94cfc.rlib(compiler_builtins-719b0b9267b94cfc.compiler_builtins.62963b759c900435-cgu.081.rcgu.o):(.debug_aranges)
     fc0      fc0        0     1                 $d.5
     fe0      fe0       20     1         /Users/sasamoto-ryoki/.rustup/toolchains/nightly-aarch64-apple-darwin/lib/rustlib/riscv32i-unknown-none-elf/lib/libcompiler_builtins-719b0b9267b94cfc.rlib(compiler_builtins-719b0b9267b94cfc.compiler_builtins.62963b759c900435-cgu.108.rcgu.o):(.debug_aranges)
     fe0      fe0        0     1                 $d.5
    1000     1000       30     1         /Users/sasamoto-ryoki/.rustup/toolchains/nightly-aarch64-apple-darwin/lib/rustlib/riscv32i-unknown-none-elf/lib/libcompiler_builtins-719b0b9267b94cfc.rlib(compiler_builtins-719b0b9267b94cfc.compiler_builtins.62963b759c900435-cgu.001.rcgu.o):(.debug_aranges)
    1000     1000        0     1                 $d.7
    1030     1030       20     1         /Users/sasamoto-ryoki/.rustup/toolchains/nightly-aarch64-apple-darwin/lib/rustlib/riscv32i-unknown-none-elf/lib/libcompiler_builtins-719b0b9267b94cfc.rlib(compiler_builtins-719b0b9267b94cfc.compiler_builtins.62963b759c900435-cgu.117.rcgu.o):(.debug_aranges)
    1030     1030        0     1                 $d.5
    1050     1050       20     1         /Users/sasamoto-ryoki/.rustup/toolchains/nightly-aarch64-apple-darwin/lib/rustlib/riscv32i-unknown-none-elf/lib/libcompiler_builtins-719b0b9267b94cfc.rlib(compiler_builtins-719b0b9267b94cfc.compiler_builtins.62963b759c900435-cgu.125.rcgu.o):(.debug_aranges)
    1050     1050        0     1                 $d.5
    1070     1070       20     1         /Users/sasamoto-ryoki/.rustup/toolchains/nightly-aarch64-apple-darwin/lib/rustlib/riscv32i-unknown-none-elf/lib/libcompiler_builtins-719b0b9267b94cfc.rlib(compiler_builtins-719b0b9267b94cfc.compiler_builtins.62963b759c900435-cgu.136.rcgu.o):(.debug_aranges)
    1070     1070        0     1                 $d.5
    1090     1090       28     1         /Users/sasamoto-ryoki/.rustup/toolchains/nightly-aarch64-apple-darwin/lib/rustlib/riscv32i-unknown-none-elf/lib/libcompiler_builtins-719b0b9267b94cfc.rlib(compiler_builtins-719b0b9267b94cfc.compiler_builtins.62963b759c900435-cgu.006.rcgu.o):(.debug_aranges)
    1090     1090        0     1                 $d.6
    10b8     10b8       20     1         /Users/sasamoto-ryoki/.rustup/toolchains/nightly-aarch64-apple-darwin/lib/rustlib/riscv32i-unknown-none-elf/lib/libcompiler_builtins-719b0b9267b94cfc.rlib(compiler_builtins-719b0b9267b94cfc.compiler_builtins.62963b759c900435-cgu.138.rcgu.o):(.debug_aranges)
    10b8     10b8        0     1                 $d.5
    10d8     10d8       20     1         /Users/sasamoto-ryoki/.rustup/toolchains/nightly-aarch64-apple-darwin/lib/rustlib/riscv32i-unknown-none-elf/lib/libcompiler_builtins-719b0b9267b94cfc.rlib(compiler_builtins-719b0b9267b94cfc.compiler_builtins.62963b759c900435-cgu.139.rcgu.o):(.debug_aranges)
    10d8     10d8        0     1                 $d.5
    10f8     10f8       20     1         /Users/sasamoto-ryoki/.rustup/toolchains/nightly-aarch64-apple-darwin/lib/rustlib/riscv32i-unknown-none-elf/lib/libcompiler_builtins-719b0b9267b94cfc.rlib(compiler_builtins-719b0b9267b94cfc.compiler_builtins.62963b759c900435-cgu.141.rcgu.o):(.debug_aranges)
    10f8     10f8        0     1                 $d.5
    1118     1118       20     1         /Users/sasamoto-ryoki/.rustup/toolchains/nightly-aarch64-apple-darwin/lib/rustlib/riscv32i-unknown-none-elf/lib/libcompiler_builtins-719b0b9267b94cfc.rlib(compiler_builtins-719b0b9267b94cfc.compiler_builtins.62963b759c900435-cgu.164.rcgu.o):(.debug_aranges)
    1118     1118        0     1                 $d.5
    1138     1138       20     1         /Users/sasamoto-ryoki/.rustup/toolchains/nightly-aarch64-apple-darwin/lib/rustlib/riscv32i-unknown-none-elf/lib/libcompiler_builtins-719b0b9267b94cfc.rlib(compiler_builtins-719b0b9267b94cfc.compiler_builtins.62963b759c900435-cgu.165.rcgu.o):(.debug_aranges)
    1138     1138        0     1                 $d.5
    1158     1158       28     1         /Users/sasamoto-ryoki/.rustup/toolchains/nightly-aarch64-apple-darwin/lib/rustlib/riscv32i-unknown-none-elf/lib/libcompiler_builtins-719b0b9267b94cfc.rlib(compiler_builtins-719b0b9267b94cfc.compiler_builtins.62963b759c900435-cgu.002.rcgu.o):(.debug_aranges)
    1158     1158        0     1                 $d.6
    1180     1180       20     1         /Users/sasamoto-ryoki/.rustup/toolchains/nightly-aarch64-apple-darwin/lib/rustlib/riscv32i-unknown-none-elf/lib/libcompiler_builtins-719b0b9267b94cfc.rlib(compiler_builtins-719b0b9267b94cfc.compiler_builtins.62963b759c900435-cgu.168.rcgu.o):(.debug_aranges)
    1180     1180        0     1                 $d.5
    11a0     11a0       90     1         /Users/sasamoto-ryoki/.rustup/toolchains/nightly-aarch64-apple-darwin/lib/rustlib/riscv32i-unknown-none-elf/lib/libcompiler_builtins-719b0b9267b94cfc.rlib(compiler_builtins-719b0b9267b94cfc.compiler_builtins.62963b759c900435-cgu.008.rcgu.o):(.debug_aranges)
    11a0     11a0        0     1                 $d.19
    1230     1230       20     1         /Users/sasamoto-ryoki/.rustup/toolchains/nightly-aarch64-apple-darwin/lib/rustlib/riscv32i-unknown-none-elf/lib/libcompiler_builtins-719b0b9267b94cfc.rlib(compiler_builtins-719b0b9267b94cfc.compiler_builtins.62963b759c900435-cgu.171.rcgu.o):(.debug_aranges)
    1230     1230        0     1                 $d.5
    1250     1250       20     1         /Users/sasamoto-ryoki/.rustup/toolchains/nightly-aarch64-apple-darwin/lib/rustlib/riscv32i-unknown-none-elf/lib/libcompiler_builtins-719b0b9267b94cfc.rlib(compiler_builtins-719b0b9267b94cfc.compiler_builtins.62963b759c900435-cgu.177.rcgu.o):(.debug_aranges)
    1250     1250        0     1                 $d.5
    1270     1270       20     1         /Users/sasamoto-ryoki/.rustup/toolchains/nightly-aarch64-apple-darwin/lib/rustlib/riscv32i-unknown-none-elf/lib/libcompiler_builtins-719b0b9267b94cfc.rlib(compiler_builtins-719b0b9267b94cfc.compiler_builtins.62963b759c900435-cgu.182.rcgu.o):(.debug_aranges)
    1270     1270        0     1                 $d.5
    1290     1290       20     1         /Users/sasamoto-ryoki/.rustup/toolchains/nightly-aarch64-apple-darwin/lib/rustlib/riscv32i-unknown-none-elf/lib/libcompiler_builtins-719b0b9267b94cfc.rlib(compiler_builtins-719b0b9267b94cfc.compiler_builtins.62963b759c900435-cgu.189.rcgu.o):(.debug_aranges)
    1290     1290        0     1                 $d.5
    12b0     12b0       20     1         /Users/sasamoto-ryoki/.rustup/toolchains/nightly-aarch64-apple-darwin/lib/rustlib/riscv32i-unknown-none-elf/lib/libcompiler_builtins-719b0b9267b94cfc.rlib(compiler_builtins-719b0b9267b94cfc.compiler_builtins.62963b759c900435-cgu.199.rcgu.o):(.debug_aranges)
    12b0     12b0        0     1                 $d.5
    12d0     12d0       20     1         /Users/sasamoto-ryoki/.rustup/toolchains/nightly-aarch64-apple-darwin/lib/rustlib/riscv32i-unknown-none-elf/lib/libcompiler_builtins-719b0b9267b94cfc.rlib(compiler_builtins-719b0b9267b94cfc.compiler_builtins.62963b759c900435-cgu.203.rcgu.o):(.debug_aranges)
    12d0     12d0        0     1                 $d.5
    12f0     12f0       20     1         /Users/sasamoto-ryoki/.rustup/toolchains/nightly-aarch64-apple-darwin/lib/rustlib/riscv32i-unknown-none-elf/lib/libcompiler_builtins-719b0b9267b94cfc.rlib(compiler_builtins-719b0b9267b94cfc.compiler_builtins.62963b759c900435-cgu.205.rcgu.o):(.debug_aranges)
    12f0     12f0        0     1                 $d.5
    1310     1310       20     1         /Users/sasamoto-ryoki/.rustup/toolchains/nightly-aarch64-apple-darwin/lib/rustlib/riscv32i-unknown-none-elf/lib/libcompiler_builtins-719b0b9267b94cfc.rlib(compiler_builtins-719b0b9267b94cfc.compiler_builtins.62963b759c900435-cgu.206.rcgu.o):(.debug_aranges)
    1310     1310        0     1                 $d.5
    1330     1330       20     1         /Users/sasamoto-ryoki/.rustup/toolchains/nightly-aarch64-apple-darwin/lib/rustlib/riscv32i-unknown-none-elf/lib/libcompiler_builtins-719b0b9267b94cfc.rlib(compiler_builtins-719b0b9267b94cfc.compiler_builtins.62963b759c900435-cgu.209.rcgu.o):(.debug_aranges)
    1330     1330        0     1                 $d.5
    1350     1350       20     1         /Users/sasamoto-ryoki/.rustup/toolchains/nightly-aarch64-apple-darwin/lib/rustlib/riscv32i-unknown-none-elf/lib/libcompiler_builtins-719b0b9267b94cfc.rlib(compiler_builtins-719b0b9267b94cfc.compiler_builtins.62963b759c900435-cgu.214.rcgu.o):(.debug_aranges)
    1350     1350        0     1                 $d.5
    1370     1370       20     1         /Users/sasamoto-ryoki/.rustup/toolchains/nightly-aarch64-apple-darwin/lib/rustlib/riscv32i-unknown-none-elf/lib/libcompiler_builtins-719b0b9267b94cfc.rlib(compiler_builtins-719b0b9267b94cfc.compiler_builtins.62963b759c900435-cgu.231.rcgu.o):(.debug_aranges)
    1370     1370        0     1                 $d.5
    1390     1390       20     1         /Users/sasamoto-ryoki/.rustup/toolchains/nightly-aarch64-apple-darwin/lib/rustlib/riscv32i-unknown-none-elf/lib/libcompiler_builtins-719b0b9267b94cfc.rlib(compiler_builtins-719b0b9267b94cfc.compiler_builtins.62963b759c900435-cgu.240.rcgu.o):(.debug_aranges)
    1390     1390        0     1                 $d.5
    13b0     13b0       20     1         /Users/sasamoto-ryoki/.rustup/toolchains/nightly-aarch64-apple-darwin/lib/rustlib/riscv32i-unknown-none-elf/lib/libcompiler_builtins-719b0b9267b94cfc.rlib(compiler_builtins-719b0b9267b94cfc.compiler_builtins.62963b759c900435-cgu.242.rcgu.o):(.debug_aranges)
    13b0     13b0        0     1                 $d.5
    13d0     13d0       20     1         /Users/sasamoto-ryoki/.rustup/toolchains/nightly-aarch64-apple-darwin/lib/rustlib/riscv32i-unknown-none-elf/lib/libcompiler_builtins-719b0b9267b94cfc.rlib(compiler_builtins-719b0b9267b94cfc.compiler_builtins.62963b759c900435-cgu.246.rcgu.o):(.debug_aranges)
    13d0     13d0        0     1                 $d.5
    13f0     13f0       20     1         /Users/sasamoto-ryoki/.rustup/toolchains/nightly-aarch64-apple-darwin/lib/rustlib/riscv32i-unknown-none-elf/lib/libcompiler_builtins-719b0b9267b94cfc.rlib(compiler_builtins-719b0b9267b94cfc.compiler_builtins.62963b759c900435-cgu.258.rcgu.o):(.debug_aranges)
    13f0     13f0        0     1                 $d.5
       0        0    3c57d     1 .debug_str
       0        0    3c57d     1         <internal>:(.debug_str)
       0        0       48     1 .comment
       0        0       48     1         <internal>:(.comment)
       0        0       1c     1 .riscv.attributes
       0        0       1c     1         <internal>:(.riscv.attributes)
       0        0      140     4 .debug_frame
       0        0       2c     4         /Users/sasamoto-ryoki/ghq/github.com/Sas-ry/SasaOS/target/riscv32i-unknown-none-elf/debug/deps/SasaOS-34c841ed3cb70076.11ceccbw6rlg5d9msb59tu06p.rcgu.o:(.debug_frame)
       0        0        0     1                 
       0        0        0     1                 $d.7
      2c       2c       28     4         /Users/sasamoto-ryoki/ghq/github.com/Sas-ry/SasaOS/target/riscv32i-unknown-none-elf/debug/deps/SasaOS-34c841ed3cb70076.1r2v4dbhx0x7ocimrbj4ss8oh.rcgu.o:(.debug_frame)
      2c       2c        0     1                 
      2c       2c        0     1                 $d.8
      54       54       94     4         /Users/sasamoto-ryoki/ghq/github.com/Sas-ry/SasaOS/target/riscv32i-unknown-none-elf/debug/deps/SasaOS-34c841ed3cb70076.5j4qxlvfeikpuygizaka2381q.rcgu.o:(.debug_frame)
      54       54        0     1                 
      54       54        0     1                 $d.13
      e8       e8       58     4         /Users/sasamoto-ryoki/ghq/github.com/Sas-ry/SasaOS/target/riscv32i-unknown-none-elf/debug/deps/SasaOS-34c841ed3cb70076.68034wd2t9me5q1hidc0q1ofw.rcgu.o:(.debug_frame)
      e8       e8        0     1                 
      e8       e8        0     1                 $d.10
       0        0    24e96     1 .debug_line
       0        0      16d     1         /Users/sasamoto-ryoki/ghq/github.com/Sas-ry/SasaOS/target/riscv32i-unknown-none-elf/debug/deps/SasaOS-34c841ed3cb70076.11ceccbw6rlg5d9msb59tu06p.rcgu.o:(.debug_line)
       0        0        0     1                 .Lline_table_start0
       0        0        0     1                 $d.8
     16d      16d      112     1         /Users/sasamoto-ryoki/ghq/github.com/Sas-ry/SasaOS/target/riscv32i-unknown-none-elf/debug/deps/SasaOS-34c841ed3cb70076.1r2v4dbhx0x7ocimrbj4ss8oh.rcgu.o:(.debug_line)
     16d      16d        0     1                 .Lline_table_start0
     16d      16d        0     1                 $d.9
     27f      27f      1ac     1         /Users/sasamoto-ryoki/ghq/github.com/Sas-ry/SasaOS/target/riscv32i-unknown-none-elf/debug/deps/SasaOS-34c841ed3cb70076.5j4qxlvfeikpuygizaka2381q.rcgu.o:(.debug_line)
     27f      27f        0     1                 .Lline_table_start0
     27f      27f        0     1                 $d.14
     42b      42b      1ec     1         /Users/sasamoto-ryoki/ghq/github.com/Sas-ry/SasaOS/target/riscv32i-unknown-none-elf/debug/deps/SasaOS-34c841ed3cb70076.68034wd2t9me5q1hidc0q1ofw.rcgu.o:(.debug_line)
     42b      42b        0     1                 .Lline_table_start0
     42b      42b        0     1                 $d.11
     617      617    1f80c     1         /Users/sasamoto-ryoki/.rustup/toolchains/nightly-aarch64-apple-darwin/lib/rustlib/riscv32i-unknown-none-elf/lib/libcore-b0319b1b7638df89.rlib(core-b0319b1b7638df89.core.88d4898e818435ef-cgu.0.rcgu.o):(.debug_line)
     617      617        0     1                 .Lline_table_start0
     617      617        0     1                 $d.997
   1fe23    1fe23       a9     1         /Users/sasamoto-ryoki/.rustup/toolchains/nightly-aarch64-apple-darwin/lib/rustlib/riscv32i-unknown-none-elf/lib/libcompiler_builtins-719b0b9267b94cfc.rlib(compiler_builtins-719b0b9267b94cfc.compiler_builtins.62963b759c900435-cgu.080.rcgu.o):(.debug_line)
   1fe23    1fe23        0     1                 .Lline_table_start0
   1fe23    1fe23        0     1                 $d.10
   1fecc    1fecc       89     1         /Users/sasamoto-ryoki/.rustup/toolchains/nightly-aarch64-apple-darwin/lib/rustlib/riscv32i-unknown-none-elf/lib/libcompiler_builtins-719b0b9267b94cfc.rlib(compiler_builtins-719b0b9267b94cfc.compiler_builtins.62963b759c900435-cgu.081.rcgu.o):(.debug_line)
   1fecc    1fecc        0     1                 .Lline_table_start0
   1fecc    1fecc        0     1                 $d.10
   1ff55    1ff55       a1     1         /Users/sasamoto-ryoki/.rustup/toolchains/nightly-aarch64-apple-darwin/lib/rustlib/riscv32i-unknown-none-elf/lib/libcompiler_builtins-719b0b9267b94cfc.rlib(compiler_builtins-719b0b9267b94cfc.compiler_builtins.62963b759c900435-cgu.108.rcgu.o):(.debug_line)
   1ff55    1ff55        0     1                 .Lline_table_start0
   1ff55    1ff55        0     1                 $d.10
   1ffc7    1ffc7        0     1                 .Lline_table_start1
   1fff6    1fff6      b5b     1         /Users/sasamoto-ryoki/.rustup/toolchains/nightly-aarch64-apple-darwin/lib/rustlib/riscv32i-unknown-none-elf/lib/libcompiler_builtins-719b0b9267b94cfc.rlib(compiler_builtins-719b0b9267b94cfc.compiler_builtins.62963b759c900435-cgu.001.rcgu.o):(.debug_line)
   1fff6    1fff6        0     1                 .Lline_table_start0
   1fff6    1fff6        0     1                 $d.13
   20b51    20b51      270     1         /Users/sasamoto-ryoki/.rustup/toolchains/nightly-aarch64-apple-darwin/lib/rustlib/riscv32i-unknown-none-elf/lib/libcompiler_builtins-719b0b9267b94cfc.rlib(compiler_builtins-719b0b9267b94cfc.compiler_builtins.62963b759c900435-cgu.117.rcgu.o):(.debug_line)
   20b51    20b51        0     1                 .Lline_table_start0
   20b51    20b51        0     1                 $d.11
   20ce4    20ce4        0     1                 .Lline_table_start1
   20dc1    20dc1       9a     1         /Users/sasamoto-ryoki/.rustup/toolchains/nightly-aarch64-apple-darwin/lib/rustlib/riscv32i-unknown-none-elf/lib/libcompiler_builtins-719b0b9267b94cfc.rlib(compiler_builtins-719b0b9267b94cfc.compiler_builtins.62963b759c900435-cgu.125.rcgu.o):(.debug_line)
   20dc1    20dc1        0     1                 .Lline_table_start0
   20dc1    20dc1        0     1                 $d.10
   20e2c    20e2c        0     1                 .Lline_table_start1
   20e5b    20e5b       4a     1         /Users/sasamoto-ryoki/.rustup/toolchains/nightly-aarch64-apple-darwin/lib/rustlib/riscv32i-unknown-none-elf/lib/libcompiler_builtins-719b0b9267b94cfc.rlib(compiler_builtins-719b0b9267b94cfc.compiler_builtins.62963b759c900435-cgu.136.rcgu.o):(.debug_line)
   20e5b    20e5b        0     1                 .Lline_table_start0
   20e5b    20e5b        0     1                 $d.10
   20ea5    20ea5      919     1         /Users/sasamoto-ryoki/.rustup/toolchains/nightly-aarch64-apple-darwin/lib/rustlib/riscv32i-unknown-none-elf/lib/libcompiler_builtins-719b0b9267b94cfc.rlib(compiler_builtins-719b0b9267b94cfc.compiler_builtins.62963b759c900435-cgu.006.rcgu.o):(.debug_line)
   20ea5    20ea5        0     1                 .Lline_table_start0
   20ea5    20ea5        0     1                 $d.12
   21724    21724        0     1                 .Lline_table_start1
   217be    217be      2a3     1         /Users/sasamoto-ryoki/.rustup/toolchains/nightly-aarch64-apple-darwin/lib/rustlib/riscv32i-unknown-none-elf/lib/libcompiler_builtins-719b0b9267b94cfc.rlib(compiler_builtins-719b0b9267b94cfc.compiler_builtins.62963b759c900435-cgu.138.rcgu.o):(.debug_line)
   217be    217be        0     1                 .Lline_table_start0
   217be    217be        0     1                 $d.11
   21984    21984        0     1                 .Lline_table_start1
   21a61    21a61      2a3     1         /Users/sasamoto-ryoki/.rustup/toolchains/nightly-aarch64-apple-darwin/lib/rustlib/riscv32i-unknown-none-elf/lib/libcompiler_builtins-719b0b9267b94cfc.rlib(compiler_builtins-719b0b9267b94cfc.compiler_builtins.62963b759c900435-cgu.139.rcgu.o):(.debug_line)
   21a61    21a61        0     1                 .Lline_table_start0
   21a61    21a61        0     1                 $d.11
   21c27    21c27        0     1                 .Lline_table_start1
   21d04    21d04      1f9     1         /Users/sasamoto-ryoki/.rustup/toolchains/nightly-aarch64-apple-darwin/lib/rustlib/riscv32i-unknown-none-elf/lib/libcompiler_builtins-719b0b9267b94cfc.rlib(compiler_builtins-719b0b9267b94cfc.compiler_builtins.62963b759c900435-cgu.141.rcgu.o):(.debug_line)
   21d04    21d04        0     1                 .Lline_table_start0
   21d04    21d04        0     1                 $d.10
   21e20    21e20        0     1                 .Lline_table_start1
   21efd    21efd      25a     1         /Users/sasamoto-ryoki/.rustup/toolchains/nightly-aarch64-apple-darwin/lib/rustlib/riscv32i-unknown-none-elf/lib/libcompiler_builtins-719b0b9267b94cfc.rlib(compiler_builtins-719b0b9267b94cfc.compiler_builtins.62963b759c900435-cgu.164.rcgu.o):(.debug_line)
   21efd    21efd        0     1                 .Lline_table_start0
   21efd    21efd        0     1                 $d.11
   2207a    2207a        0     1                 .Lline_table_start1
   22157    22157       4a     1         /Users/sasamoto-ryoki/.rustup/toolchains/nightly-aarch64-apple-darwin/lib/rustlib/riscv32i-unknown-none-elf/lib/libcompiler_builtins-719b0b9267b94cfc.rlib(compiler_builtins-719b0b9267b94cfc.compiler_builtins.62963b759c900435-cgu.165.rcgu.o):(.debug_line)
   22157    22157        0     1                 .Lline_table_start0
   22157    22157        0     1                 $d.10
   221a1    221a1      b8a     1         /Users/sasamoto-ryoki/.rustup/toolchains/nightly-aarch64-apple-darwin/lib/rustlib/riscv32i-unknown-none-elf/lib/libcompiler_builtins-719b0b9267b94cfc.rlib(compiler_builtins-719b0b9267b94cfc.compiler_builtins.62963b759c900435-cgu.002.rcgu.o):(.debug_line)
   221a1    221a1        0     1                 .Lline_table_start0
   221a1    221a1        0     1                 $d.12
   22c91    22c91        0     1                 .Lline_table_start1
   22d2b    22d2b       4a     1         /Users/sasamoto-ryoki/.rustup/toolchains/nightly-aarch64-apple-darwin/lib/rustlib/riscv32i-unknown-none-elf/lib/libcompiler_builtins-719b0b9267b94cfc.rlib(compiler_builtins-719b0b9267b94cfc.compiler_builtins.62963b759c900435-cgu.168.rcgu.o):(.debug_line)
   22d2b    22d2b        0     1                 .Lline_table_start0
   22d2b    22d2b        0     1                 $d.10
   22d75    22d75      be2     1         /Users/sasamoto-ryoki/.rustup/toolchains/nightly-aarch64-apple-darwin/lib/rustlib/riscv32i-unknown-none-elf/lib/libcompiler_builtins-719b0b9267b94cfc.rlib(compiler_builtins-719b0b9267b94cfc.compiler_builtins.62963b759c900435-cgu.008.rcgu.o):(.debug_line)
   22d75    22d75        0     1                 .Lline_table_start0
   22d75    22d75        0     1                 $d.25
   23957    23957      2fb     1         /Users/sasamoto-ryoki/.rustup/toolchains/nightly-aarch64-apple-darwin/lib/rustlib/riscv32i-unknown-none-elf/lib/libcompiler_builtins-719b0b9267b94cfc.rlib(compiler_builtins-719b0b9267b94cfc.compiler_builtins.62963b759c900435-cgu.171.rcgu.o):(.debug_line)
   23957    23957        0     1                 .Lline_table_start0
   23957    23957        0     1                 $d.11
   23b75    23b75        0     1                 .Lline_table_start1
   23c52    23c52       a1     1         /Users/sasamoto-ryoki/.rustup/toolchains/nightly-aarch64-apple-darwin/lib/rustlib/riscv32i-unknown-none-elf/lib/libcompiler_builtins-719b0b9267b94cfc.rlib(compiler_builtins-719b0b9267b94cfc.compiler_builtins.62963b759c900435-cgu.177.rcgu.o):(.debug_line)
   23c52    23c52        0     1                 .Lline_table_start0
   23c52    23c52        0     1                 $d.10
   23cc4    23cc4        0     1                 .Lline_table_start1
   23cf3    23cf3      261     1         /Users/sasamoto-ryoki/.rustup/toolchains/nightly-aarch64-apple-darwin/lib/rustlib/riscv32i-unknown-none-elf/lib/libcompiler_builtins-719b0b9267b94cfc.rlib(compiler_builtins-719b0b9267b94cfc.compiler_builtins.62963b759c900435-cgu.182.rcgu.o):(.debug_line)
   23cf3    23cf3        0     1                 .Lline_table_start0
   23cf3    23cf3        0     1                 $d.10
   23e77    23e77        0     1                 .Lline_table_start1
   23f54    23f54       8f     1         /Users/sasamoto-ryoki/.rustup/toolchains/nightly-aarch64-apple-darwin/lib/rustlib/riscv32i-unknown-none-elf/lib/libcompiler_builtins-719b0b9267b94cfc.rlib(compiler_builtins-719b0b9267b94cfc.compiler_builtins.62963b759c900435-cgu.189.rcgu.o):(.debug_line)
   23f54    23f54        0     1                 .Lline_table_start0
   23f54    23f54        0     1                 $d.10
   23fb4    23fb4        0     1                 .Lline_table_start1
   23fe3    23fe3       f9     1         /Users/sasamoto-ryoki/.rustup/toolchains/nightly-aarch64-apple-darwin/lib/rustlib/riscv32i-unknown-none-elf/lib/libcompiler_builtins-719b0b9267b94cfc.rlib(compiler_builtins-719b0b9267b94cfc.compiler_builtins.62963b759c900435-cgu.199.rcgu.o):(.debug_line)
   23fe3    23fe3        0     1                 .Lline_table_start0
   23fe3    23fe3        0     1                 $d.10
   2407e    2407e        0     1                 .Lline_table_start1
   240ad    240ad        0     1                 .Lline_table_start2
   240dc    240dc      21e     1         /Users/sasamoto-ryoki/.rustup/toolchains/nightly-aarch64-apple-darwin/lib/rustlib/riscv32i-unknown-none-elf/lib/libcompiler_builtins-719b0b9267b94cfc.rlib(compiler_builtins-719b0b9267b94cfc.compiler_builtins.62963b759c900435-cgu.203.rcgu.o):(.debug_line)
   240dc    240dc        0     1                 .Lline_table_start0
   240dc    240dc        0     1                 $d.11
   24241    24241        0     1                 .Lline_table_start1
   242cb    242cb        0     1                 .Lline_table_start2
   242fa    242fa       4a     1         /Users/sasamoto-ryoki/.rustup/toolchains/nightly-aarch64-apple-darwin/lib/rustlib/riscv32i-unknown-none-elf/lib/libcompiler_builtins-719b0b9267b94cfc.rlib(compiler_builtins-719b0b9267b94cfc.compiler_builtins.62963b759c900435-cgu.205.rcgu.o):(.debug_line)
   242fa    242fa        0     1                 .Lline_table_start0
   242fa    242fa        0     1                 $d.10
   24344    24344       9a     1         /Users/sasamoto-ryoki/.rustup/toolchains/nightly-aarch64-apple-darwin/lib/rustlib/riscv32i-unknown-none-elf/lib/libcompiler_builtins-719b0b9267b94cfc.rlib(compiler_builtins-719b0b9267b94cfc.compiler_builtins.62963b759c900435-cgu.206.rcgu.o):(.debug_line)
   24344    24344        0     1                 .Lline_table_start0
   24344    24344        0     1                 $d.10
   243af    243af        0     1                 .Lline_table_start1
   243de    243de      2cb     1         /Users/sasamoto-ryoki/.rustup/toolchains/nightly-aarch64-apple-darwin/lib/rustlib/riscv32i-unknown-none-elf/lib/libcompiler_builtins-719b0b9267b94cfc.rlib(compiler_builtins-719b0b9267b94cfc.compiler_builtins.62963b759c900435-cgu.209.rcgu.o):(.debug_line)
   243de    243de        0     1                 .Lline_table_start0
   243de    243de        0     1                 $d.11
   24607    24607        0     1                 .Lline_table_start1
   246a9    246a9      261     1         /Users/sasamoto-ryoki/.rustup/toolchains/nightly-aarch64-apple-darwin/lib/rustlib/riscv32i-unknown-none-elf/lib/libcompiler_builtins-719b0b9267b94cfc.rlib(compiler_builtins-719b0b9267b94cfc.compiler_builtins.62963b759c900435-cgu.214.rcgu.o):(.debug_line)
   246a9    246a9        0     1                 .Lline_table_start0
   246a9    246a9        0     1                 $d.10
   2482d    2482d        0     1                 .Lline_table_start1
   2490a    2490a      1fd     1         /Users/sasamoto-ryoki/.rustup/toolchains/nightly-aarch64-apple-darwin/lib/rustlib/riscv32i-unknown-none-elf/lib/libcompiler_builtins-719b0b9267b94cfc.rlib(compiler_builtins-719b0b9267b94cfc.compiler_builtins.62963b759c900435-cgu.231.rcgu.o):(.debug_line)
   2490a    2490a        0     1                 .Lline_table_start0
   2490a    2490a        0     1                 $d.10
   24a4e    24a4e        0     1                 .Lline_table_start1
   24ad8    24ad8        0     1                 .Lline_table_start2
   24b07    24b07       4a     1         /Users/sasamoto-ryoki/.rustup/toolchains/nightly-aarch64-apple-darwin/lib/rustlib/riscv32i-unknown-none-elf/lib/libcompiler_builtins-719b0b9267b94cfc.rlib(compiler_builtins-719b0b9267b94cfc.compiler_builtins.62963b759c900435-cgu.240.rcgu.o):(.debug_line)
   24b07    24b07        0     1                 .Lline_table_start0
   24b07    24b07        0     1                 $d.10
   24b51    24b51      261     1         /Users/sasamoto-ryoki/.rustup/toolchains/nightly-aarch64-apple-darwin/lib/rustlib/riscv32i-unknown-none-elf/lib/libcompiler_builtins-719b0b9267b94cfc.rlib(compiler_builtins-719b0b9267b94cfc.compiler_builtins.62963b759c900435-cgu.242.rcgu.o):(.debug_line)
   24b51    24b51        0     1                 .Lline_table_start0
   24b51    24b51        0     1                 $d.10
   24cd5    24cd5        0     1                 .Lline_table_start1
   24db2    24db2       9a     1         /Users/sasamoto-ryoki/.rustup/toolchains/nightly-aarch64-apple-darwin/lib/rustlib/riscv32i-unknown-none-elf/lib/libcompiler_builtins-719b0b9267b94cfc.rlib(compiler_builtins-719b0b9267b94cfc.compiler_builtins.62963b759c900435-cgu.246.rcgu.o):(.debug_line)
   24db2    24db2        0     1                 .Lline_table_start0
   24db2    24db2        0     1                 $d.10
   24e1d    24e1d        0     1                 .Lline_table_start1
   24e4c    24e4c       4a     1         /Users/sasamoto-ryoki/.rustup/toolchains/nightly-aarch64-apple-darwin/lib/rustlib/riscv32i-unknown-none-elf/lib/libcompiler_builtins-719b0b9267b94cfc.rlib(compiler_builtins-719b0b9267b94cfc.compiler_builtins.62963b759c900435-cgu.258.rcgu.o):(.debug_line)
   24e4c    24e4c        0     1                 .Lline_table_start0
   24e4c    24e4c        0     1                 $d.10
       0        0     de58     1 .debug_ranges
       0        0       68     1         /Users/sasamoto-ryoki/ghq/github.com/Sas-ry/SasaOS/target/riscv32i-unknown-none-elf/debug/deps/SasaOS-34c841ed3cb70076.5j4qxlvfeikpuygizaka2381q.rcgu.o:(.debug_ranges)
       0        0        0     1                 
       0        0        0     1                 $d.9
      18       18        0     1                 
      30       30        0     1                 
      68       68       20     1         /Users/sasamoto-ryoki/ghq/github.com/Sas-ry/SasaOS/target/riscv32i-unknown-none-elf/debug/deps/SasaOS-34c841ed3cb70076.68034wd2t9me5q1hidc0q1ofw.rcgu.o:(.debug_ranges)
      68       68        0     1                 
      68       68        0     1                 $d.6
      88       88     d7f8     1         /Users/sasamoto-ryoki/.rustup/toolchains/nightly-aarch64-apple-darwin/lib/rustlib/riscv32i-unknown-none-elf/lib/libcore-b0319b1b7638df89.rlib(core-b0319b1b7638df89.core.88d4898e818435ef-cgu.0.rcgu.o):(.debug_ranges)
      88       88        0     1                 
      88       88        0     1                 $d.992
      a0       a0        0     1                 
      b8       b8        0     1                 
      d0       d0        0     1                 
      e8       e8        0     1                 
     100      100        0     1                 
     118      118        0     1                 
     130      130        0     1                 
     148      148        0     1                 
     160      160        0     1                 
     178      178        0     1                 
     190      190        0     1                 
     1a8      1a8        0     1                 
     1c0      1c0        0     1                 
     1d8      1d8        0     1                 
     1f0      1f0        0     1                 
     208      208        0     1                 
     220      220        0     1                 
     238      238        0     1                 
     250      250        0     1                 
     268      268        0     1                 
     280      280        0     1                 
     298      298        0     1                 
     2b0      2b0        0     1                 
     2c8      2c8        0     1                 
     2e0      2e0        0     1                 
     2f8      2f8        0     1                 
     310      310        0     1                 
     328      328        0     1                 
     340      340        0     1                 
     358      358        0     1                 
     370      370        0     1                 
     388      388        0     1                 
     3a0      3a0        0     1                 
     3c8      3c8        0     1                 
     3e0      3e0        0     1                 
     3f8      3f8        0     1                 
     410      410        0     1                 
     430      430        0     1                 
     448      448        0     1                 
     470      470        0     1                 
     498      498        0     1                 
     4b8      4b8        0     1                 
     4d8      4d8        0     1                 
     4f8      4f8        0     1                 
     510      510        0     1                 
     530      530        0     1                 
     550      550        0     1                 
     570      570        0     1                 
     588      588        0     1                 
     5b0      5b0        0     1                 
     5c8      5c8        0     1                 
     5e8      5e8        0     1                 
     608      608        0     1                 
     620      620        0     1                 
     638      638        0     1                 
     650      650        0     1                 
     670      670        0     1                 
     690      690        0     1                 
     6a8      6a8        0     1                 
     6c0      6c0        0     1                 
     6e0      6e0        0     1                 
     700      700        0     1                 
     720      720        0     1                 
     738      738        0     1                 
     750      750        0     1                 
     780      780        0     1                 
     7a0      7a0        0     1                 
     7c0      7c0        0     1                 
     7d8      7d8        0     1                 
     7f0      7f0        0     1                 
     848      848        0     1                 
     860      860        0     1                 
     878      878        0     1                 
     890      890        0     1                 
     8a8      8a8        0     1                 
     8d8      8d8        0     1                 
     900      900        0     1                 
     918      918        0     1                 
     938      938        0     1                 
     950      950        0     1                 
     968      968        0     1                 
     988      988        0     1                 
     9a0      9a0        0     1                 
     9b8      9b8        0     1                 
     9d0      9d0        0     1                 
     9e8      9e8        0     1                 
     a10      a10        0     1                 
     a38      a38        0     1                 
     a50      a50        0     1                 
     a68      a68        0     1                 
     a80      a80        0     1                 
     a98      a98        0     1                 
     ac0      ac0        0     1                 
     ad8      ad8        0     1                 
     b08      b08        0     1                 
     b28      b28        0     1                 
     b48      b48        0     1                 
     b68      b68        0     1                 
     b88      b88        0     1                 
     ba0      ba0        0     1                 
     bb8      bb8        0     1                 
     bd0      bd0        0     1                 
     be8      be8        0     1                 
     c00      c00        0     1                 
     c18      c18        0     1                 
     c30      c30        0     1                 
     c48      c48        0     1                 
     c68      c68        0     1                 
     c88      c88        0     1                 
     ca8      ca8        0     1                 
     cc0      cc0        0     1                 
     cd8      cd8        0     1                 
     cf0      cf0        0     1                 
     d08      d08        0     1                 
     d20      d20        0     1                 
     d38      d38        0     1                 
     d50      d50        0     1                 
     d68      d68        0     1                 
     d88      d88        0     1                 
     da8      da8        0     1                 
     dc8      dc8        0     1                 
     de0      de0        0     1                 
     df8      df8        0     1                 
     e10      e10        0     1                 
     e28      e28        0     1                 
     e40      e40        0     1                 
     e58      e58        0     1                 
     e70      e70        0     1                 
     e88      e88        0     1                 
     eb0      eb0        0     1                 
     ed8      ed8        0     1                 
     f00      f00        0     1                 
     f18      f18        0     1                 
     f30      f30        0     1                 
     f48      f48        0     1                 
     f60      f60        0     1                 
     f78      f78        0     1                 
     f90      f90        0     1                 
     fa8      fa8        0     1                 
     fc0      fc0        0     1                 
     fd8      fd8        0     1                 
     ff0      ff0        0     1                 
    1008     1008        0     1                 
    1020     1020        0     1                 
    1040     1040        0     1                 
    1058     1058        0     1                 
    1070     1070        0     1                 
    1088     1088        0     1                 
    10a0     10a0        0     1                 
    10b8     10b8        0     1                 
    10e0     10e0        0     1                 
    1100     1100        0     1                 
    1130     1130        0     1                 
    1150     1150        0     1                 
    1188     1188        0     1                 
    11a0     11a0        0     1                 
    11b8     11b8        0     1                 
    11d0     11d0        0     1                 
    11e8     11e8        0     1                 
    1200     1200        0     1                 
    1220     1220        0     1                 
    1240     1240        0     1                 
    1258     1258        0     1                 
    1270     1270        0     1                 
    1290     1290        0     1                 
    12b0     12b0        0     1                 
    12c8     12c8        0     1                 
    12e8     12e8        0     1                 
    1308     1308        0     1                 
    1320     1320        0     1                 
    1338     1338        0     1                 
    1350     1350        0     1                 
    1368     1368        0     1                 
    1380     1380        0     1                 
    1398     1398        0     1                 
    13b0     13b0        0     1                 
    13c8     13c8        0     1                 
    13e0     13e0        0     1                 
    13f8     13f8        0     1                 
    1410     1410        0     1                 
    1428     1428        0     1                 
    1440     1440        0     1                 
    1468     1468        0     1                 
    1480     1480        0     1                 
    14a0     14a0        0     1                 
    14b8     14b8        0     1                 
    14d8     14d8        0     1                 
    14f0     14f0        0     1                 
    1508     1508        0     1                 
    1520     1520        0     1                 
    1538     1538        0     1                 
    1550     1550        0     1                 
    1568     1568        0     1                 
    1580     1580        0     1                 
    1598     1598        0     1                 
    15b0     15b0        0     1                 
    15c8     15c8        0     1                 
    15e0     15e0        0     1                 
    15f8     15f8        0     1                 
    1610     1610        0     1                 
    1628     1628        0     1                 
    1640     1640        0     1                 
    1658     1658        0     1                 
    1670     1670        0     1                 
    1688     1688        0     1                 
    16a0     16a0        0     1                 
    16b8     16b8        0     1                 
    16d8     16d8        0     1                 
    16f8     16f8        0     1                 
    1718     1718        0     1                 
    1730     1730        0     1                 
    1748     1748        0     1                 
    1760     1760        0     1                 
    1778     1778        0     1                 
    1790     1790        0     1                 
    17a8     17a8        0     1                 
    17c0     17c0        0     1                 
    17d8     17d8        0     1                 
    1800     1800        0     1                 
    1828     1828        0     1                 
    1850     1850        0     1                 
    1868     1868        0     1                 
    1880     1880        0     1                 
    1898     1898        0     1                 
    18b0     18b0        0     1                 
    18c8     18c8        0     1                 
    18e0     18e0        0     1                 
    18f8     18f8        0     1                 
    1910     1910        0     1                 
    1928     1928        0     1                 
    1940     1940        0     1                 
    1958     1958        0     1                 
    1970     1970        0     1                 
    1990     1990        0     1                 
    19b0     19b0        0     1                 
    19d0     19d0        0     1                 
    19e8     19e8        0     1                 
    1a00     1a00        0     1                 
    1a18     1a18        0     1                 
    1a30     1a30        0     1                 
    1a48     1a48        0     1                 
    1a60     1a60        0     1                 
    1a78     1a78        0     1                 
    1a90     1a90        0     1                 
    1aa8     1aa8        0     1                 
    1ad0     1ad0        0     1                 
    1af0     1af0        0     1                 
    1b10     1b10        0     1                 
    1b28     1b28        0     1                 
    1b48     1b48        0     1                 
    1b68     1b68        0     1                 
    1b88     1b88        0     1                 
    1ba0     1ba0        0     1                 
    1bb8     1bb8        0     1                 
    1bd0     1bd0        0     1                 
    1be8     1be8        0     1                 
    1c10     1c10        0     1                 
    1c40     1c40        0     1                 
    1c60     1c60        0     1                 
    1c80     1c80        0     1                 
    1c98     1c98        0     1                 
    1cb0     1cb0        0     1                 
    1cc8     1cc8        0     1                 
    1ce0     1ce0        0     1                 
    1cf8     1cf8        0     1                 
    1d10     1d10        0     1                 
    1d28     1d28        0     1                 
    1d40     1d40        0     1                 
    1d58     1d58        0     1                 
    1d70     1d70        0     1                 
    1d88     1d88        0     1                 
    1da0     1da0        0     1                 
    1db8     1db8        0     1                 
    1dd0     1dd0        0     1                 
    1df8     1df8        0     1                 
    1e10     1e10        0     1                 
    1e28     1e28        0     1                 
    1e40     1e40        0     1                 
    1e58     1e58        0     1                 
    1e70     1e70        0     1                 
    1e88     1e88        0     1                 
    1ea0     1ea0        0     1                 
    1eb8     1eb8        0     1                 
    1ed0     1ed0        0     1                 
    1ee8     1ee8        0     1                 
    1f08     1f08        0     1                 
    1f20     1f20        0     1                 
    1f38     1f38        0     1                 
    1f50     1f50        0     1                 
    1f68     1f68        0     1                 
    1f80     1f80        0     1                 
    1f98     1f98        0     1                 
    1fb0     1fb0        0     1                 
    1fc8     1fc8        0     1                 
    1fe0     1fe0        0     1                 
    2000     2000        0     1                 
    2018     2018        0     1                 
    2030     2030        0     1                 
    2048     2048        0     1                 
    2060     2060        0     1                 
    2078     2078        0     1                 
    2098     2098        0     1                 
    20b0     20b0        0     1                 
    20c8     20c8        0     1                 
    20e0     20e0        0     1                 
    20f8     20f8        0     1                 
    2110     2110        0     1                 
    2128     2128        0     1                 
    2140     2140        0     1                 
    2158     2158        0     1                 
    2170     2170        0     1                 
    2188     2188        0     1                 
    21a8     21a8        0     1                 
    21c0     21c0        0     1                 
    21d8     21d8        0     1                 
    21f0     21f0        0     1                 
    2210     2210        0     1                 
    2228     2228        0     1                 
    2240     2240        0     1                 
    2258     2258        0     1                 
    2270     2270        0     1                 
    2288     2288        0     1                 
    22a0     22a0        0     1                 
    22b8     22b8        0     1                 
    22d0     22d0        0     1                 
    22e8     22e8        0     1                 
    2300     2300        0     1                 
    2318     2318        0     1                 
    2330     2330        0     1                 
    2348     2348        0     1                 
    2360     2360        0     1                 
    2378     2378        0     1                 
    2390     2390        0     1                 
    23a8     23a8        0     1                 
    23c0     23c0        0     1                 
    23d8     23d8        0     1                 
    23f0     23f0        0     1                 
    2408     2408        0     1                 
    2420     2420        0     1                 
    2440     2440        0     1                 
    2458     2458        0     1                 
    2470     2470        0     1                 
    2488     2488        0     1                 
    24a0     24a0        0     1                 
    24b8     24b8        0     1                 
    24d0     24d0        0     1                 
    24e8     24e8        0     1                 
    2500     2500        0     1                 
    2518     2518        0     1                 
    2530     2530        0     1                 
    2548     2548        0     1                 
    2560     2560        0     1                 
    2580     2580        0     1                 
    2598     2598        0     1                 
    25b0     25b0        0     1                 
    25c8     25c8        0     1                 
    2608     2608        0     1                 
    2648     2648        0     1                 
    2688     2688        0     1                 
    26c8     26c8        0     1                 
    2708     2708        0     1                 
    2720     2720        0     1                 
    2738     2738        0     1                 
    2750     2750        0     1                 
    2768     2768        0     1                 
    2780     2780        0     1                 
    2798     2798        0     1                 
    27b0     27b0        0     1                 
    27d8     27d8        0     1                 
    2800     2800        0     1                 
    2828     2828        0     1                 
    2890     2890        0     1                 
    2900     2900        0     1                 
    2968     2968        0     1                 
    2998     2998        0     1                 
    29c8     29c8        0     1                 
    2a20     2a20        0     1                 
    2a98     2a98        0     1                 
    2ae8     2ae8        0     1                 
    2b48     2b48        0     1                 
    2ba8     2ba8        0     1                 
    2bf8     2bf8        0     1                 
    2c48     2c48        0     1                 
    2c70     2c70        0     1                 
    2c98     2c98        0     1                 
    2cc8     2cc8        0     1                 
    2ce8     2ce8        0     1                 
    2d10     2d10        0     1                 
    2d28     2d28        0     1                 
    2d48     2d48        0     1                 
    2d68     2d68        0     1                 
    2d88     2d88        0     1                 
    2da0     2da0        0     1                 
    2dc8     2dc8        0     1                 
    2df0     2df0        0     1                 
    2e18     2e18        0     1                 
    2e30     2e30        0     1                 
    2e58     2e58        0     1                 
    2e70     2e70        0     1                 
    2e88     2e88        0     1                 
    2eb0     2eb0        0     1                 
    2ed0     2ed0        0     1                 
    2ef0     2ef0        0     1                 
    2f10     2f10        0     1                 
    2f30     2f30        0     1                 
    2f58     2f58        0     1                 
    2f70     2f70        0     1                 
    2f98     2f98        0     1                 
    2fc0     2fc0        0     1                 
    3070     3070        0     1                 
    3118     3118        0     1                 
    31a0     31a0        0     1                 
    3228     3228        0     1                 
    32b0     32b0        0     1                 
    3318     3318        0     1                 
    3380     3380        0     1                 
    33d0     33d0        0     1                 
    3450     3450        0     1                 
    34d0     34d0        0     1                 
    34e8     34e8        0     1                 
    3500     3500        0     1                 
    3518     3518        0     1                 
    3530     3530        0     1                 
    3548     3548        0     1                 
    3560     3560        0     1                 
    3578     3578        0     1                 
    3590     3590        0     1                 
[...]
    ad10     ad10        0     1                 
    ad28     ad28        0     1                 
    ad40     ad40        0     1                 
    ad58     ad58        0     1                 
    ad70     ad70        0     1                 
    ad88     ad88        0     1                 
    ada0     ada0        0     1                 
    adb8     adb8        0     1                 
    add0     add0        0     1                 
    ade8     ade8        0     1                 
    ae00     ae00        0     1                 
    ae18     ae18        0     1                 
    ae30     ae30        0     1                 
    ae48     ae48        0     1                 
    ae60     ae60        0     1                 
    ae80     ae80        0     1                 
    ae98     ae98        0     1                 
    aeb8     aeb8        0     1                 
    aed0     aed0        0     1                 
    aee8     aee8        0     1                 
    af00     af00        0     1                 
    af18     af18        0     1                 
    af38     af38        0     1                 
    af58     af58        0     1                 
    af78     af78        0     1                 
    af90     af90        0     1                 
    afa8     afa8        0     1                 
    afc8     afc8        0     1                 
    afe8     afe8        0     1                 
    b000     b000        0     1                 
    b018     b018        0     1                 
    b030     b030        0     1                 
    b048     b048        0     1                 
    b060     b060        0     1                 
    b078     b078        0     1                 
    b090     b090        0     1                 
    b0a8     b0a8        0     1                 
    b0e8     b0e8        0     1                 
    b128     b128        0     1                 
    b168     b168        0     1                 
    b1a8     b1a8        0     1                 
    b1c8     b1c8        0     1                 
    b210     b210        0     1                 
    b250     b250        0     1                 
    b288     b288        0     1                 
    b2c0     b2c0        0     1                 
    b2e8     b2e8        0     1                 
    b310     b310        0     1                 
    b338     b338        0     1                 
    b360     b360        0     1                 
    b378     b378        0     1                 
    b398     b398        0     1                 
    b3b0     b3b0        0     1                 
    b3c8     b3c8        0     1                 
    b3e0     b3e0        0     1                 
    b3f8     b3f8        0     1                 
    b410     b410        0     1                 
    b428     b428        0     1                 
    b450     b450        0     1                 
    b470     b470        0     1                 
    b490     b490        0     1                 
    b4b0     b4b0        0     1                 
    b4d0     b4d0        0     1                 
    b4e8     b4e8        0     1                 
    b500     b500        0     1                 
    b518     b518        0     1                 
    b530     b530        0     1                 
    b548     b548        0     1                 
    b560     b560        0     1                 
    b578     b578        0     1                 
    b5a0     b5a0        0     1                 
    b5b8     b5b8        0     1                 
    b5d0     b5d0        0     1                 
    b5e8     b5e8        0     1                 
    b600     b600        0     1                 
    b628     b628        0     1                 
    b640     b640        0     1                 
    b658     b658        0     1                 
    b670     b670        0     1                 
    b688     b688        0     1                 
    b6b0     b6b0        0     1                 
    b6d0     b6d0        0     1                 
    b6e8     b6e8        0     1                 
    b700     b700        0     1                 
    b718     b718        0     1                 
    b730     b730        0     1                 
    b768     b768        0     1                 
    b780     b780        0     1                 
    b798     b798        0     1                 
    b7b0     b7b0        0     1                 
    b7c8     b7c8        0     1                 
    b7e0     b7e0        0     1                 
    b7f8     b7f8        0     1                 
    b810     b810        0     1                 
    b830     b830        0     1                 
    b850     b850        0     1                 
    b870     b870        0     1                 
    b890     b890        0     1                 
    b8a8     b8a8        0     1                 
    b8c0     b8c0        0     1                 
    b8d8     b8d8        0     1                 
    b8f0     b8f0        0     1                 
    b908     b908        0     1                 
    b920     b920        0     1                 
    b938     b938        0     1                 
    b950     b950        0     1                 
    b968     b968        0     1                 
    b980     b980        0     1                 
    b998     b998        0     1                 
    b9b0     b9b0        0     1                 
    b9c8     b9c8        0     1                 
    b9e0     b9e0        0     1                 
    b9f8     b9f8        0     1                 
    ba10     ba10        0     1                 
    ba28     ba28        0     1                 
    ba40     ba40        0     1                 
    ba58     ba58        0     1                 
    ba70     ba70        0     1                 
    ba88     ba88        0     1                 
    baa0     baa0        0     1                 
    bab8     bab8        0     1                 
    bad0     bad0        0     1                 
    baf0     baf0        0     1                 
    bb08     bb08        0     1                 
    bb20     bb20        0     1                 
    bb38     bb38        0     1                 
    bb50     bb50        0     1                 
    bb68     bb68        0     1                 
    bb80     bb80        0     1                 
    bb98     bb98        0     1                 
    bbb0     bbb0        0     1                 
    bbd0     bbd0        0     1                 
    bbf0     bbf0        0     1                 
    bc10     bc10        0     1                 
    bc30     bc30        0     1                 
    bc50     bc50        0     1                 
    bc68     bc68        0     1                 
    bc80     bc80        0     1                 
    bca0     bca0        0     1                 
    bcb8     bcb8        0     1                 
    bcd0     bcd0        0     1                 
    bce8     bce8        0     1                 
    bd00     bd00        0     1                 
    bd18     bd18        0     1                 
    bd30     bd30        0     1                 
    bd48     bd48        0     1                 
    bd60     bd60        0     1                 
    bd78     bd78        0     1                 
    bd90     bd90        0     1                 
    bda8     bda8        0     1                 
    bdc0     bdc0        0     1                 
    bdd8     bdd8        0     1                 
    bdf8     bdf8        0     1                 
    be18     be18        0     1                 
    be38     be38        0     1                 
    be50     be50        0     1                 
    be68     be68        0     1                 
    be88     be88        0     1                 
    bea0     bea0        0     1                 
    beb8     beb8        0     1                 
    bed0     bed0        0     1                 
    bee8     bee8        0     1                 
    bf00     bf00        0     1                 
    bf18     bf18        0     1                 
    bf30     bf30        0     1                 
    bf48     bf48        0     1                 
    bf60     bf60        0     1                 
    bf78     bf78        0     1                 
    bf90     bf90        0     1                 
    bfa8     bfa8        0     1                 
    bfc0     bfc0        0     1                 
    bfd8     bfd8        0     1                 
    bff0     bff0        0     1                 
    c010     c010        0     1                 
    c028     c028        0     1                 
    c040     c040        0     1                 
    c058     c058        0     1                 
    c070     c070        0     1                 
    c088     c088        0     1                 
    c0a0     c0a0        0     1                 
    c0b8     c0b8        0     1                 
    c0d0     c0d0        0     1                 
    c0f0     c0f0        0     1                 
    c110     c110        0     1                 
    c130     c130        0     1                 
    c150     c150        0     1                 
    c168     c168        0     1                 
    c180     c180        0     1                 
    c1a8     c1a8        0     1                 
    c1c8     c1c8        0     1                 
    c1f0     c1f0        0     1                 
    c218     c218        0     1                 
    c230     c230        0     1                 
    c248     c248        0     1                 
    c260     c260        0     1                 
    c278     c278        0     1                 
    c290     c290        0     1                 
    c2a8     c2a8        0     1                 
    c2c8     c2c8        0     1                 
    c2e8     c2e8        0     1                 
    c308     c308        0     1                 
    c328     c328        0     1                 
    c348     c348        0     1                 
    c368     c368        0     1                 
    c380     c380        0     1                 
    c398     c398        0     1                 
    c3b0     c3b0        0     1                 
    c3c8     c3c8        0     1                 
    c3e0     c3e0        0     1                 
    c400     c400        0     1                 
    c420     c420        0     1                 
    c438     c438        0     1                 
    c450     c450        0     1                 
    c468     c468        0     1                 
    c480     c480        0     1                 
    c498     c498        0     1                 
    c4b0     c4b0        0     1                 
    c4c8     c4c8        0     1                 
    c4e0     c4e0        0     1                 
    c4f8     c4f8        0     1                 
    c510     c510        0     1                 
    c528     c528        0     1                 
    c548     c548        0     1                 
    c568     c568        0     1                 
    c580     c580        0     1                 
    c598     c598        0     1                 
    c5b0     c5b0        0     1                 
    c5c8     c5c8        0     1                 
    c5e0     c5e0        0     1                 
    c5f8     c5f8        0     1                 
    c610     c610        0     1                 
    c630     c630        0     1                 
    c650     c650        0     1                 
    c668     c668        0     1                 
    c680     c680        0     1                 
    c698     c698        0     1                 
    c6b0     c6b0        0     1                 
    c6c8     c6c8        0     1                 
    c6e0     c6e0        0     1                 
    c6f8     c6f8        0     1                 
    c710     c710        0     1                 
    c730     c730        0     1                 
    c750     c750        0     1                 
    c768     c768        0     1                 
    c780     c780        0     1                 
    c798     c798        0     1                 
    c7b8     c7b8        0     1                 
    c7d8     c7d8        0     1                 
    c7f0     c7f0        0     1                 
    c810     c810        0     1                 
    c830     c830        0     1                 
    c848     c848        0     1                 
    c868     c868        0     1                 
    c888     c888        0     1                 
    c8a0     c8a0        0     1                 
    c8b8     c8b8        0     1                 
    c8d8     c8d8        0     1                 
    c8f8     c8f8        0     1                 
    c918     c918        0     1                 
    c930     c930        0     1                 
    c950     c950        0     1                 
    c970     c970        0     1                 
    c990     c990        0     1                 
    c9a8     c9a8        0     1                 
    d880     d880       58     1         /Users/sasamoto-ryoki/.rustup/toolchains/nightly-aarch64-apple-darwin/lib/rustlib/riscv32i-unknown-none-elf/lib/libcompiler_builtins-719b0b9267b94cfc.rlib(compiler_builtins-719b0b9267b94cfc.compiler_builtins.62963b759c900435-cgu.001.rcgu.o):(.debug_ranges)
    d880     d880        0     1                 
    d880     d880        0     1                 $d.8
    d898     d898        0     1                 
    d8b8     d8b8        0     1                 
    d8d8     d8d8       30     1         /Users/sasamoto-ryoki/.rustup/toolchains/nightly-aarch64-apple-darwin/lib/rustlib/riscv32i-unknown-none-elf/lib/libcompiler_builtins-719b0b9267b94cfc.rlib(compiler_builtins-719b0b9267b94cfc.compiler_builtins.62963b759c900435-cgu.117.rcgu.o):(.debug_ranges)
    d8d8     d8d8        0     1                 
    d8d8     d8d8        0     1                 $d.6
    d8f0     d8f0        0     1                 
    d908     d908       d8     1         /Users/sasamoto-ryoki/.rustup/toolchains/nightly-aarch64-apple-darwin/lib/rustlib/riscv32i-unknown-none-elf/lib/libcompiler_builtins-719b0b9267b94cfc.rlib(compiler_builtins-719b0b9267b94cfc.compiler_builtins.62963b759c900435-cgu.006.rcgu.o):(.debug_ranges)
    d908     d908        0     1                 
    d908     d908        0     1                 $d.7
    d920     d920        0     1                 
    d938     d938        0     1                 
    d950     d950        0     1                 
    d968     d968        0     1                 
    d980     d980        0     1                 
    d998     d998        0     1                 
    d9b0     d9b0        0     1                 
    d9c8     d9c8        0     1                 
    d9e0     d9e0       30     1         /Users/sasamoto-ryoki/.rustup/toolchains/nightly-aarch64-apple-darwin/lib/rustlib/riscv32i-unknown-none-elf/lib/libcompiler_builtins-719b0b9267b94cfc.rlib(compiler_builtins-719b0b9267b94cfc.compiler_builtins.62963b759c900435-cgu.138.rcgu.o):(.debug_ranges)
    d9e0     d9e0        0     1                 
    d9e0     d9e0        0     1                 $d.6
    d9f8     d9f8        0     1                 
    da10     da10       30     1         /Users/sasamoto-ryoki/.rustup/toolchains/nightly-aarch64-apple-darwin/lib/rustlib/riscv32i-unknown-none-elf/lib/libcompiler_builtins-719b0b9267b94cfc.rlib(compiler_builtins-719b0b9267b94cfc.compiler_builtins.62963b759c900435-cgu.139.rcgu.o):(.debug_ranges)
    da10     da10        0     1                 
    da10     da10        0     1                 $d.6
    da28     da28        0     1                 
    da40     da40       30     1         /Users/sasamoto-ryoki/.rustup/toolchains/nightly-aarch64-apple-darwin/lib/rustlib/riscv32i-unknown-none-elf/lib/libcompiler_builtins-719b0b9267b94cfc.rlib(compiler_builtins-719b0b9267b94cfc.compiler_builtins.62963b759c900435-cgu.164.rcgu.o):(.debug_ranges)
    da40     da40        0     1                 
    da40     da40        0     1                 $d.6
    da58     da58        0     1                 
    da70     da70      188     1         /Users/sasamoto-ryoki/.rustup/toolchains/nightly-aarch64-apple-darwin/lib/rustlib/riscv32i-unknown-none-elf/lib/libcompiler_builtins-719b0b9267b94cfc.rlib(compiler_builtins-719b0b9267b94cfc.compiler_builtins.62963b759c900435-cgu.002.rcgu.o):(.debug_ranges)
    da70     da70        0     1                 
    da70     da70        0     1                 $d.7
    da88     da88        0     1                 
    daa0     daa0        0     1                 
    dab8     dab8        0     1                 
    dad8     dad8        0     1                 
    daf8     daf8        0     1                 
    db18     db18        0     1                 
    db38     db38        0     1                 
    db58     db58        0     1                 
    db70     db70        0     1                 
    db88     db88        0     1                 
    dba0     dba0        0     1                 
    dbc8     dbc8        0     1                 
    dbe0     dbe0        0     1                 
    dbf8     dbf8       f8     1         /Users/sasamoto-ryoki/.rustup/toolchains/nightly-aarch64-apple-darwin/lib/rustlib/riscv32i-unknown-none-elf/lib/libcompiler_builtins-719b0b9267b94cfc.rlib(compiler_builtins-719b0b9267b94cfc.compiler_builtins.62963b759c900435-cgu.008.rcgu.o):(.debug_ranges)
    dbf8     dbf8        0     1                 
    dbf8     dbf8        0     1                 $d.20
    dc10     dc10        0     1                 
    dc28     dc28        0     1                 
    dc40     dc40        0     1                 
    dc58     dc58        0     1                 
    dc70     dc70        0     1                 
    dcf0     dcf0       40     1         /Users/sasamoto-ryoki/.rustup/toolchains/nightly-aarch64-apple-darwin/lib/rustlib/riscv32i-unknown-none-elf/lib/libcompiler_builtins-719b0b9267b94cfc.rlib(compiler_builtins-719b0b9267b94cfc.compiler_builtins.62963b759c900435-cgu.171.rcgu.o):(.debug_ranges)
    dcf0     dcf0        0     1                 
    dcf0     dcf0        0     1                 $d.6
    dd10     dd10        0     1                 
    dd30     dd30       30     1         /Users/sasamoto-ryoki/.rustup/toolchains/nightly-aarch64-apple-darwin/lib/rustlib/riscv32i-unknown-none-elf/lib/libcompiler_builtins-719b0b9267b94cfc.rlib(compiler_builtins-719b0b9267b94cfc.compiler_builtins.62963b759c900435-cgu.203.rcgu.o):(.debug_ranges)
    dd30     dd30        0     1                 
    dd30     dd30        0     1                 $d.6
    dd48     dd48        0     1                 
    dd60     dd60       f8     1         /Users/sasamoto-ryoki/.rustup/toolchains/nightly-aarch64-apple-darwin/lib/rustlib/riscv32i-unknown-none-elf/lib/libcompiler_builtins-719b0b9267b94cfc.rlib(compiler_builtins-719b0b9267b94cfc.compiler_builtins.62963b759c900435-cgu.209.rcgu.o):(.debug_ranges)
    dd60     dd60        0     1                 
    dd60     dd60        0     1                 $d.6
    dd78     dd78        0     1                 
    dd90     dd90        0     1                 
    ddc0     ddc0        0     1                 
    ddd8     ddd8        0     1                 
    de00     de00        0     1                 
    de28     de28        0     1                 
    de40     de40        0     1                 
       0        0    195f0     4 .symtab
       0        0    195f0     4         <internal>:(.symtab)
       0        0       a0     1 .shstrtab
       0        0       a0     1         <internal>:(.shstrtab)
       0        0     10ba     1 .strtab
       0        0     10ba     1         <internal>:(.strtab)
